python-sdk/tutorials/automl-with-azureml/forecasting-pipelines/oj-train.csv
WeekStarting,Store,Brand,Quantity,logQuantity,Advert,Price,Age60,COLLEGE,INCOME,Hincome150,Large HH,Minorities,WorkingWoman,SSTRDIST,SSTRVOL,CPDIST5,CPWVOL5
10/4/1990,5,dominicks,4672,8.449342525,0,1.79,0.117368032,0.32122573,10.92237097,0.535883355,0.103091585,0.053875277,0.410568032,3.801997814,0.681818182,1.600573425,0.736306837
10/11/1990,5,dominicks,1088,6.992096427000001,0,2.49,0.117368032,0.32122573,10.92237097,0.535883355,0.103091585,0.053875277,0.410568032,3.801997814,0.681818182,1.600573425,0.736306837
10/18/1990,5,dominicks,69440,11.14821835,1,1.24,0.117368032,0.32122573,10.92237097,0.535883355,0.103091585,0.053875277,0.410568032,3.801997814,0.681818182,1.600573425,0.736306837
10/25/1990,5,dominicks,1280,7.154615357000001,0,1.59,0.117368032,0.32122573,10.92237097,0.535883355,0.103091585,0.053875277,0.410568032,3.801997814,0.681818182,1.600573425,0.736306837
11/1/1990,5,dominicks,35456,10.47604777,1,1.59,0.117368032,0.32122573,10.92237097,0.535883355,0.103091585,0.053875277,0.410568032,3.801997814,0.681818182,1.600573425,0.736306837
11/8/1990,5,dominicks,13824,9.534161491,0,1.29,0.117368032,0.32122573,10.92237097,0.535883355,0.103091585,0.053875277,0.410568032,3.801997814,0.681818182,1.600573425,0.736306837
11/15/1990,5,dominicks,14208,9.561560465,0,0.99,0.117368032,0.32122573,10.92237097,0.535883355,0.103091585,0.053875277,0.410568032,3.801997814,0.681818182,1.600573425,0.736306837
11/22/1990,5,dominicks,29312,10.28575227,1,1.59,0.117368032,0.32122573,10.92237097,0.535883355,0.103091585,0.053875277,0.410568032,3.801997814,0.681818182,1.600573425,0.736306837
11/29/1990,5,dominicks,52992,10.87789624,1,2.49,0.117368032,0.32122573,10.92237097,0.535883355,0.103091585,0.053875277,0.410568032,3.801997814,0.681818182,1.600573425,0.736306837
10/4/1990,5,minute.maid,13952,9.543378146,0,2.99,0.117368032,0.32122573,10.92237097,0.535883355,0.103091585,0.053875277,0.410568032,3.801997814,0.681818182,1.600573425,0.736306837
10/11/1990,5,minute.maid,47680,10.772267300000001,1,1.99,0.117368032,0.32122573,10.92237097,0.535883355,0.103091585,0.053875277,0.410568032,3.801997814,0.681818182,1.600573425,0.736306837
10/18/1990,5,minute.maid,7616,8.938006577000001,0,2.69,0.117368032,0.32122573,10.92237097,0.535883355,0.103091585,0.053875277,0.410568032,3.801997814,0.681818182,1.600573425,0.736306837
10/25/1990,5,minute.maid,8896,9.093357017,0,2.99,0.117368032,0.32122573,10.92237097,0.535883355,0.103091585,0.053875277,0.410568032,3.801997814,0.681818182,1.600573425,0.736306837
11/1/1990,5,minute.maid,28544,10.25920204,1,1.99,0.117368032,0.32122573,10.92237097,0.535883355,0.103091585,0.053875277,0.410568032,3.801997814,0.681818182,1.600573425,0.736306837
11/8/1990,5,minute.maid,5440,8.60153434,0,2.99,0.117368032,0.32122573,10.92237097,0.535883355,0.103091585,0.053875277,0.410568032,3.801997814,0.681818182,1.600573425,0.736306837
11/15/1990,5,minute.maid,52416,10.86696717,1,1.99,0.117368032,0.32122573,10.92237097,0.535883355,0.103091585,0.053875277,0.410568032,3.801997814,0.681818182,1.600573425,0.736306837
11/22/1990,5,minute.maid,11712,9.368369236,0,1.99,0.117368032,0.32122573,10.92237097,0.535883355,0.103091585,0.053875277,0.410568032,3.801997814,0.681818182,1.600573425,0.736306837
11/29/1990,5,minute.maid,13952,9.543378146,0,2.99,0.117368032,0.32122573,10.92237097,0.535883355,0.103091585,0.053875277,0.410568032,3.801997814,0.681818182,1.600573425,0.736306837
10/4/1990,5,tropicana,10624,9.270870872,1,3.29,0.117368032,0.32122573,10.92237097,0.535883355,0.103091585,0.053875277,0.410568032,3.801997814,0.681818182,1.600573425,0.736306837
10/11/1990,5,tropicana,6656,8.803273982999999,0,3.29,0.117368032,0.32122573,10.92237097,0.535883355,0.103091585,0.053875277,0.410568032,3.801997814,0.681818182,1.600573425,0.736306837
10/18/1990,5,tropicana,5184,8.553332238,0,3.51,0.117368032,0.32122573,10.92237097,0.535883355,0.103091585,0.053875277,0.410568032,3.801997814,0.681818182,1.600573425,0.736306837
10/25/1990,5,tropicana,4928,8.502688505,0,3.51,0.117368032,0.32122573,10.92237097,0.535883355,0.103091585,0.053875277,0.410568032,3.801997814,0.681818182,1.600573425,0.736306837
11/1/1990,5,tropicana,5888,8.68067166,0,3.51,0.117368032,0.32122573,10.92237097,0.535883355,0.103091585,0.053875277,0.410568032,3.801997814,0.681818182,1.600573425,0.736306837
11/8/1990,5,tropicana,5312,8.577723691000001,0,3.51,0.117368032,0.32122573,10.92237097,0.535883355,0.103091585,0.053875277,0.410568032,3.801997814,0.681818182,1.600573425,0.736306837
11/15/1990,5,tropicana,9984,9.208739091,0,3.66,0.117368032,0.32122573,10.92237097,0.535883355,0.103091585,0.053875277,0.410568032,3.801997814,0.681818182,1.600573425,0.736306837
11/22/1990,5,tropicana,8448,9.041685006,0,2.99,0.117368032,0.32122573,10.92237097,0.535883355,0.103091585,0.053875277,0.410568032,3.801997814,0.681818182,1.600573425,0.736306837
11/29/1990,5,tropicana,10880,9.29468152,0,2.99,0.117368032,0.32122573,10.92237097,0.535883355,0.103091585,0.053875277,0.410568032,3.801997814,0.681818182,1.600573425,0.736306837
10/4/1990,8,dominicks,13760,9.529521112000001,0,1.79,0.252394035,0.095173274,10.59700966,0.054227156,0.131749698,0.035243328,0.283074736,2.636332801,1.5,2.905384316,0.641015947
10/11/1990,8,dominicks,3136,8.050703382,0,2.29,0.252394035,0.095173274,10.59700966,0.054227156,0.131749698,0.035243328,0.283074736,2.636332801,1.5,2.905384316,0.641015947
10/18/1990,8,dominicks,186176,12.13444774,1,1.14,0.252394035,0.095173274,10.59700966,0.054227156,0.131749698,0.035243328,0.283074736,2.636332801,1.5,2.905384316,0.641015947
10/25/1990,8,dominicks,3712,8.219326094,0,1.59,0.252394035,0.095173274,10.59700966,0.054227156,0.131749698,0.035243328,0.283074736,2.636332801,1.5,2.905384316,0.641015947
11/1/1990,8,dominicks,35776,10.48503256,1,1.59,0.252394035,0.095173274,10.59700966,0.054227156,0.131749698,0.035243328,0.283074736,2.636332801,1.5,2.905384316,0.641015947
11/8/1990,8,dominicks,26880,10.1991378,0,1.29,0.252394035,0.095173274,10.59700966,0.054227156,0.131749698,0.035243328,0.283074736,2.636332801,1.5,2.905384316,0.641015947
11/15/1990,8,dominicks,71680,11.17996705,0,0.99,0.252394035,0.095173274,10.59700966,0.054227156,0.131749698,0.035243328,0.283074736,2.636332801,1.5,2.905384316,0.641015947
11/22/1990,8,dominicks,25088,10.13014492,1,1.59,0.252394035,0.095173274,10.59700966,0.054227156,0.131749698,0.035243328,0.283074736,2.636332801,1.5,2.905384316,0.641015947
11/29/1990,8,dominicks,91456,11.42361326,1,2.29,0.252394035,0.095173274,10.59700966,0.054227156,0.131749698,0.035243328,0.283074736,2.636332801,1.5,2.905384316,0.641015947
10/4/1990,8,minute.maid,12416,9.426741242,0,2.62,0.252394035,0.095173274,10.59700966,0.054227156,0.131749698,0.035243328,0.283074736,2.636332801,1.5,2.905384316,0.641015947
10/11/1990,8,minute.maid,53696,10.89109379,1,1.99,0.252394035,0.095173274,10.59700966,0.054227156,0.131749698,0.035243328,0.283074736,2.636332801,1.5,2.905384316,0.641015947
10/18/1990,8,minute.maid,5696,8.647519453,0,2.51,0.252394035,0.095173274,10.59700966,0.054227156,0.131749698,0.035243328,0.283074736,2.636332801,1.5,2.905384316,0.641015947
10/25/1990,8,minute.maid,4864,8.489616424,0,2.62,0.252394035,0.095173274,10.59700966,0.054227156,0.131749698,0.035243328,0.283074736,2.636332801,1.5,2.905384316,0.641015947
11/1/1990,8,minute.maid,37184,10.52363384,1,1.99,0.252394035,0.095173274,10.59700966,0.054227156,0.131749698,0.035243328,0.283074736,2.636332801,1.5,2.905384316,0.641015947
11/8/1990,8,minute.maid,5504,8.61323038,0,2.62,0.252394035,0.095173274,10.59700966,0.054227156,0.131749698,0.035243328,0.283074736,2.636332801,1.5,2.905384316,0.641015947
11/15/1990,8,minute.maid,51008,10.83973776,1,1.99,0.252394035,0.095173274,10.59700966,0.054227156,0.131749698,0.035243328,0.283074736,2.636332801,1.5,2.905384316,0.641015947
11/22/1990,8,minute.maid,11072,9.312174678,0,1.99,0.252394035,0.095173274,10.59700966,0.054227156,0.131749698,0.035243328,0.283074736,2.636332801,1.5,2.905384316,0.641015947
11/29/1990,8,minute.maid,12160,9.405907156,0,2.62,0.252394035,0.095173274,10.59700966,0.054227156,0.131749698,0.035243328,0.283074736,2.636332801,1.5,2.905384316,0.641015947
10/4/1990,8,tropicana,8448,9.041685006,1,3.19,0.252394035,0.095173274,10.59700966,0.054227156,0.131749698,0.035243328,0.283074736,2.636332801,1.5,2.905384316,0.641015947
10/11/1990,8,tropicana,7424,8.912473275,0,3.19,0.252394035,0.095173274,10.59700966,0.054227156,0.131749698,0.035243328,0.283074736,2.636332801,1.5,2.905384316,0.641015947
10/18/1990,8,tropicana,5824,8.66974259,0,3.04,0.252394035,0.095173274,10.59700966,0.054227156,0.131749698,0.035243328,0.283074736,2.636332801,1.5,2.905384316,0.641015947
10/25/1990,8,tropicana,6656,8.803273982999999,0,3.04,0.252394035,0.095173274,10.59700966,0.054227156,0.131749698,0.035243328,0.283074736,2.636332801,1.5,2.905384316,0.641015947
11/1/1990,8,tropicana,6272,8.743850562,0,3.04,0.252394035,0.095173274,10.59700966,0.054227156,0.131749698,0.035243328,0.283074736,2.636332801,1.5,2.905384316,0.641015947
11/8/1990,8,tropicana,6912,8.841014311,0,3.04,0.252394035,0.095173274,10.59700966,0.054227156,0.131749698,0.035243328,0.283074736,2.636332801,1.5,2.905384316,0.641015947
11/15/1990,8,tropicana,10496,9.258749511,0,3.19,0.252394035,0.095173274,10.59700966,0.054227156,0.131749698,0.035243328,0.283074736,2.636332801,1.5,2.905384316,0.641015947
11/22/1990,8,tropicana,11840,9.379238908,0,2.99,0.252394035,0.095173274,10.59700966,0.054227156,0.131749698,0.035243328,0.283074736,2.636332801,1.5,2.905384316,0.641015947
11/29/1990,8,tropicana,9664,9.17616292,0,2.99,0.252394035,0.095173274,10.59700966,0.054227156,0.131749698,0.035243328,0.283074736,2.636332801,1.5,2.905384316,0.641015947
10/4/1990,9,dominicks,5824,8.66974259,0,1.79,0.269119018,0.222172318,10.78715178,0.505747126,0.096830474,0.032618826000000004,0.358994501,1.103278736,0.666666667,1.8204743369999998,0.441268272
10/11/1990,9,dominicks,576,6.356107661,0,2.29,0.269119018,0.222172318,10.78715178,0.505747126,0.096830474,0.032618826000000004,0.358994501,1.103278736,0.666666667,1.8204743369999998,0.441268272
10/18/1990,9,dominicks,95040,11.46205314,1,1.14,0.269119018,0.222172318,10.78715178,0.505747126,0.096830474,0.032618826000000004,0.358994501,1.103278736,0.666666667,1.8204743369999998,0.441268272
10/25/1990,9,dominicks,704,6.556778356000001,0,1.59,0.269119018,0.222172318,10.78715178,0.505747126,0.096830474,0.032618826000000004,0.358994501,1.103278736,0.666666667,1.8204743369999998,0.441268272
11/1/1990,9,dominicks,15040,9.618468598,1,1.59,0.269119018,0.222172318,10.78715178,0.505747126,0.096830474,0.032618826000000004,0.358994501,1.103278736,0.666666667,1.8204743369999998,0.441268272
11/8/1990,9,dominicks,9408,9.14931567,0,1.29,0.269119018,0.222172318,10.78715178,0.505747126,0.096830474,0.032618826000000004,0.358994501,1.103278736,0.666666667,1.8204743369999998,0.441268272
11/15/1990,9,dominicks,25920,10.16277015,0,0.99,0.269119018,0.222172318,10.78715178,0.505747126,0.096830474,0.032618826000000004,0.358994501,1.103278736,0.666666667,1.8204743369999998,0.441268272
11/22/1990,9,dominicks,14016,9.547954812999999,1,1.59,0.269119018,0.222172318,10.78715178,0.505747126,0.096830474,0.032618826000000004,0.358994501,1.103278736,0.666666667,1.8204743369999998,0.441268272
11/29/1990,9,dominicks,51456,10.84848235,1,2.29,0.269119018,0.222172318,10.78715178,0.505747126,0.096830474,0.032618826000000004,0.358994501,1.103278736,0.666666667,1.8204743369999998,0.441268272
10/4/1990,9,minute.maid,4288,8.363575702999999,0,2.62,0.269119018,0.222172318,10.78715178,0.505747126,0.096830474,0.032618826000000004,0.358994501,1.103278736,0.666666667,1.8204743369999998,0.441268272
10/11/1990,9,minute.maid,50560,10.83091603,1,1.99,0.269119018,0.222172318,10.78715178,0.505747126,0.096830474,0.032618826000000004,0.358994501,1.103278736,0.666666667,1.8204743369999998,0.441268272
10/18/1990,9,minute.maid,3840,8.253227646000001,0,2.55,0.269119018,0.222172318,10.78715178,0.505747126,0.096830474,0.032618826000000004,0.358994501,1.103278736,0.666666667,1.8204743369999998,0.441268272
10/25/1990,9,minute.maid,2752,7.920083199,0,2.62,0.269119018,0.222172318,10.78715178,0.505747126,0.096830474,0.032618826000000004,0.358994501,1.103278736,0.666666667,1.8204743369999998,0.441268272
11/1/1990,9,minute.maid,47616,10.77092412,1,1.99,0.269119018,0.222172318,10.78715178,0.505747126,0.096830474,0.032618826000000004,0.358994501,1.103278736,0.666666667,1.8204743369999998,0.441268272
11/8/1990,9,minute.maid,2816,7.943072717000001,0,2.62,0.269119018,0.222172318,10.78715178,0.505747126,0.096830474,0.032618826000000004,0.358994501,1.103278736,0.666666667,1.8204743369999998,0.441268272
11/15/1990,9,minute.maid,50752,10.83470631,1,1.99,0.269119018,0.222172318,10.78715178,0.505747126,0.096830474,0.032618826000000004,0.358994501,1.103278736,0.666666667,1.8204743369999998,0.441268272
11/22/1990,9,minute.maid,9152,9.121727714,0,1.99,0.269119018,0.222172318,10.78715178,0.505747126,0.096830474,0.032618826000000004,0.358994501,1.103278736,0.666666667,1.8204743369999998,0.441268272
11/29/1990,9,minute.maid,11648,9.36288977,0,2.62,0.269119018,0.222172318,10.78715178,0.505747126,0.096830474,0.032618826000000004,0.358994501,1.103278736,0.666666667,1.8204743369999998,0.441268272
10/4/1990,9,tropicana,9088,9.114710141,1,3.19,0.269119018,0.222172318,10.78715178,0.505747126,0.096830474,0.032618826000000004,0.358994501,1.103278736,0.666666667,1.8204743369999998,0.441268272
10/11/1990,9,tropicana,8640,9.064157862,0,3.19,0.269119018,0.222172318,10.78715178,0.505747126,0.096830474,0.032618826000000004,0.358994501,1.103278736,0.666666667,1.8204743369999998,0.441268272
10/18/1990,9,tropicana,9728,9.182763604,0,3.04,0.269119018,0.222172318,10.78715178,0.505747126,0.096830474,0.032618826000000004,0.358994501,1.103278736,0.666666667,1.8204743369999998,0.441268272
10/25/1990,9,tropicana,8896,9.093357017,0,3.04,0.269119018,0.222172318,10.78715178,0.505747126,0.096830474,0.032618826000000004,0.358994501,1.103278736,0.666666667,1.8204743369999998,0.441268272
11/1/1990,9,tropicana,7872,8.971067439,0,3.04,0.269119018,0.222172318,10.78715178,0.505747126,0.096830474,0.032618826000000004,0.358994501,1.103278736,0.666666667,1.8204743369999998,0.441268272
11/8/1990,9,tropicana,8832,9.086136769,0,3.04,0.269119018,0.222172318,10.78715178,0.505747126,0.096830474,0.032618826000000004,0.358994501,1.103278736,0.666666667,1.8204743369999998,0.441268272
11/15/1990,9,tropicana,13504,9.510741217,0,3.19,0.269119018,0.222172318,10.78715178,0.505747126,0.096830474,0.032618826000000004,0.358994501,1.103278736,0.666666667,1.8204743369999998,0.441268272
11/22/1990,9,tropicana,18944,9.849242538,0,2.99,0.269119018,0.222172318,10.78715178,0.505747126,0.096830474,0.032618826000000004,0.358994501,1.103278736,0.666666667,1.8204743369999998,0.441268272
11/29/1990,9,tropicana,15040,9.618468598,0,2.99,0.269119018,0.222172318,10.78715178,0.505747126,0.096830474,0.032618826000000004,0.358994501,1.103278736,0.666666667,1.8204743369999998,0.441268272
10/4/1990,12,dominicks,6464,8.774003599999999,0,1.79,0.178341405,0.253412969,9.996659082999999,0.38662790700000005,0.057212415999999995,0.380697988,0.39094159700000003,9.198733552,1.111111111,0.83930322,0.10599881
10/11/1990,12,dominicks,896,6.797940412999999,0,2.69,0.178341405,0.253412969,9.996659082999999,0.38662790700000005,0.057212415999999995,0.380697988,0.39094159700000003,9.198733552,1.111111111,0.83930322,0.10599881
10/18/1990,12,dominicks,113088,11.63592156,1,1.24,0.178341405,0.253412969,9.996659082999999,0.38662790700000005,0.057212415999999995,0.380697988,0.39094159700000003,9.198733552,1.111111111,0.83930322,0.10599881
10/25/1990,12,dominicks,1984,7.592870287999999,0,1.59,0.178341405,0.253412969,9.996659082999999,0.38662790700000005,0.057212415999999995,0.380697988,0.39094159700000003,9.198733552,1.111111111,0.83930322,0.10599881
11/1/1990,12,dominicks,52672,10.87183928,1,1.59,0.178341405,0.253412969,9.996659082999999,0.38662790700000005,0.057212415999999995,0.380697988,0.39094159700000003,9.198733552,1.111111111,0.83930322,0.10599881
11/8/1990,12,dominicks,24000,10.08580911,0,1.29,0.178341405,0.253412969,9.996659082999999,0.38662790700000005,0.057212415999999995,0.380697988,0.39094159700000003,9.198733552,1.111111111,0.83930322,0.10599881
11/15/1990,12,dominicks,67008,11.11256729,0,0.99,0.178341405,0.253412969,9.996659082999999,0.38662790700000005,0.057212415999999995,0.380697988,0.39094159700000003,9.198733552,1.111111111,0.83930322,0.10599881
11/22/1990,12,dominicks,45504,10.72555551,1,1.59,0.178341405,0.253412969,9.996659082999999,0.38662790700000005,0.057212415999999995,0.380697988,0.39094159700000003,9.198733552,1.111111111,0.83930322,0.10599881
11/29/1990,12,dominicks,38016,10.545762400000001,1,2.49,0.178341405,0.253412969,9.996659082999999,0.38662790700000005,0.057212415999999995,0.380697988,0.39094159700000003,9.198733552,1.111111111,0.83930322,0.10599881
