python-sdk/tutorials/automl-with-azureml/forecasting-pipelines/oj-train.csv
WeekStarting,Store,Brand,Quantity,logQuantity,Advert,Price,Age60,COLLEGE,INCOME,Hincome150,Large HH,Minorities,WorkingWoman,SSTRDIST,SSTRVOL,CPDIST5,CPWVOL5
10/4/1990,12,minute.maid,9984,9.208739091,0,3.17,0.178341405,0.253412969,9.996659082999999,0.38662790700000005,0.057212415999999995,0.380697988,0.39094159700000003,9.198733552,1.111111111,0.83930322,0.10599881
10/11/1990,12,minute.maid,64640,11.07658869,1,1.99,0.178341405,0.253412969,9.996659082999999,0.38662790700000005,0.057212415999999995,0.380697988,0.39094159700000003,9.198733552,1.111111111,0.83930322,0.10599881
10/18/1990,12,minute.maid,5312,8.577723691000001,0,2.88,0.178341405,0.253412969,9.996659082999999,0.38662790700000005,0.057212415999999995,0.380697988,0.39094159700000003,9.198733552,1.111111111,0.83930322,0.10599881
10/25/1990,12,minute.maid,5440,8.60153434,0,3.17,0.178341405,0.253412969,9.996659082999999,0.38662790700000005,0.057212415999999995,0.380697988,0.39094159700000003,9.198733552,1.111111111,0.83930322,0.10599881
11/1/1990,12,minute.maid,30976,10.34096799,1,1.99,0.178341405,0.253412969,9.996659082999999,0.38662790700000005,0.057212415999999995,0.380697988,0.39094159700000003,9.198733552,1.111111111,0.83930322,0.10599881
11/8/1990,12,minute.maid,4800,8.476371197,0,3.17,0.178341405,0.253412969,9.996659082999999,0.38662790700000005,0.057212415999999995,0.380697988,0.39094159700000003,9.198733552,1.111111111,0.83930322,0.10599881
11/15/1990,12,minute.maid,57600,10.96127785,1,1.99,0.178341405,0.253412969,9.996659082999999,0.38662790700000005,0.057212415999999995,0.380697988,0.39094159700000003,9.198733552,1.111111111,0.83930322,0.10599881
11/22/1990,12,minute.maid,15488,9.64782081,0,1.99,0.178341405,0.253412969,9.996659082999999,0.38662790700000005,0.057212415999999995,0.380697988,0.39094159700000003,9.198733552,1.111111111,0.83930322,0.10599881
11/29/1990,12,minute.maid,18688,9.835636886,0,3.17,0.178341405,0.253412969,9.996659082999999,0.38662790700000005,0.057212415999999995,0.380697988,0.39094159700000003,9.198733552,1.111111111,0.83930322,0.10599881
10/4/1990,12,tropicana,20992,9.951896692,1,2.99,0.178341405,0.253412969,9.996659082999999,0.38662790700000005,0.057212415999999995,0.380697988,0.39094159700000003,9.198733552,1.111111111,0.83930322,0.10599881
10/11/1990,12,tropicana,11648,9.36288977,0,2.99,0.178341405,0.253412969,9.996659082999999,0.38662790700000005,0.057212415999999995,0.380697988,0.39094159700000003,9.198733552,1.111111111,0.83930322,0.10599881
10/18/1990,12,tropicana,13568,9.515469357999999,0,2.99,0.178341405,0.253412969,9.996659082999999,0.38662790700000005,0.057212415999999995,0.380697988,0.39094159700000003,9.198733552,1.111111111,0.83930322,0.10599881
10/25/1990,12,tropicana,6528,8.783855897,0,3.87,0.178341405,0.253412969,9.996659082999999,0.38662790700000005,0.057212415999999995,0.380697988,0.39094159700000003,9.198733552,1.111111111,0.83930322,0.10599881
11/1/1990,12,tropicana,5120,8.540909718,0,3.87,0.178341405,0.253412969,9.996659082999999,0.38662790700000005,0.057212415999999995,0.380697988,0.39094159700000003,9.198733552,1.111111111,0.83930322,0.10599881
11/8/1990,12,tropicana,5632,8.636219898,0,3.87,0.178341405,0.253412969,9.996659082999999,0.38662790700000005,0.057212415999999995,0.380697988,0.39094159700000003,9.198733552,1.111111111,0.83930322,0.10599881
11/15/1990,12,tropicana,5696,8.647519453,0,3.87,0.178341405,0.253412969,9.996659082999999,0.38662790700000005,0.057212415999999995,0.380697988,0.39094159700000003,9.198733552,1.111111111,0.83930322,0.10599881
11/22/1990,12,tropicana,14848,9.605620455,0,2.99,0.178341405,0.253412969,9.996659082999999,0.38662790700000005,0.057212415999999995,0.380697988,0.39094159700000003,9.198733552,1.111111111,0.83930322,0.10599881
11/29/1990,12,tropicana,14592,9.588228712000001,0,2.99,0.178341405,0.253412969,9.996659082999999,0.38662790700000005,0.057212415999999995,0.380697988,0.39094159700000003,9.198733552,1.111111111,0.83930322,0.10599881
10/4/1990,14,dominicks,5632,8.636219898,0,1.79,0.213949275,0.348293024,11.04392933,0.750769908,0.107894294,0.034178744,0.36230574600000004,3.320947571,0.75,2.359891293,0.73181003
10/11/1990,14,dominicks,640,6.461468176,0,2.69,0.213949275,0.348293024,11.04392933,0.750769908,0.107894294,0.034178744,0.36230574600000004,3.320947571,0.75,2.359891293,0.73181003
10/18/1990,14,dominicks,36032,10.49216271,1,1.24,0.213949275,0.348293024,11.04392933,0.750769908,0.107894294,0.034178744,0.36230574600000004,3.320947571,0.75,2.359891293,0.73181003
10/25/1990,14,dominicks,256,5.545177445,0,1.59,0.213949275,0.348293024,11.04392933,0.750769908,0.107894294,0.034178744,0.36230574600000004,3.320947571,0.75,2.359891293,0.73181003
11/1/1990,14,dominicks,9280,9.135616826,1,1.59,0.213949275,0.348293024,11.04392933,0.750769908,0.107894294,0.034178744,0.36230574600000004,3.320947571,0.75,2.359891293,0.73181003
11/8/1990,14,dominicks,11264,9.329367077999999,0,1.29,0.213949275,0.348293024,11.04392933,0.750769908,0.107894294,0.034178744,0.36230574600000004,3.320947571,0.75,2.359891293,0.73181003
11/15/1990,14,dominicks,30272,10.31797847,0,0.99,0.213949275,0.348293024,11.04392933,0.750769908,0.107894294,0.034178744,0.36230574600000004,3.320947571,0.75,2.359891293,0.73181003
11/22/1990,14,dominicks,8000,8.987196821,1,1.59,0.213949275,0.348293024,11.04392933,0.750769908,0.107894294,0.034178744,0.36230574600000004,3.320947571,0.75,2.359891293,0.73181003
11/29/1990,14,dominicks,34304,10.44301724,1,2.49,0.213949275,0.348293024,11.04392933,0.750769908,0.107894294,0.034178744,0.36230574600000004,3.320947571,0.75,2.359891293,0.73181003
10/4/1990,14,minute.maid,10496,9.258749511,0,3.17,0.213949275,0.348293024,11.04392933,0.750769908,0.107894294,0.034178744,0.36230574600000004,3.320947571,0.75,2.359891293,0.73181003
10/11/1990,14,minute.maid,28672,10.26367632,1,1.99,0.213949275,0.348293024,11.04392933,0.750769908,0.107894294,0.034178744,0.36230574600000004,3.320947571,0.75,2.359891293,0.73181003
10/18/1990,14,minute.maid,5760,8.658692754,0,2.87,0.213949275,0.348293024,11.04392933,0.750769908,0.107894294,0.034178744,0.36230574600000004,3.320947571,0.75,2.359891293,0.73181003
10/25/1990,14,minute.maid,3392,8.129174997,0,3.17,0.213949275,0.348293024,11.04392933,0.750769908,0.107894294,0.034178744,0.36230574600000004,3.320947571,0.75,2.359891293,0.73181003
11/1/1990,14,minute.maid,28032,10.24110199,1,1.99,0.213949275,0.348293024,11.04392933,0.750769908,0.107894294,0.034178744,0.36230574600000004,3.320947571,0.75,2.359891293,0.73181003
11/8/1990,14,minute.maid,2624,7.87245515,0,3.17,0.213949275,0.348293024,11.04392933,0.750769908,0.107894294,0.034178744,0.36230574600000004,3.320947571,0.75,2.359891293,0.73181003
11/15/1990,14,minute.maid,29184,10.28137589,1,1.99,0.213949275,0.348293024,11.04392933,0.750769908,0.107894294,0.034178744,0.36230574600000004,3.320947571,0.75,2.359891293,0.73181003
11/22/1990,14,minute.maid,11392,9.340666634,0,1.99,0.213949275,0.348293024,11.04392933,0.750769908,0.107894294,0.034178744,0.36230574600000004,3.320947571,0.75,2.359891293,0.73181003
11/29/1990,14,minute.maid,7488,8.921057017999999,0,3.17,0.213949275,0.348293024,11.04392933,0.750769908,0.107894294,0.034178744,0.36230574600000004,3.320947571,0.75,2.359891293,0.73181003
10/4/1990,14,tropicana,12160,9.405907156,1,3.29,0.213949275,0.348293024,11.04392933,0.750769908,0.107894294,0.034178744,0.36230574600000004,3.320947571,0.75,2.359891293,0.73181003
10/11/1990,14,tropicana,7104,8.868413285,0,3.29,0.213949275,0.348293024,11.04392933,0.750769908,0.107894294,0.034178744,0.36230574600000004,3.320947571,0.75,2.359891293,0.73181003
10/18/1990,14,tropicana,5056,8.528330936,0,3.56,0.213949275,0.348293024,11.04392933,0.750769908,0.107894294,0.034178744,0.36230574600000004,3.320947571,0.75,2.359891293,0.73181003
10/25/1990,14,tropicana,7360,8.903815212,0,3.56,0.213949275,0.348293024,11.04392933,0.750769908,0.107894294,0.034178744,0.36230574600000004,3.320947571,0.75,2.359891293,0.73181003
11/1/1990,14,tropicana,7104,8.868413285,0,3.56,0.213949275,0.348293024,11.04392933,0.750769908,0.107894294,0.034178744,0.36230574600000004,3.320947571,0.75,2.359891293,0.73181003
11/8/1990,14,tropicana,6976,8.850230966,0,3.56,0.213949275,0.348293024,11.04392933,0.750769908,0.107894294,0.034178744,0.36230574600000004,3.320947571,0.75,2.359891293,0.73181003
11/15/1990,14,tropicana,10496,9.258749511,0,3.87,0.213949275,0.348293024,11.04392933,0.750769908,0.107894294,0.034178744,0.36230574600000004,3.320947571,0.75,2.359891293,0.73181003
11/22/1990,14,tropicana,13760,9.529521112000001,0,2.99,0.213949275,0.348293024,11.04392933,0.750769908,0.107894294,0.034178744,0.36230574600000004,3.320947571,0.75,2.359891293,0.73181003
11/29/1990,14,tropicana,11648,9.36288977,0,2.99,0.213949275,0.348293024,11.04392933,0.750769908,0.107894294,0.034178744,0.36230574600000004,3.320947571,0.75,2.359891293,0.73181003
10/4/1990,18,dominicks,15168,9.626943225,0,1.79,0.272313368,0.072246456,10.39197554,0.09335194599999999,0.097937631,0.074417144,0.313907719,1.9803070919999999,0.666666667,1.684315129,0.15422476400000001
10/11/1990,18,dominicks,5056,8.528330936,0,2.29,0.272313368,0.072246456,10.39197554,0.09335194599999999,0.097937631,0.074417144,0.313907719,1.9803070919999999,0.666666667,1.684315129,0.15422476400000001
10/18/1990,18,dominicks,94720,11.45868045,1,1.14,0.272313368,0.072246456,10.39197554,0.09335194599999999,0.097937631,0.074417144,0.313907719,1.9803070919999999,0.666666667,1.684315129,0.15422476400000001
10/25/1990,18,dominicks,3712,8.219326094,0,1.59,0.272313368,0.072246456,10.39197554,0.09335194599999999,0.097937631,0.074417144,0.313907719,1.9803070919999999,0.666666667,1.684315129,0.15422476400000001
11/1/1990,18,dominicks,30464,10.32430094,1,1.59,0.272313368,0.072246456,10.39197554,0.09335194599999999,0.097937631,0.074417144,0.313907719,1.9803070919999999,0.666666667,1.684315129,0.15422476400000001
11/8/1990,18,dominicks,26176,10.17259824,0,1.29,0.272313368,0.072246456,10.39197554,0.09335194599999999,0.097937631,0.074417144,0.313907719,1.9803070919999999,0.666666667,1.684315129,0.15422476400000001
11/15/1990,18,dominicks,35328,10.47243113,0,0.99,0.272313368,0.072246456,10.39197554,0.09335194599999999,0.097937631,0.074417144,0.313907719,1.9803070919999999,0.666666667,1.684315129,0.15422476400000001
11/22/1990,18,dominicks,28864,10.27035042,1,1.59,0.272313368,0.072246456,10.39197554,0.09335194599999999,0.097937631,0.074417144,0.313907719,1.9803070919999999,0.666666667,1.684315129,0.15422476400000001
11/29/1990,18,dominicks,89984,11.40738716,1,2.29,0.272313368,0.072246456,10.39197554,0.09335194599999999,0.097937631,0.074417144,0.313907719,1.9803070919999999,0.666666667,1.684315129,0.15422476400000001
10/4/1990,18,minute.maid,17408,9.76468515,0,2.62,0.272313368,0.072246456,10.39197554,0.09335194599999999,0.097937631,0.074417144,0.313907719,1.9803070919999999,0.666666667,1.684315129,0.15422476400000001
10/11/1990,18,minute.maid,46208,10.74090822,1,1.99,0.272313368,0.072246456,10.39197554,0.09335194599999999,0.097937631,0.074417144,0.313907719,1.9803070919999999,0.666666667,1.684315129,0.15422476400000001
10/18/1990,18,minute.maid,8832,9.086136769,0,2.38,0.272313368,0.072246456,10.39197554,0.09335194599999999,0.097937631,0.074417144,0.313907719,1.9803070919999999,0.666666667,1.684315129,0.15422476400000001
10/25/1990,18,minute.maid,6144,8.723231275,0,2.62,0.272313368,0.072246456,10.39197554,0.09335194599999999,0.097937631,0.074417144,0.313907719,1.9803070919999999,0.666666667,1.684315129,0.15422476400000001
11/1/1990,18,minute.maid,43328,10.67655436,1,1.99,0.272313368,0.072246456,10.39197554,0.09335194599999999,0.097937631,0.074417144,0.313907719,1.9803070919999999,0.666666667,1.684315129,0.15422476400000001
11/8/1990,18,minute.maid,5824,8.66974259,0,2.62,0.272313368,0.072246456,10.39197554,0.09335194599999999,0.097937631,0.074417144,0.313907719,1.9803070919999999,0.666666667,1.684315129,0.15422476400000001
11/15/1990,18,minute.maid,57472,10.95905315,1,1.99,0.272313368,0.072246456,10.39197554,0.09335194599999999,0.097937631,0.074417144,0.313907719,1.9803070919999999,0.666666667,1.684315129,0.15422476400000001
11/22/1990,18,minute.maid,11904,9.384629757,0,1.99,0.272313368,0.072246456,10.39197554,0.09335194599999999,0.097937631,0.074417144,0.313907719,1.9803070919999999,0.666666667,1.684315129,0.15422476400000001
11/29/1990,18,minute.maid,9216,9.128696383,0,2.62,0.272313368,0.072246456,10.39197554,0.09335194599999999,0.097937631,0.074417144,0.313907719,1.9803070919999999,0.666666667,1.684315129,0.15422476400000001
10/4/1990,18,tropicana,11584,9.357380115,1,3.19,0.272313368,0.072246456,10.39197554,0.09335194599999999,0.097937631,0.074417144,0.313907719,1.9803070919999999,0.666666667,1.684315129,0.15422476400000001
10/11/1990,18,tropicana,9280,9.135616826,0,3.19,0.272313368,0.072246456,10.39197554,0.09335194599999999,0.097937631,0.074417144,0.313907719,1.9803070919999999,0.666666667,1.684315129,0.15422476400000001
10/18/1990,18,tropicana,6720,8.812843434,0,3.04,0.272313368,0.072246456,10.39197554,0.09335194599999999,0.097937631,0.074417144,0.313907719,1.9803070919999999,0.666666667,1.684315129,0.15422476400000001
10/25/1990,18,tropicana,9280,9.135616826,0,3.04,0.272313368,0.072246456,10.39197554,0.09335194599999999,0.097937631,0.074417144,0.313907719,1.9803070919999999,0.666666667,1.684315129,0.15422476400000001
11/1/1990,18,tropicana,9984,9.208739091,0,3.04,0.272313368,0.072246456,10.39197554,0.09335194599999999,0.097937631,0.074417144,0.313907719,1.9803070919999999,0.666666667,1.684315129,0.15422476400000001
11/8/1990,18,tropicana,8512,9.049232212,0,3.04,0.272313368,0.072246456,10.39197554,0.09335194599999999,0.097937631,0.074417144,0.313907719,1.9803070919999999,0.666666667,1.684315129,0.15422476400000001
11/15/1990,18,tropicana,11136,9.317938383,0,3.19,0.272313368,0.072246456,10.39197554,0.09335194599999999,0.097937631,0.074417144,0.313907719,1.9803070919999999,0.666666667,1.684315129,0.15422476400000001
11/22/1990,18,tropicana,17408,9.76468515,0,2.99,0.272313368,0.072246456,10.39197554,0.09335194599999999,0.097937631,0.074417144,0.313907719,1.9803070919999999,0.666666667,1.684315129,0.15422476400000001
11/29/1990,18,tropicana,14848,9.605620455,0,2.99,0.272313368,0.072246456,10.39197554,0.09335194599999999,0.097937631,0.074417144,0.313907719,1.9803070919999999,0.666666667,1.684315129,0.15422476400000001
10/4/1990,21,dominicks,8064,8.99516499,0,1.79,0.06689645799999999,0.17750345,10.71619397,0.123485737,0.164179104,0.10503877699999999,0.406070931,0.267524672,1.05,1.953944431,0.602073176
10/11/1990,21,dominicks,1792,7.491087594,0,2.29,0.06689645799999999,0.17750345,10.71619397,0.123485737,0.164179104,0.10503877699999999,0.406070931,0.267524672,1.05,1.953944431,0.602073176
10/18/1990,21,dominicks,73728,11.20813793,1,1.14,0.06689645799999999,0.17750345,10.71619397,0.123485737,0.164179104,0.10503877699999999,0.406070931,0.267524672,1.05,1.953944431,0.602073176
10/25/1990,21,dominicks,896,6.797940412999999,0,1.59,0.06689645799999999,0.17750345,10.71619397,0.123485737,0.164179104,0.10503877699999999,0.406070931,0.267524672,1.05,1.953944431,0.602073176
11/1/1990,21,dominicks,14336,9.570529135,1,1.59,0.06689645799999999,0.17750345,10.71619397,0.123485737,0.164179104,0.10503877699999999,0.406070931,0.267524672,1.05,1.953944431,0.602073176
11/8/1990,21,dominicks,16192,9.692272572,0,1.29,0.06689645799999999,0.17750345,10.71619397,0.123485737,0.164179104,0.10503877699999999,0.406070931,0.267524672,1.05,1.953944431,0.602073176
11/15/1990,21,dominicks,28480,10.25695737,0,0.99,0.06689645799999999,0.17750345,10.71619397,0.123485737,0.164179104,0.10503877699999999,0.406070931,0.267524672,1.05,1.953944431,0.602073176
11/22/1990,21,dominicks,14656,9.592605087,1,1.59,0.06689645799999999,0.17750345,10.71619397,0.123485737,0.164179104,0.10503877699999999,0.406070931,0.267524672,1.05,1.953944431,0.602073176
11/29/1990,21,dominicks,49792,10.81560961,1,2.29,0.06689645799999999,0.17750345,10.71619397,0.123485737,0.164179104,0.10503877699999999,0.406070931,0.267524672,1.05,1.953944431,0.602073176
10/4/1990,21,minute.maid,7232,8.886270902,0,2.62,0.06689645799999999,0.17750345,10.71619397,0.123485737,0.164179104,0.10503877699999999,0.406070931,0.267524672,1.05,1.953944431,0.602073176
10/11/1990,21,minute.maid,28352,10.25245285,1,1.99,0.06689645799999999,0.17750345,10.71619397,0.123485737,0.164179104,0.10503877699999999,0.406070931,0.267524672,1.05,1.953944431,0.602073176
10/18/1990,21,minute.maid,4288,8.363575702999999,0,2.4,0.06689645799999999,0.17750345,10.71619397,0.123485737,0.164179104,0.10503877699999999,0.406070931,0.267524672,1.05,1.953944431,0.602073176
10/25/1990,21,minute.maid,2880,7.965545572999999,0,2.62,0.06689645799999999,0.17750345,10.71619397,0.123485737,0.164179104,0.10503877699999999,0.406070931,0.267524672,1.05,1.953944431,0.602073176
11/1/1990,21,minute.maid,22656,10.02818,1,1.99,0.06689645799999999,0.17750345,10.71619397,0.123485737,0.164179104,0.10503877699999999,0.406070931,0.267524672,1.05,1.953944431,0.602073176
11/8/1990,21,minute.maid,4032,8.30201781,0,2.62,0.06689645799999999,0.17750345,10.71619397,0.123485737,0.164179104,0.10503877699999999,0.406070931,0.267524672,1.05,1.953944431,0.602073176
11/15/1990,21,minute.maid,30592,10.32849382,1,1.99,0.06689645799999999,0.17750345,10.71619397,0.123485737,0.164179104,0.10503877699999999,0.406070931,0.267524672,1.05,1.953944431,0.602073176
11/22/1990,21,minute.maid,12672,9.447150114,0,1.99,0.06689645799999999,0.17750345,10.71619397,0.123485737,0.164179104,0.10503877699999999,0.406070931,0.267524672,1.05,1.953944431,0.602073176
11/29/1990,21,minute.maid,5440,8.60153434,0,2.62,0.06689645799999999,0.17750345,10.71619397,0.123485737,0.164179104,0.10503877699999999,0.406070931,0.267524672,1.05,1.953944431,0.602073176
