python-sdk/tutorials/automl-with-azureml/forecasting-pipelines/oj-train.csv
WeekStarting,Store,Brand,Quantity,logQuantity,Advert,Price,Age60,COLLEGE,INCOME,Hincome150,Large HH,Minorities,WorkingWoman,SSTRDIST,SSTRVOL,CPDIST5,CPWVOL5
10/4/1990,21,tropicana,8064,8.99516499,1,2.99,0.06689645799999999,0.17750345,10.71619397,0.123485737,0.164179104,0.10503877699999999,0.406070931,0.267524672,1.05,1.953944431,0.602073176
10/11/1990,21,tropicana,3072,8.030084094,0,2.99,0.06689645799999999,0.17750345,10.71619397,0.123485737,0.164179104,0.10503877699999999,0.406070931,0.267524672,1.05,1.953944431,0.602073176
10/18/1990,21,tropicana,3584,8.184234774,0,2.99,0.06689645799999999,0.17750345,10.71619397,0.123485737,0.164179104,0.10503877699999999,0.406070931,0.267524672,1.05,1.953944431,0.602073176
10/25/1990,21,tropicana,3328,8.110126802,0,3.19,0.06689645799999999,0.17750345,10.71619397,0.123485737,0.164179104,0.10503877699999999,0.406070931,0.267524672,1.05,1.953944431,0.602073176
11/1/1990,21,tropicana,1920,7.560080465,0,3.19,0.06689645799999999,0.17750345,10.71619397,0.123485737,0.164179104,0.10503877699999999,0.406070931,0.267524672,1.05,1.953944431,0.602073176
11/8/1990,21,tropicana,3392,8.129174997,0,3.19,0.06689645799999999,0.17750345,10.71619397,0.123485737,0.164179104,0.10503877699999999,0.406070931,0.267524672,1.05,1.953944431,0.602073176
11/15/1990,21,tropicana,4032,8.30201781,0,3.19,0.06689645799999999,0.17750345,10.71619397,0.123485737,0.164179104,0.10503877699999999,0.406070931,0.267524672,1.05,1.953944431,0.602073176
11/22/1990,21,tropicana,6016,8.702177866,0,2.99,0.06689645799999999,0.17750345,10.71619397,0.123485737,0.164179104,0.10503877699999999,0.406070931,0.267524672,1.05,1.953944431,0.602073176
11/29/1990,21,tropicana,4416,8.392989587999999,0,2.99,0.06689645799999999,0.17750345,10.71619397,0.123485737,0.164179104,0.10503877699999999,0.406070931,0.267524672,1.05,1.953944431,0.602073176
10/4/1990,28,dominicks,3520,8.166216269,0,1.79,0.213308785,0.233162564,10.79853422,0.445140033,0.103665655,0.055935473,0.38905852399999996,2.9129222869999998,1.727272727,1.8207766859999999,0.8142210009999999
10/11/1990,28,dominicks,1280,7.154615357000001,0,2.49,0.213308785,0.233162564,10.79853422,0.445140033,0.103665655,0.055935473,0.38905852399999996,2.9129222869999998,1.727272727,1.8207766859999999,0.8142210009999999
10/18/1990,28,dominicks,30912,10.33889974,1,1.24,0.213308785,0.233162564,10.79853422,0.445140033,0.103665655,0.055935473,0.38905852399999996,2.9129222869999998,1.727272727,1.8207766859999999,0.8142210009999999
10/25/1990,28,dominicks,1152,7.049254841000001,0,1.59,0.213308785,0.233162564,10.79853422,0.445140033,0.103665655,0.055935473,0.38905852399999996,2.9129222869999998,1.727272727,1.8207766859999999,0.8142210009999999
11/1/1990,28,dominicks,5120,8.540909718,1,1.59,0.213308785,0.233162564,10.79853422,0.445140033,0.103665655,0.055935473,0.38905852399999996,2.9129222869999998,1.727272727,1.8207766859999999,0.8142210009999999
11/8/1990,28,dominicks,6592,8.793612072,0,1.29,0.213308785,0.233162564,10.79853422,0.445140033,0.103665655,0.055935473,0.38905852399999996,2.9129222869999998,1.727272727,1.8207766859999999,0.8142210009999999
11/15/1990,28,dominicks,15616,9.656051309,0,0.99,0.213308785,0.233162564,10.79853422,0.445140033,0.103665655,0.055935473,0.38905852399999996,2.9129222869999998,1.727272727,1.8207766859999999,0.8142210009999999
11/22/1990,28,dominicks,8320,9.026417534,1,1.59,0.213308785,0.233162564,10.79853422,0.445140033,0.103665655,0.055935473,0.38905852399999996,2.9129222869999998,1.727272727,1.8207766859999999,0.8142210009999999
11/29/1990,28,dominicks,30080,10.31161578,1,2.49,0.213308785,0.233162564,10.79853422,0.445140033,0.103665655,0.055935473,0.38905852399999996,2.9129222869999998,1.727272727,1.8207766859999999,0.8142210009999999
10/4/1990,28,minute.maid,5696,8.647519453,0,2.99,0.213308785,0.233162564,10.79853422,0.445140033,0.103665655,0.055935473,0.38905852399999996,2.9129222869999998,1.727272727,1.8207766859999999,0.8142210009999999
10/11/1990,28,minute.maid,19392,9.872615889,1,1.99,0.213308785,0.233162564,10.79853422,0.445140033,0.103665655,0.055935473,0.38905852399999996,2.9129222869999998,1.727272727,1.8207766859999999,0.8142210009999999
10/18/1990,28,minute.maid,3584,8.184234774,0,2.67,0.213308785,0.233162564,10.79853422,0.445140033,0.103665655,0.055935473,0.38905852399999996,2.9129222869999998,1.727272727,1.8207766859999999,0.8142210009999999
10/25/1990,28,minute.maid,2816,7.943072717000001,0,2.99,0.213308785,0.233162564,10.79853422,0.445140033,0.103665655,0.055935473,0.38905852399999996,2.9129222869999998,1.727272727,1.8207766859999999,0.8142210009999999
11/1/1990,28,minute.maid,24000,10.08580911,1,1.99,0.213308785,0.233162564,10.79853422,0.445140033,0.103665655,0.055935473,0.38905852399999996,2.9129222869999998,1.727272727,1.8207766859999999,0.8142210009999999
11/8/1990,28,minute.maid,3136,8.050703382,0,2.99,0.213308785,0.233162564,10.79853422,0.445140033,0.103665655,0.055935473,0.38905852399999996,2.9129222869999998,1.727272727,1.8207766859999999,0.8142210009999999
11/15/1990,28,minute.maid,20544,9.930324207,1,1.99,0.213308785,0.233162564,10.79853422,0.445140033,0.103665655,0.055935473,0.38905852399999996,2.9129222869999998,1.727272727,1.8207766859999999,0.8142210009999999
11/22/1990,28,minute.maid,8384,9.034080407000001,0,1.99,0.213308785,0.233162564,10.79853422,0.445140033,0.103665655,0.055935473,0.38905852399999996,2.9129222869999998,1.727272727,1.8207766859999999,0.8142210009999999
11/29/1990,28,minute.maid,7872,8.971067439,0,2.99,0.213308785,0.233162564,10.79853422,0.445140033,0.103665655,0.055935473,0.38905852399999996,2.9129222869999998,1.727272727,1.8207766859999999,0.8142210009999999
10/4/1990,28,tropicana,6720,8.812843434,1,3.29,0.213308785,0.233162564,10.79853422,0.445140033,0.103665655,0.055935473,0.38905852399999996,2.9129222869999998,1.727272727,1.8207766859999999,0.8142210009999999
10/11/1990,28,tropicana,3456,8.14786713,0,3.29,0.213308785,0.233162564,10.79853422,0.445140033,0.103665655,0.055935473,0.38905852399999996,2.9129222869999998,1.727272727,1.8207766859999999,0.8142210009999999
10/18/1990,28,tropicana,3648,8.201934351,0,3.51,0.213308785,0.233162564,10.79853422,0.445140033,0.103665655,0.055935473,0.38905852399999996,2.9129222869999998,1.727272727,1.8207766859999999,0.8142210009999999
10/25/1990,28,tropicana,4032,8.30201781,0,3.51,0.213308785,0.233162564,10.79853422,0.445140033,0.103665655,0.055935473,0.38905852399999996,2.9129222869999998,1.727272727,1.8207766859999999,0.8142210009999999
11/1/1990,28,tropicana,3200,8.070906089,0,3.51,0.213308785,0.233162564,10.79853422,0.445140033,0.103665655,0.055935473,0.38905852399999996,2.9129222869999998,1.727272727,1.8207766859999999,0.8142210009999999
11/8/1990,28,tropicana,3648,8.201934351,0,3.51,0.213308785,0.233162564,10.79853422,0.445140033,0.103665655,0.055935473,0.38905852399999996,2.9129222869999998,1.727272727,1.8207766859999999,0.8142210009999999
11/15/1990,28,tropicana,4864,8.489616424,0,3.66,0.213308785,0.233162564,10.79853422,0.445140033,0.103665655,0.055935473,0.38905852399999996,2.9129222869999998,1.727272727,1.8207766859999999,0.8142210009999999
11/22/1990,28,tropicana,8128,9.00307017,0,2.99,0.213308785,0.233162564,10.79853422,0.445140033,0.103665655,0.055935473,0.38905852399999996,2.9129222869999998,1.727272727,1.8207766859999999,0.8142210009999999
11/29/1990,28,tropicana,6016,8.702177866,0,2.99,0.213308785,0.233162564,10.79853422,0.445140033,0.103665655,0.055935473,0.38905852399999996,2.9129222869999998,1.727272727,1.8207766859999999,0.8142210009999999
10/4/1990,32,dominicks,10944,9.30054664,0,1.79,0.25495303199999997,0.198259861,10.67447502,0.538346427,0.080251365,0.031938514,0.344152081,6.497971979,0.52173913,3.337253941,0.36565980200000003
10/11/1990,32,dominicks,2304,7.742402022,0,2.69,0.25495303199999997,0.198259861,10.67447502,0.538346427,0.080251365,0.031938514,0.344152081,6.497971979,0.52173913,3.337253941,0.36565980200000003
10/18/1990,32,dominicks,125632,11.74111228,1,1.24,0.25495303199999997,0.198259861,10.67447502,0.538346427,0.080251365,0.031938514,0.344152081,6.497971979,0.52173913,3.337253941,0.36565980200000003
10/25/1990,32,dominicks,2944,7.98752448,0,1.59,0.25495303199999997,0.198259861,10.67447502,0.538346427,0.080251365,0.031938514,0.344152081,6.497971979,0.52173913,3.337253941,0.36565980200000003
11/1/1990,32,dominicks,45248,10.71991375,1,1.59,0.25495303199999997,0.198259861,10.67447502,0.538346427,0.080251365,0.031938514,0.344152081,6.497971979,0.52173913,3.337253941,0.36565980200000003
11/8/1990,32,dominicks,21632,9.981928979,0,1.29,0.25495303199999997,0.198259861,10.67447502,0.538346427,0.080251365,0.031938514,0.344152081,6.497971979,0.52173913,3.337253941,0.36565980200000003
11/15/1990,32,dominicks,43520,10.68097588,0,0.99,0.25495303199999997,0.198259861,10.67447502,0.538346427,0.080251365,0.031938514,0.344152081,6.497971979,0.52173913,3.337253941,0.36565980200000003
11/22/1990,32,dominicks,18624,9.832206351,1,1.59,0.25495303199999997,0.198259861,10.67447502,0.538346427,0.080251365,0.031938514,0.344152081,6.497971979,0.52173913,3.337253941,0.36565980200000003
11/29/1990,32,dominicks,47808,10.77494827,1,2.49,0.25495303199999997,0.198259861,10.67447502,0.538346427,0.080251365,0.031938514,0.344152081,6.497971979,0.52173913,3.337253941,0.36565980200000003
10/4/1990,32,minute.maid,12928,9.467150781,0,3.17,0.25495303199999997,0.198259861,10.67447502,0.538346427,0.080251365,0.031938514,0.344152081,6.497971979,0.52173913,3.337253941,0.36565980200000003
10/11/1990,32,minute.maid,56576,10.94334015,1,1.99,0.25495303199999997,0.198259861,10.67447502,0.538346427,0.080251365,0.031938514,0.344152081,6.497971979,0.52173913,3.337253941,0.36565980200000003
10/18/1990,32,minute.maid,5568,8.624791202,0,2.91,0.25495303199999997,0.198259861,10.67447502,0.538346427,0.080251365,0.031938514,0.344152081,6.497971979,0.52173913,3.337253941,0.36565980200000003
10/25/1990,32,minute.maid,4672,8.449342525,0,3.17,0.25495303199999997,0.198259861,10.67447502,0.538346427,0.080251365,0.031938514,0.344152081,6.497971979,0.52173913,3.337253941,0.36565980200000003
11/1/1990,32,minute.maid,43072,10.67062841,1,1.99,0.25495303199999997,0.198259861,10.67447502,0.538346427,0.080251365,0.031938514,0.344152081,6.497971979,0.52173913,3.337253941,0.36565980200000003
11/8/1990,32,minute.maid,4288,8.363575702999999,0,3.17,0.25495303199999997,0.198259861,10.67447502,0.538346427,0.080251365,0.031938514,0.344152081,6.497971979,0.52173913,3.337253941,0.36565980200000003
11/15/1990,32,minute.maid,56896,10.94898032,1,1.99,0.25495303199999997,0.198259861,10.67447502,0.538346427,0.080251365,0.031938514,0.344152081,6.497971979,0.52173913,3.337253941,0.36565980200000003
11/22/1990,32,minute.maid,18688,9.835636886,0,1.99,0.25495303199999997,0.198259861,10.67447502,0.538346427,0.080251365,0.031938514,0.344152081,6.497971979,0.52173913,3.337253941,0.36565980200000003
11/29/1990,32,minute.maid,11776,9.373818841,0,3.17,0.25495303199999997,0.198259861,10.67447502,0.538346427,0.080251365,0.031938514,0.344152081,6.497971979,0.52173913,3.337253941,0.36565980200000003
10/4/1990,32,tropicana,19648,9.885730831,1,3.29,0.25495303199999997,0.198259861,10.67447502,0.538346427,0.080251365,0.031938514,0.344152081,6.497971979,0.52173913,3.337253941,0.36565980200000003
10/11/1990,32,tropicana,12352,9.421573272,0,3.29,0.25495303199999997,0.198259861,10.67447502,0.538346427,0.080251365,0.031938514,0.344152081,6.497971979,0.52173913,3.337253941,0.36565980200000003
10/18/1990,32,tropicana,7936,8.979164649,0,3.56,0.25495303199999997,0.198259861,10.67447502,0.538346427,0.080251365,0.031938514,0.344152081,6.497971979,0.52173913,3.337253941,0.36565980200000003
10/25/1990,32,tropicana,8896,9.093357017,0,3.56,0.25495303199999997,0.198259861,10.67447502,0.538346427,0.080251365,0.031938514,0.344152081,6.497971979,0.52173913,3.337253941,0.36565980200000003
11/1/1990,32,tropicana,9664,9.17616292,0,3.56,0.25495303199999997,0.198259861,10.67447502,0.538346427,0.080251365,0.031938514,0.344152081,6.497971979,0.52173913,3.337253941,0.36565980200000003
11/8/1990,32,tropicana,10240,9.234056899,0,3.56,0.25495303199999997,0.198259861,10.67447502,0.538346427,0.080251365,0.031938514,0.344152081,6.497971979,0.52173913,3.337253941,0.36565980200000003
11/15/1990,32,tropicana,13888,9.538780437,0,3.87,0.25495303199999997,0.198259861,10.67447502,0.538346427,0.080251365,0.031938514,0.344152081,6.497971979,0.52173913,3.337253941,0.36565980200000003
11/22/1990,32,tropicana,25728,10.15533517,0,2.99,0.25495303199999997,0.198259861,10.67447502,0.538346427,0.080251365,0.031938514,0.344152081,6.497971979,0.52173913,3.337253941,0.36565980200000003
11/29/1990,32,tropicana,18304,9.814874893999999,0,2.99,0.25495303199999997,0.198259861,10.67447502,0.538346427,0.080251365,0.031938514,0.344152081,6.497971979,0.52173913,3.337253941,0.36565980200000003
10/4/1990,33,dominicks,2752,7.920083199,0,1.79,0.134169965,0.419688004,10.34592726,0.862559242,0.013506356,0.130127179,0.47230828799999997,3.1295561989999996,2.416666667,0.8672152609999999,0.752824617
10/11/1990,33,dominicks,1984,7.592870287999999,0,2.69,0.134169965,0.419688004,10.34592726,0.862559242,0.013506356,0.130127179,0.47230828799999997,3.1295561989999996,2.416666667,0.8672152609999999,0.752824617
10/18/1990,33,dominicks,39616,10.58698836,1,1.24,0.134169965,0.419688004,10.34592726,0.862559242,0.013506356,0.130127179,0.47230828799999997,3.1295561989999996,2.416666667,0.8672152609999999,0.752824617
10/25/1990,33,dominicks,2368,7.769800996,0,1.59,0.134169965,0.419688004,10.34592726,0.862559242,0.013506356,0.130127179,0.47230828799999997,3.1295561989999996,2.416666667,0.8672152609999999,0.752824617
11/1/1990,33,dominicks,15424,9.643680017000001,1,1.59,0.134169965,0.419688004,10.34592726,0.862559242,0.013506356,0.130127179,0.47230828799999997,3.1295561989999996,2.416666667,0.8672152609999999,0.752824617
11/8/1990,33,dominicks,21184,9.961001459,0,1.29,0.134169965,0.419688004,10.34592726,0.862559242,0.013506356,0.130127179,0.47230828799999997,3.1295561989999996,2.416666667,0.8672152609999999,0.752824617
11/15/1990,33,dominicks,22592,10.02535114,0,0.99,0.134169965,0.419688004,10.34592726,0.862559242,0.013506356,0.130127179,0.47230828799999997,3.1295561989999996,2.416666667,0.8672152609999999,0.752824617
11/22/1990,33,dominicks,12608,9.442086812000001,1,1.59,0.134169965,0.419688004,10.34592726,0.862559242,0.013506356,0.130127179,0.47230828799999997,3.1295561989999996,2.416666667,0.8672152609999999,0.752824617
11/29/1990,33,dominicks,11264,9.329367077999999,1,2.49,0.134169965,0.419688004,10.34592726,0.862559242,0.013506356,0.130127179,0.47230828799999997,3.1295561989999996,2.416666667,0.8672152609999999,0.752824617
10/4/1990,33,minute.maid,9088,9.114710141,0,3.17,0.134169965,0.419688004,10.34592726,0.862559242,0.013506356,0.130127179,0.47230828799999997,3.1295561989999996,2.416666667,0.8672152609999999,0.752824617
10/11/1990,33,minute.maid,29120,10.279180499999999,1,1.99,0.134169965,0.419688004,10.34592726,0.862559242,0.013506356,0.130127179,0.47230828799999997,3.1295561989999996,2.416666667,0.8672152609999999,0.752824617
10/18/1990,33,minute.maid,6080,8.712759975,0,2.91,0.134169965,0.419688004,10.34592726,0.862559242,0.013506356,0.130127179,0.47230828799999997,3.1295561989999996,2.416666667,0.8672152609999999,0.752824617
10/25/1990,33,minute.maid,3136,8.050703382,0,3.17,0.134169965,0.419688004,10.34592726,0.862559242,0.013506356,0.130127179,0.47230828799999997,3.1295561989999996,2.416666667,0.8672152609999999,0.752824617
11/1/1990,33,minute.maid,25152,10.1326927,1,1.99,0.134169965,0.419688004,10.34592726,0.862559242,0.013506356,0.130127179,0.47230828799999997,3.1295561989999996,2.416666667,0.8672152609999999,0.752824617
11/8/1990,33,minute.maid,3328,8.110126802,0,3.17,0.134169965,0.419688004,10.34592726,0.862559242,0.013506356,0.130127179,0.47230828799999997,3.1295561989999996,2.416666667,0.8672152609999999,0.752824617
11/15/1990,33,minute.maid,21056,9.954940834,1,1.99,0.134169965,0.419688004,10.34592726,0.862559242,0.013506356,0.130127179,0.47230828799999997,3.1295561989999996,2.416666667,0.8672152609999999,0.752824617
11/22/1990,33,minute.maid,3072,8.030084094,0,1.99,0.134169965,0.419688004,10.34592726,0.862559242,0.013506356,0.130127179,0.47230828799999997,3.1295561989999996,2.416666667,0.8672152609999999,0.752824617
11/29/1990,33,minute.maid,10432,9.252633284,0,3.17,0.134169965,0.419688004,10.34592726,0.862559242,0.013506356,0.130127179,0.47230828799999997,3.1295561989999996,2.416666667,0.8672152609999999,0.752824617
