python-sdk/tutorials/automl-with-azureml/forecasting-pipelines/oj-train.csv
WeekStarting,Store,Brand,Quantity,logQuantity,Advert,Price,Age60,COLLEGE,INCOME,Hincome150,Large HH,Minorities,WorkingWoman,SSTRDIST,SSTRVOL,CPDIST5,CPWVOL5
10/4/1990,33,tropicana,13632,9.520175249,1,2.99,0.134169965,0.419688004,10.34592726,0.862559242,0.013506356,0.130127179,0.47230828799999997,3.1295561989999996,2.416666667,0.8672152609999999,0.752824617
10/11/1990,33,tropicana,7616,8.938006577000001,0,2.99,0.134169965,0.419688004,10.34592726,0.862559242,0.013506356,0.130127179,0.47230828799999997,3.1295561989999996,2.416666667,0.8672152609999999,0.752824617
10/18/1990,33,tropicana,7040,8.859363449,0,2.99,0.134169965,0.419688004,10.34592726,0.862559242,0.013506356,0.130127179,0.47230828799999997,3.1295561989999996,2.416666667,0.8672152609999999,0.752824617
10/25/1990,33,tropicana,8448,9.041685006,0,3.87,0.134169965,0.419688004,10.34592726,0.862559242,0.013506356,0.130127179,0.47230828799999997,3.1295561989999996,2.416666667,0.8672152609999999,0.752824617
11/1/1990,33,tropicana,6656,8.803273982999999,0,3.87,0.134169965,0.419688004,10.34592726,0.862559242,0.013506356,0.130127179,0.47230828799999997,3.1295561989999996,2.416666667,0.8672152609999999,0.752824617
11/8/1990,33,tropicana,6336,8.754002933999999,0,3.87,0.134169965,0.419688004,10.34592726,0.862559242,0.013506356,0.130127179,0.47230828799999997,3.1295561989999996,2.416666667,0.8672152609999999,0.752824617
11/15/1990,33,tropicana,9600,9.169518378,0,3.87,0.134169965,0.419688004,10.34592726,0.862559242,0.013506356,0.130127179,0.47230828799999997,3.1295561989999996,2.416666667,0.8672152609999999,0.752824617
11/22/1990,33,tropicana,16256,9.69621735,0,2.99,0.134169965,0.419688004,10.34592726,0.862559242,0.013506356,0.130127179,0.47230828799999997,3.1295561989999996,2.416666667,0.8672152609999999,0.752824617
11/29/1990,33,tropicana,11328,9.335032816,0,2.99,0.134169965,0.419688004,10.34592726,0.862559242,0.013506356,0.130127179,0.47230828799999997,3.1295561989999996,2.416666667,0.8672152609999999,0.752824617
10/4/1990,40,dominicks,13824,9.534161491,0,1.79,0.18185179999999998,0.072128605,10.55025042,0.068989386,0.12681298900000001,0.044053067,0.306107955,1.0863861609999999,0.4,1.28992007,0.444661211
10/11/1990,40,dominicks,10880,9.29468152,0,1.85,0.18185179999999998,0.072128605,10.55025042,0.068989386,0.12681298900000001,0.044053067,0.306107955,1.0863861609999999,0.4,1.28992007,0.444661211
10/18/1990,40,dominicks,151872,11.93079334,1,0.92,0.18185179999999998,0.072128605,10.55025042,0.068989386,0.12681298900000001,0.044053067,0.306107955,1.0863861609999999,0.4,1.28992007,0.444661211
10/25/1990,40,dominicks,9728,9.182763604,0,1.59,0.18185179999999998,0.072128605,10.55025042,0.068989386,0.12681298900000001,0.044053067,0.306107955,1.0863861609999999,0.4,1.28992007,0.444661211
11/1/1990,40,dominicks,41088,10.62347139,1,1.59,0.18185179999999998,0.072128605,10.55025042,0.068989386,0.12681298900000001,0.044053067,0.306107955,1.0863861609999999,0.4,1.28992007,0.444661211
11/8/1990,40,dominicks,73344,11.20291598,0,1.29,0.18185179999999998,0.072128605,10.55025042,0.068989386,0.12681298900000001,0.044053067,0.306107955,1.0863861609999999,0.4,1.28992007,0.444661211
11/15/1990,40,dominicks,38464,10.55747802,0,0.99,0.18185179999999998,0.072128605,10.55025042,0.068989386,0.12681298900000001,0.044053067,0.306107955,1.0863861609999999,0.4,1.28992007,0.444661211
11/22/1990,40,dominicks,34240,10.44114983,1,1.59,0.18185179999999998,0.072128605,10.55025042,0.068989386,0.12681298900000001,0.044053067,0.306107955,1.0863861609999999,0.4,1.28992007,0.444661211
11/29/1990,40,dominicks,84608,11.3457841,1,1.85,0.18185179999999998,0.072128605,10.55025042,0.068989386,0.12681298900000001,0.044053067,0.306107955,1.0863861609999999,0.4,1.28992007,0.444661211
10/4/1990,40,minute.maid,6400,8.764053269,0,2.62,0.18185179999999998,0.072128605,10.55025042,0.068989386,0.12681298900000001,0.044053067,0.306107955,1.0863861609999999,0.4,1.28992007,0.444661211
10/11/1990,40,minute.maid,31296,10.35124557,1,1.99,0.18185179999999998,0.072128605,10.55025042,0.068989386,0.12681298900000001,0.044053067,0.306107955,1.0863861609999999,0.4,1.28992007,0.444661211
10/18/1990,40,minute.maid,6208,8.733594062,0,2.3,0.18185179999999998,0.072128605,10.55025042,0.068989386,0.12681298900000001,0.044053067,0.306107955,1.0863861609999999,0.4,1.28992007,0.444661211
10/25/1990,40,minute.maid,2048,7.624618986000001,0,2.62,0.18185179999999998,0.072128605,10.55025042,0.068989386,0.12681298900000001,0.044053067,0.306107955,1.0863861609999999,0.4,1.28992007,0.444661211
11/1/1990,40,minute.maid,22336,10.01395501,1,1.99,0.18185179999999998,0.072128605,10.55025042,0.068989386,0.12681298900000001,0.044053067,0.306107955,1.0863861609999999,0.4,1.28992007,0.444661211
11/8/1990,40,minute.maid,2496,7.82244473,0,2.62,0.18185179999999998,0.072128605,10.55025042,0.068989386,0.12681298900000001,0.044053067,0.306107955,1.0863861609999999,0.4,1.28992007,0.444661211
11/15/1990,40,minute.maid,38144,10.54912375,1,1.99,0.18185179999999998,0.072128605,10.55025042,0.068989386,0.12681298900000001,0.044053067,0.306107955,1.0863861609999999,0.4,1.28992007,0.444661211
11/22/1990,40,minute.maid,9024,9.107642974,0,1.99,0.18185179999999998,0.072128605,10.55025042,0.068989386,0.12681298900000001,0.044053067,0.306107955,1.0863861609999999,0.4,1.28992007,0.444661211
11/29/1990,40,minute.maid,6272,8.743850562,0,2.62,0.18185179999999998,0.072128605,10.55025042,0.068989386,0.12681298900000001,0.044053067,0.306107955,1.0863861609999999,0.4,1.28992007,0.444661211
10/4/1990,40,tropicana,6016,8.702177866,1,2.67,0.18185179999999998,0.072128605,10.55025042,0.068989386,0.12681298900000001,0.044053067,0.306107955,1.0863861609999999,0.4,1.28992007,0.444661211
10/11/1990,40,tropicana,6208,8.733594062,0,2.67,0.18185179999999998,0.072128605,10.55025042,0.068989386,0.12681298900000001,0.044053067,0.306107955,1.0863861609999999,0.4,1.28992007,0.444661211
10/18/1990,40,tropicana,4544,8.42156296,0,2.66,0.18185179999999998,0.072128605,10.55025042,0.068989386,0.12681298900000001,0.044053067,0.306107955,1.0863861609999999,0.4,1.28992007,0.444661211
10/25/1990,40,tropicana,5632,8.636219898,0,2.66,0.18185179999999998,0.072128605,10.55025042,0.068989386,0.12681298900000001,0.044053067,0.306107955,1.0863861609999999,0.4,1.28992007,0.444661211
11/1/1990,40,tropicana,6144,8.723231275,0,2.68,0.18185179999999998,0.072128605,10.55025042,0.068989386,0.12681298900000001,0.044053067,0.306107955,1.0863861609999999,0.4,1.28992007,0.444661211
11/8/1990,40,tropicana,6016,8.702177866,0,2.66,0.18185179999999998,0.072128605,10.55025042,0.068989386,0.12681298900000001,0.044053067,0.306107955,1.0863861609999999,0.4,1.28992007,0.444661211
11/15/1990,40,tropicana,7360,8.903815212,0,2.67,0.18185179999999998,0.072128605,10.55025042,0.068989386,0.12681298900000001,0.044053067,0.306107955,1.0863861609999999,0.4,1.28992007,0.444661211
11/22/1990,40,tropicana,5888,8.68067166,0,2.67,0.18185179999999998,0.072128605,10.55025042,0.068989386,0.12681298900000001,0.044053067,0.306107955,1.0863861609999999,0.4,1.28992007,0.444661211
11/29/1990,40,tropicana,6528,8.783855897,0,2.59,0.18185179999999998,0.072128605,10.55025042,0.068989386,0.12681298900000001,0.044053067,0.306107955,1.0863861609999999,0.4,1.28992007,0.444661211
10/4/1990,44,dominicks,7232,8.886270902,0,1.79,0.19098277600000002,0.329738388,10.86915875,0.64268521,0.116388096,0.037632074,0.340794382,6.134798707000001,0.615384615,1.64310311,0.539190205
10/11/1990,44,dominicks,1152,7.049254841000001,0,2.49,0.19098277600000002,0.329738388,10.86915875,0.64268521,0.116388096,0.037632074,0.340794382,6.134798707000001,0.615384615,1.64310311,0.539190205
10/18/1990,44,dominicks,65536,11.09035489,1,1.24,0.19098277600000002,0.329738388,10.86915875,0.64268521,0.116388096,0.037632074,0.340794382,6.134798707000001,0.615384615,1.64310311,0.539190205
10/25/1990,44,dominicks,1024,6.931471806,0,1.59,0.19098277600000002,0.329738388,10.86915875,0.64268521,0.116388096,0.037632074,0.340794382,6.134798707000001,0.615384615,1.64310311,0.539190205
11/1/1990,44,dominicks,23872,10.0804615,1,1.59,0.19098277600000002,0.329738388,10.86915875,0.64268521,0.116388096,0.037632074,0.340794382,6.134798707000001,0.615384615,1.64310311,0.539190205
11/8/1990,44,dominicks,43328,10.67655436,0,1.29,0.19098277600000002,0.329738388,10.86915875,0.64268521,0.116388096,0.037632074,0.340794382,6.134798707000001,0.615384615,1.64310311,0.539190205
11/15/1990,44,dominicks,59648,10.9962159,0,0.99,0.19098277600000002,0.329738388,10.86915875,0.64268521,0.116388096,0.037632074,0.340794382,6.134798707000001,0.615384615,1.64310311,0.539190205
11/22/1990,44,dominicks,16320,9.700146628999999,1,1.59,0.19098277600000002,0.329738388,10.86915875,0.64268521,0.116388096,0.037632074,0.340794382,6.134798707000001,0.615384615,1.64310311,0.539190205
10/4/1990,44,minute.maid,9152,9.121727714,0,2.99,0.19098277600000002,0.329738388,10.86915875,0.64268521,0.116388096,0.037632074,0.340794382,6.134798707000001,0.615384615,1.64310311,0.539190205
10/11/1990,44,minute.maid,42944,10.66765222,1,1.99,0.19098277600000002,0.329738388,10.86915875,0.64268521,0.116388096,0.037632074,0.340794382,6.134798707000001,0.615384615,1.64310311,0.539190205
10/18/1990,44,minute.maid,4032,8.30201781,0,2.87,0.19098277600000002,0.329738388,10.86915875,0.64268521,0.116388096,0.037632074,0.340794382,6.134798707000001,0.615384615,1.64310311,0.539190205
10/25/1990,44,minute.maid,4032,8.30201781,0,2.99,0.19098277600000002,0.329738388,10.86915875,0.64268521,0.116388096,0.037632074,0.340794382,6.134798707000001,0.615384615,1.64310311,0.539190205
11/1/1990,44,minute.maid,36800,10.51325312,1,1.99,0.19098277600000002,0.329738388,10.86915875,0.64268521,0.116388096,0.037632074,0.340794382,6.134798707000001,0.615384615,1.64310311,0.539190205
11/8/1990,44,minute.maid,4224,8.348537825,0,2.99,0.19098277600000002,0.329738388,10.86915875,0.64268521,0.116388096,0.037632074,0.340794382,6.134798707000001,0.615384615,1.64310311,0.539190205
11/15/1990,44,minute.maid,25600,10.15034763,1,1.99,0.19098277600000002,0.329738388,10.86915875,0.64268521,0.116388096,0.037632074,0.340794382,6.134798707000001,0.615384615,1.64310311,0.539190205
11/22/1990,44,minute.maid,10176,9.227787286,0,1.99,0.19098277600000002,0.329738388,10.86915875,0.64268521,0.116388096,0.037632074,0.340794382,6.134798707000001,0.615384615,1.64310311,0.539190205
10/4/1990,44,tropicana,14208,9.561560465,1,3.29,0.19098277600000002,0.329738388,10.86915875,0.64268521,0.116388096,0.037632074,0.340794382,6.134798707000001,0.615384615,1.64310311,0.539190205
10/11/1990,44,tropicana,7616,8.938006577000001,0,3.29,0.19098277600000002,0.329738388,10.86915875,0.64268521,0.116388096,0.037632074,0.340794382,6.134798707000001,0.615384615,1.64310311,0.539190205
10/18/1990,44,tropicana,5632,8.636219898,0,3.51,0.19098277600000002,0.329738388,10.86915875,0.64268521,0.116388096,0.037632074,0.340794382,6.134798707000001,0.615384615,1.64310311,0.539190205
10/25/1990,44,tropicana,6592,8.793612072,0,3.51,0.19098277600000002,0.329738388,10.86915875,0.64268521,0.116388096,0.037632074,0.340794382,6.134798707000001,0.615384615,1.64310311,0.539190205
11/1/1990,44,tropicana,7680,8.946374826,0,3.51,0.19098277600000002,0.329738388,10.86915875,0.64268521,0.116388096,0.037632074,0.340794382,6.134798707000001,0.615384615,1.64310311,0.539190205
11/8/1990,44,tropicana,6720,8.812843434,0,3.51,0.19098277600000002,0.329738388,10.86915875,0.64268521,0.116388096,0.037632074,0.340794382,6.134798707000001,0.615384615,1.64310311,0.539190205
11/15/1990,44,tropicana,10432,9.252633284,0,3.66,0.19098277600000002,0.329738388,10.86915875,0.64268521,0.116388096,0.037632074,0.340794382,6.134798707000001,0.615384615,1.64310311,0.539190205
11/22/1990,44,tropicana,13824,9.534161491,0,2.99,0.19098277600000002,0.329738388,10.86915875,0.64268521,0.116388096,0.037632074,0.340794382,6.134798707000001,0.615384615,1.64310311,0.539190205
10/4/1990,45,dominicks,9728,9.182763604,0,1.79,0.128857348,0.280150164,10.74537796,0.342017119,0.083717204,0.087233873,0.464112624,3.1588165960000003,1.25,2.8918906310000003,0.887524737
10/11/1990,45,dominicks,2496,7.82244473,0,2.29,0.128857348,0.280150164,10.74537796,0.342017119,0.083717204,0.087233873,0.464112624,3.1588165960000003,1.25,2.8918906310000003,0.887524737
10/18/1990,45,dominicks,46912,10.75602879,1,1.14,0.128857348,0.280150164,10.74537796,0.342017119,0.083717204,0.087233873,0.464112624,3.1588165960000003,1.25,2.8918906310000003,0.887524737
10/25/1990,45,dominicks,1728,7.454719948999999,0,1.59,0.128857348,0.280150164,10.74537796,0.342017119,0.083717204,0.087233873,0.464112624,3.1588165960000003,1.25,2.8918906310000003,0.887524737
11/1/1990,45,dominicks,16960,9.738612909,1,1.59,0.128857348,0.280150164,10.74537796,0.342017119,0.083717204,0.087233873,0.464112624,3.1588165960000003,1.25,2.8918906310000003,0.887524737
11/8/1990,45,dominicks,17984,9.797237753,0,1.29,0.128857348,0.280150164,10.74537796,0.342017119,0.083717204,0.087233873,0.464112624,3.1588165960000003,1.25,2.8918906310000003,0.887524737
11/15/1990,45,dominicks,28160,10.24565781,0,0.99,0.128857348,0.280150164,10.74537796,0.342017119,0.083717204,0.087233873,0.464112624,3.1588165960000003,1.25,2.8918906310000003,0.887524737
11/22/1990,45,dominicks,18176,9.807857322,1,1.59,0.128857348,0.280150164,10.74537796,0.342017119,0.083717204,0.087233873,0.464112624,3.1588165960000003,1.25,2.8918906310000003,0.887524737
11/29/1990,45,dominicks,33600,10.42228135,1,2.29,0.128857348,0.280150164,10.74537796,0.342017119,0.083717204,0.087233873,0.464112624,3.1588165960000003,1.25,2.8918906310000003,0.887524737
10/4/1990,45,minute.maid,4928,8.502688505,0,2.62,0.128857348,0.280150164,10.74537796,0.342017119,0.083717204,0.087233873,0.464112624,3.1588165960000003,1.25,2.8918906310000003,0.887524737
10/11/1990,45,minute.maid,17984,9.797237753,1,1.99,0.128857348,0.280150164,10.74537796,0.342017119,0.083717204,0.087233873,0.464112624,3.1588165960000003,1.25,2.8918906310000003,0.887524737
10/18/1990,45,minute.maid,4288,8.363575702999999,0,2.36,0.128857348,0.280150164,10.74537796,0.342017119,0.083717204,0.087233873,0.464112624,3.1588165960000003,1.25,2.8918906310000003,0.887524737
10/25/1990,45,minute.maid,3200,8.070906089,0,2.62,0.128857348,0.280150164,10.74537796,0.342017119,0.083717204,0.087233873,0.464112624,3.1588165960000003,1.25,2.8918906310000003,0.887524737
11/1/1990,45,minute.maid,17088,9.746131742000001,1,1.99,0.128857348,0.280150164,10.74537796,0.342017119,0.083717204,0.087233873,0.464112624,3.1588165960000003,1.25,2.8918906310000003,0.887524737
11/8/1990,45,minute.maid,2624,7.87245515,0,2.62,0.128857348,0.280150164,10.74537796,0.342017119,0.083717204,0.087233873,0.464112624,3.1588165960000003,1.25,2.8918906310000003,0.887524737
11/15/1990,45,minute.maid,13760,9.529521112000001,1,1.99,0.128857348,0.280150164,10.74537796,0.342017119,0.083717204,0.087233873,0.464112624,3.1588165960000003,1.25,2.8918906310000003,0.887524737
11/22/1990,45,minute.maid,5184,8.553332238,0,1.99,0.128857348,0.280150164,10.74537796,0.342017119,0.083717204,0.087233873,0.464112624,3.1588165960000003,1.25,2.8918906310000003,0.887524737
11/29/1990,45,minute.maid,5952,8.691482577,0,2.62,0.128857348,0.280150164,10.74537796,0.342017119,0.083717204,0.087233873,0.464112624,3.1588165960000003,1.25,2.8918906310000003,0.887524737
10/4/1990,45,tropicana,9088,9.114710141,1,2.99,0.128857348,0.280150164,10.74537796,0.342017119,0.083717204,0.087233873,0.464112624,3.1588165960000003,1.25,2.8918906310000003,0.887524737
10/11/1990,45,tropicana,6336,8.754002933999999,0,2.99,0.128857348,0.280150164,10.74537796,0.342017119,0.083717204,0.087233873,0.464112624,3.1588165960000003,1.25,2.8918906310000003,0.887524737
10/18/1990,45,tropicana,6336,8.754002933999999,0,2.99,0.128857348,0.280150164,10.74537796,0.342017119,0.083717204,0.087233873,0.464112624,3.1588165960000003,1.25,2.8918906310000003,0.887524737
10/25/1990,45,tropicana,6400,8.764053269,0,3.19,0.128857348,0.280150164,10.74537796,0.342017119,0.083717204,0.087233873,0.464112624,3.1588165960000003,1.25,2.8918906310000003,0.887524737
11/1/1990,45,tropicana,5888,8.68067166,0,3.19,0.128857348,0.280150164,10.74537796,0.342017119,0.083717204,0.087233873,0.464112624,3.1588165960000003,1.25,2.8918906310000003,0.887524737
11/8/1990,45,tropicana,7616,8.938006577000001,0,3.19,0.128857348,0.280150164,10.74537796,0.342017119,0.083717204,0.087233873,0.464112624,3.1588165960000003,1.25,2.8918906310000003,0.887524737
11/15/1990,45,tropicana,6528,8.783855897,0,3.19,0.128857348,0.280150164,10.74537796,0.342017119,0.083717204,0.087233873,0.464112624,3.1588165960000003,1.25,2.8918906310000003,0.887524737
11/22/1990,45,tropicana,6336,8.754002933999999,0,2.99,0.128857348,0.280150164,10.74537796,0.342017119,0.083717204,0.087233873,0.464112624,3.1588165960000003,1.25,2.8918906310000003,0.887524737
11/29/1990,45,tropicana,7232,8.886270902,0,2.99,0.128857348,0.280150164,10.74537796,0.342017119,0.083717204,0.087233873,0.464112624,3.1588165960000003,1.25,2.8918906310000003,0.887524737
