python-sdk/tutorials/automl-with-azureml/forecasting-pipelines/oj-train.csv
WeekStarting,Store,Brand,Quantity,logQuantity,Advert,Price,Age60,COLLEGE,INCOME,Hincome150,Large HH,Minorities,WorkingWoman,SSTRDIST,SSTRVOL,CPDIST5,CPWVOL5
10/4/1990,47,dominicks,8384,9.034080407000001,0,1.79,0.125798297,0.140598651,10.63532646,0.33567134299999996,0.145731588,0.120675891,0.39802702100000004,4.910910686999999,2.028571429,1.967744964,0.794855358
10/11/1990,47,dominicks,2688,7.896552702,0,2.49,0.125798297,0.140598651,10.63532646,0.33567134299999996,0.145731588,0.120675891,0.39802702100000004,4.910910686999999,2.028571429,1.967744964,0.794855358
10/18/1990,47,dominicks,65024,11.08251171,1,1.24,0.125798297,0.140598651,10.63532646,0.33567134299999996,0.145731588,0.120675891,0.39802702100000004,4.910910686999999,2.028571429,1.967744964,0.794855358
10/25/1990,47,dominicks,1664,7.416979621,0,1.59,0.125798297,0.140598651,10.63532646,0.33567134299999996,0.145731588,0.120675891,0.39802702100000004,4.910910686999999,2.028571429,1.967744964,0.794855358
11/1/1990,47,dominicks,17152,9.749870064,1,1.59,0.125798297,0.140598651,10.63532646,0.33567134299999996,0.145731588,0.120675891,0.39802702100000004,4.910910686999999,2.028571429,1.967744964,0.794855358
11/8/1990,47,dominicks,32512,10.38936453,0,1.29,0.125798297,0.140598651,10.63532646,0.33567134299999996,0.145731588,0.120675891,0.39802702100000004,4.910910686999999,2.028571429,1.967744964,0.794855358
11/15/1990,47,dominicks,24960,10.12502982,0,0.99,0.125798297,0.140598651,10.63532646,0.33567134299999996,0.145731588,0.120675891,0.39802702100000004,4.910910686999999,2.028571429,1.967744964,0.794855358
11/22/1990,47,dominicks,11904,9.384629757,1,1.59,0.125798297,0.140598651,10.63532646,0.33567134299999996,0.145731588,0.120675891,0.39802702100000004,4.910910686999999,2.028571429,1.967744964,0.794855358
11/29/1990,47,dominicks,38592,10.56080028,1,2.49,0.125798297,0.140598651,10.63532646,0.33567134299999996,0.145731588,0.120675891,0.39802702100000004,4.910910686999999,2.028571429,1.967744964,0.794855358
10/4/1990,47,minute.maid,7744,8.954673629,0,2.99,0.125798297,0.140598651,10.63532646,0.33567134299999996,0.145731588,0.120675891,0.39802702100000004,4.910910686999999,2.028571429,1.967744964,0.794855358
10/11/1990,47,minute.maid,24256,10.09641929,1,1.99,0.125798297,0.140598651,10.63532646,0.33567134299999996,0.145731588,0.120675891,0.39802702100000004,4.910910686999999,2.028571429,1.967744964,0.794855358
10/18/1990,47,minute.maid,6976,8.850230966,0,2.64,0.125798297,0.140598651,10.63532646,0.33567134299999996,0.145731588,0.120675891,0.39802702100000004,4.910910686999999,2.028571429,1.967744964,0.794855358
10/25/1990,47,minute.maid,4928,8.502688505,0,2.99,0.125798297,0.140598651,10.63532646,0.33567134299999996,0.145731588,0.120675891,0.39802702100000004,4.910910686999999,2.028571429,1.967744964,0.794855358
11/1/1990,47,minute.maid,18880,9.84585844,1,1.99,0.125798297,0.140598651,10.63532646,0.33567134299999996,0.145731588,0.120675891,0.39802702100000004,4.910910686999999,2.028571429,1.967744964,0.794855358
11/8/1990,47,minute.maid,3200,8.070906089,0,2.99,0.125798297,0.140598651,10.63532646,0.33567134299999996,0.145731588,0.120675891,0.39802702100000004,4.910910686999999,2.028571429,1.967744964,0.794855358
11/15/1990,47,minute.maid,25792,10.15781965,1,1.99,0.125798297,0.140598651,10.63532646,0.33567134299999996,0.145731588,0.120675891,0.39802702100000004,4.910910686999999,2.028571429,1.967744964,0.794855358
11/22/1990,47,minute.maid,9984,9.208739091,0,1.99,0.125798297,0.140598651,10.63532646,0.33567134299999996,0.145731588,0.120675891,0.39802702100000004,4.910910686999999,2.028571429,1.967744964,0.794855358
11/29/1990,47,minute.maid,9920,9.2023082,0,2.99,0.125798297,0.140598651,10.63532646,0.33567134299999996,0.145731588,0.120675891,0.39802702100000004,4.910910686999999,2.028571429,1.967744964,0.794855358
10/4/1990,47,tropicana,8576,9.056722882999999,1,2.99,0.125798297,0.140598651,10.63532646,0.33567134299999996,0.145731588,0.120675891,0.39802702100000004,4.910910686999999,2.028571429,1.967744964,0.794855358
10/11/1990,47,tropicana,6080,8.712759975,0,2.99,0.125798297,0.140598651,10.63532646,0.33567134299999996,0.145731588,0.120675891,0.39802702100000004,4.910910686999999,2.028571429,1.967744964,0.794855358
10/18/1990,47,tropicana,3776,8.236420527,0,2.99,0.125798297,0.140598651,10.63532646,0.33567134299999996,0.145731588,0.120675891,0.39802702100000004,4.910910686999999,2.028571429,1.967744964,0.794855358
10/25/1990,47,tropicana,3904,8.269756948,0,3.66,0.125798297,0.140598651,10.63532646,0.33567134299999996,0.145731588,0.120675891,0.39802702100000004,4.910910686999999,2.028571429,1.967744964,0.794855358
11/1/1990,47,tropicana,3520,8.166216269,0,3.66,0.125798297,0.140598651,10.63532646,0.33567134299999996,0.145731588,0.120675891,0.39802702100000004,4.910910686999999,2.028571429,1.967744964,0.794855358
11/8/1990,47,tropicana,3328,8.110126802,0,3.66,0.125798297,0.140598651,10.63532646,0.33567134299999996,0.145731588,0.120675891,0.39802702100000004,4.910910686999999,2.028571429,1.967744964,0.794855358
11/15/1990,47,tropicana,5760,8.658692754,0,3.66,0.125798297,0.140598651,10.63532646,0.33567134299999996,0.145731588,0.120675891,0.39802702100000004,4.910910686999999,2.028571429,1.967744964,0.794855358
11/22/1990,47,tropicana,5120,8.540909718,0,2.99,0.125798297,0.140598651,10.63532646,0.33567134299999996,0.145731588,0.120675891,0.39802702100000004,4.910910686999999,2.028571429,1.967744964,0.794855358
11/29/1990,47,tropicana,5952,8.691482577,0,2.99,0.125798297,0.140598651,10.63532646,0.33567134299999996,0.145731588,0.120675891,0.39802702100000004,4.910910686999999,2.028571429,1.967744964,0.794855358
10/4/1990,48,dominicks,7936,8.979164649,0,1.79,0.097921961,0.303260384,10.75602879,0.303356282,0.07848683,0.099491703,0.45968282299999996,4.65068687,1.615384615,2.198071182,0.9044167340000001
10/11/1990,48,dominicks,1536,7.336936914,0,2.49,0.097921961,0.303260384,10.75602879,0.303356282,0.07848683,0.099491703,0.45968282299999996,4.65068687,1.615384615,2.198071182,0.9044167340000001
10/18/1990,48,dominicks,38016,10.545762400000001,1,1.24,0.097921961,0.303260384,10.75602879,0.303356282,0.07848683,0.099491703,0.45968282299999996,4.65068687,1.615384615,2.198071182,0.9044167340000001
10/25/1990,48,dominicks,3008,8.009030685,0,1.59,0.097921961,0.303260384,10.75602879,0.303356282,0.07848683,0.099491703,0.45968282299999996,4.65068687,1.615384615,2.198071182,0.9044167340000001
11/1/1990,48,dominicks,6080,8.712759975,1,1.59,0.097921961,0.303260384,10.75602879,0.303356282,0.07848683,0.099491703,0.45968282299999996,4.65068687,1.615384615,2.198071182,0.9044167340000001
11/8/1990,48,dominicks,10944,9.30054664,0,1.29,0.097921961,0.303260384,10.75602879,0.303356282,0.07848683,0.099491703,0.45968282299999996,4.65068687,1.615384615,2.198071182,0.9044167340000001
11/15/1990,48,dominicks,27264,10.21332243,0,0.99,0.097921961,0.303260384,10.75602879,0.303356282,0.07848683,0.099491703,0.45968282299999996,4.65068687,1.615384615,2.198071182,0.9044167340000001
11/22/1990,48,dominicks,14848,9.605620455,1,1.59,0.097921961,0.303260384,10.75602879,0.303356282,0.07848683,0.099491703,0.45968282299999996,4.65068687,1.615384615,2.198071182,0.9044167340000001
11/29/1990,48,dominicks,25664,10.15284451,1,2.49,0.097921961,0.303260384,10.75602879,0.303356282,0.07848683,0.099491703,0.45968282299999996,4.65068687,1.615384615,2.198071182,0.9044167340000001
10/4/1990,48,minute.maid,10112,9.221478116,0,2.99,0.097921961,0.303260384,10.75602879,0.303356282,0.07848683,0.099491703,0.45968282299999996,4.65068687,1.615384615,2.198071182,0.9044167340000001
10/11/1990,48,minute.maid,24640,10.11212642,1,1.99,0.097921961,0.303260384,10.75602879,0.303356282,0.07848683,0.099491703,0.45968282299999996,4.65068687,1.615384615,2.198071182,0.9044167340000001
10/18/1990,48,minute.maid,4672,8.449342525,0,2.84,0.097921961,0.303260384,10.75602879,0.303356282,0.07848683,0.099491703,0.45968282299999996,4.65068687,1.615384615,2.198071182,0.9044167340000001
10/25/1990,48,minute.maid,3712,8.219326094,0,2.99,0.097921961,0.303260384,10.75602879,0.303356282,0.07848683,0.099491703,0.45968282299999996,4.65068687,1.615384615,2.198071182,0.9044167340000001
11/1/1990,48,minute.maid,22464,10.01966931,1,1.99,0.097921961,0.303260384,10.75602879,0.303356282,0.07848683,0.099491703,0.45968282299999996,4.65068687,1.615384615,2.198071182,0.9044167340000001
11/8/1990,48,minute.maid,5376,8.589699882,0,2.99,0.097921961,0.303260384,10.75602879,0.303356282,0.07848683,0.099491703,0.45968282299999996,4.65068687,1.615384615,2.198071182,0.9044167340000001
11/15/1990,48,minute.maid,21632,9.981928979,1,1.99,0.097921961,0.303260384,10.75602879,0.303356282,0.07848683,0.099491703,0.45968282299999996,4.65068687,1.615384615,2.198071182,0.9044167340000001
11/22/1990,48,minute.maid,9792,9.189321005,0,1.99,0.097921961,0.303260384,10.75602879,0.303356282,0.07848683,0.099491703,0.45968282299999996,4.65068687,1.615384615,2.198071182,0.9044167340000001
11/29/1990,48,minute.maid,9792,9.189321005,0,2.99,0.097921961,0.303260384,10.75602879,0.303356282,0.07848683,0.099491703,0.45968282299999996,4.65068687,1.615384615,2.198071182,0.9044167340000001
10/4/1990,48,tropicana,6272,8.743850562,1,3.29,0.097921961,0.303260384,10.75602879,0.303356282,0.07848683,0.099491703,0.45968282299999996,4.65068687,1.615384615,2.198071182,0.9044167340000001
10/11/1990,48,tropicana,3840,8.253227646000001,0,3.29,0.097921961,0.303260384,10.75602879,0.303356282,0.07848683,0.099491703,0.45968282299999996,4.65068687,1.615384615,2.198071182,0.9044167340000001
10/18/1990,48,tropicana,3840,8.253227646000001,0,3.51,0.097921961,0.303260384,10.75602879,0.303356282,0.07848683,0.099491703,0.45968282299999996,4.65068687,1.615384615,2.198071182,0.9044167340000001
10/25/1990,48,tropicana,5120,8.540909718,0,3.51,0.097921961,0.303260384,10.75602879,0.303356282,0.07848683,0.099491703,0.45968282299999996,4.65068687,1.615384615,2.198071182,0.9044167340000001
11/1/1990,48,tropicana,4352,8.378390789,0,3.51,0.097921961,0.303260384,10.75602879,0.303356282,0.07848683,0.099491703,0.45968282299999996,4.65068687,1.615384615,2.198071182,0.9044167340000001
11/8/1990,48,tropicana,3008,8.009030685,0,3.51,0.097921961,0.303260384,10.75602879,0.303356282,0.07848683,0.099491703,0.45968282299999996,4.65068687,1.615384615,2.198071182,0.9044167340000001
11/15/1990,48,tropicana,5760,8.658692754,0,3.66,0.097921961,0.303260384,10.75602879,0.303356282,0.07848683,0.099491703,0.45968282299999996,4.65068687,1.615384615,2.198071182,0.9044167340000001
11/22/1990,48,tropicana,6400,8.764053269,0,2.99,0.097921961,0.303260384,10.75602879,0.303356282,0.07848683,0.099491703,0.45968282299999996,4.65068687,1.615384615,2.198071182,0.9044167340000001
11/29/1990,48,tropicana,7424,8.912473275,0,2.99,0.097921961,0.303260384,10.75602879,0.303356282,0.07848683,0.099491703,0.45968282299999996,4.65068687,1.615384615,2.198071182,0.9044167340000001
10/4/1990,49,dominicks,7488,8.921057017999999,0,1.79,0.18747318699999999,0.319949969,10.80675383,0.43170899100000004,0.10247191,0.038352638,0.346411721,3.439418592,2.272727273,1.807235771,0.9205689579999999
10/11/1990,49,dominicks,768,6.643789732999999,0,2.49,0.18747318699999999,0.319949969,10.80675383,0.43170899100000004,0.10247191,0.038352638,0.346411721,3.439418592,2.272727273,1.807235771,0.9205689579999999
10/18/1990,49,dominicks,52352,10.86574542,1,1.24,0.18747318699999999,0.319949969,10.80675383,0.43170899100000004,0.10247191,0.038352638,0.346411721,3.439418592,2.272727273,1.807235771,0.9205689579999999
10/25/1990,49,dominicks,1408,7.249925537,0,1.59,0.18747318699999999,0.319949969,10.80675383,0.43170899100000004,0.10247191,0.038352638,0.346411721,3.439418592,2.272727273,1.807235771,0.9205689579999999
11/1/1990,49,dominicks,19904,9.898675996,1,1.59,0.18747318699999999,0.319949969,10.80675383,0.43170899100000004,0.10247191,0.038352638,0.346411721,3.439418592,2.272727273,1.807235771,0.9205689579999999
11/8/1990,49,dominicks,9472,9.156095357,0,1.29,0.18747318699999999,0.319949969,10.80675383,0.43170899100000004,0.10247191,0.038352638,0.346411721,3.439418592,2.272727273,1.807235771,0.9205689579999999
11/15/1990,49,dominicks,30208,10.31586207,0,0.99,0.18747318699999999,0.319949969,10.80675383,0.43170899100000004,0.10247191,0.038352638,0.346411721,3.439418592,2.272727273,1.807235771,0.9205689579999999
11/22/1990,49,dominicks,11264,9.329367077999999,1,1.59,0.18747318699999999,0.319949969,10.80675383,0.43170899100000004,0.10247191,0.038352638,0.346411721,3.439418592,2.272727273,1.807235771,0.9205689579999999
11/29/1990,49,dominicks,24640,10.11212642,1,2.49,0.18747318699999999,0.319949969,10.80675383,0.43170899100000004,0.10247191,0.038352638,0.346411721,3.439418592,2.272727273,1.807235771,0.9205689579999999
10/4/1990,49,minute.maid,5888,8.68067166,0,2.99,0.18747318699999999,0.319949969,10.80675383,0.43170899100000004,0.10247191,0.038352638,0.346411721,3.439418592,2.272727273,1.807235771,0.9205689579999999
10/11/1990,49,minute.maid,18496,9.825309772,1,1.99,0.18747318699999999,0.319949969,10.80675383,0.43170899100000004,0.10247191,0.038352638,0.346411721,3.439418592,2.272727273,1.807235771,0.9205689579999999
10/18/1990,49,minute.maid,3136,8.050703382,0,2.81,0.18747318699999999,0.319949969,10.80675383,0.43170899100000004,0.10247191,0.038352638,0.346411721,3.439418592,2.272727273,1.807235771,0.9205689579999999
10/25/1990,49,minute.maid,1984,7.592870287999999,0,2.99,0.18747318699999999,0.319949969,10.80675383,0.43170899100000004,0.10247191,0.038352638,0.346411721,3.439418592,2.272727273,1.807235771,0.9205689579999999
11/1/1990,49,minute.maid,16128,9.688312171,1,1.99,0.18747318699999999,0.319949969,10.80675383,0.43170899100000004,0.10247191,0.038352638,0.346411721,3.439418592,2.272727273,1.807235771,0.9205689579999999
11/8/1990,49,minute.maid,2688,7.896552702,0,2.99,0.18747318699999999,0.319949969,10.80675383,0.43170899100000004,0.10247191,0.038352638,0.346411721,3.439418592,2.272727273,1.807235771,0.9205689579999999
11/15/1990,49,minute.maid,22272,10.01108556,1,1.99,0.18747318699999999,0.319949969,10.80675383,0.43170899100000004,0.10247191,0.038352638,0.346411721,3.439418592,2.272727273,1.807235771,0.9205689579999999
11/22/1990,49,minute.maid,5824,8.66974259,0,1.99,0.18747318699999999,0.319949969,10.80675383,0.43170899100000004,0.10247191,0.038352638,0.346411721,3.439418592,2.272727273,1.807235771,0.9205689579999999
11/29/1990,49,minute.maid,9216,9.128696383,0,2.99,0.18747318699999999,0.319949969,10.80675383,0.43170899100000004,0.10247191,0.038352638,0.346411721,3.439418592,2.272727273,1.807235771,0.9205689579999999
10/4/1990,49,tropicana,5824,8.66974259,1,3.29,0.18747318699999999,0.319949969,10.80675383,0.43170899100000004,0.10247191,0.038352638,0.346411721,3.439418592,2.272727273,1.807235771,0.9205689579999999
10/11/1990,49,tropicana,2496,7.82244473,0,3.29,0.18747318699999999,0.319949969,10.80675383,0.43170899100000004,0.10247191,0.038352638,0.346411721,3.439418592,2.272727273,1.807235771,0.9205689579999999
10/18/1990,49,tropicana,3520,8.166216269,0,3.51,0.18747318699999999,0.319949969,10.80675383,0.43170899100000004,0.10247191,0.038352638,0.346411721,3.439418592,2.272727273,1.807235771,0.9205689579999999
10/25/1990,49,tropicana,3904,8.269756948,0,3.51,0.18747318699999999,0.319949969,10.80675383,0.43170899100000004,0.10247191,0.038352638,0.346411721,3.439418592,2.272727273,1.807235771,0.9205689579999999
11/1/1990,49,tropicana,3776,8.236420527,0,3.51,0.18747318699999999,0.319949969,10.80675383,0.43170899100000004,0.10247191,0.038352638,0.346411721,3.439418592,2.272727273,1.807235771,0.9205689579999999
11/8/1990,49,tropicana,3264,8.090708716,0,3.51,0.18747318699999999,0.319949969,10.80675383,0.43170899100000004,0.10247191,0.038352638,0.346411721,3.439418592,2.272727273,1.807235771,0.9205689579999999
11/15/1990,49,tropicana,5056,8.528330936,0,3.66,0.18747318699999999,0.319949969,10.80675383,0.43170899100000004,0.10247191,0.038352638,0.346411721,3.439418592,2.272727273,1.807235771,0.9205689579999999
11/22/1990,49,tropicana,5760,8.658692754,0,2.99,0.18747318699999999,0.319949969,10.80675383,0.43170899100000004,0.10247191,0.038352638,0.346411721,3.439418592,2.272727273,1.807235771,0.9205689579999999
11/29/1990,49,tropicana,5696,8.647519453,0,2.99,0.18747318699999999,0.319949969,10.80675383,0.43170899100000004,0.10247191,0.038352638,0.346411721,3.439418592,2.272727273,1.807235771,0.9205689579999999
