python-sdk/tutorials/automl-with-azureml/forecasting-pipelines/oj-train.csv
WeekStarting,Store,Brand,Quantity,logQuantity,Advert,Price,Age60,COLLEGE,INCOME,Hincome150,Large HH,Minorities,WorkingWoman,SSTRDIST,SSTRVOL,CPDIST5,CPWVOL5
10/4/1990,50,dominicks,6464,8.774003599999999,0,1.79,0.153357376,0.128764278,10.58930796,0.240180587,0.111798396,0.07092564,0.3242127,2.767046304,0.727272727,1.9393285340000002,0.470972765
10/11/1990,50,dominicks,1408,7.249925537,0,2.29,0.153357376,0.128764278,10.58930796,0.240180587,0.111798396,0.07092564,0.3242127,2.767046304,0.727272727,1.9393285340000002,0.470972765
10/18/1990,50,dominicks,53312,10.88391673,1,1.14,0.153357376,0.128764278,10.58930796,0.240180587,0.111798396,0.07092564,0.3242127,2.767046304,0.727272727,1.9393285340000002,0.470972765
10/25/1990,50,dominicks,1472,7.294377299,0,1.59,0.153357376,0.128764278,10.58930796,0.240180587,0.111798396,0.07092564,0.3242127,2.767046304,0.727272727,1.9393285340000002,0.470972765
11/1/1990,50,dominicks,20480,9.927204079,1,1.59,0.153357376,0.128764278,10.58930796,0.240180587,0.111798396,0.07092564,0.3242127,2.767046304,0.727272727,1.9393285340000002,0.470972765
11/8/1990,50,dominicks,22464,10.01966931,0,1.29,0.153357376,0.128764278,10.58930796,0.240180587,0.111798396,0.07092564,0.3242127,2.767046304,0.727272727,1.9393285340000002,0.470972765
11/15/1990,50,dominicks,32640,10.39329381,0,0.99,0.153357376,0.128764278,10.58930796,0.240180587,0.111798396,0.07092564,0.3242127,2.767046304,0.727272727,1.9393285340000002,0.470972765
11/22/1990,50,dominicks,5440,8.60153434,1,1.59,0.153357376,0.128764278,10.58930796,0.240180587,0.111798396,0.07092564,0.3242127,2.767046304,0.727272727,1.9393285340000002,0.470972765
11/29/1990,50,dominicks,29632,10.29661014,1,2.29,0.153357376,0.128764278,10.58930796,0.240180587,0.111798396,0.07092564,0.3242127,2.767046304,0.727272727,1.9393285340000002,0.470972765
10/4/1990,50,minute.maid,6016,8.702177866,0,2.62,0.153357376,0.128764278,10.58930796,0.240180587,0.111798396,0.07092564,0.3242127,2.767046304,0.727272727,1.9393285340000002,0.470972765
10/11/1990,50,minute.maid,21312,9.967025572999999,1,1.99,0.153357376,0.128764278,10.58930796,0.240180587,0.111798396,0.07092564,0.3242127,2.767046304,0.727272727,1.9393285340000002,0.470972765
10/18/1990,50,minute.maid,3072,8.030084094,0,2.47,0.153357376,0.128764278,10.58930796,0.240180587,0.111798396,0.07092564,0.3242127,2.767046304,0.727272727,1.9393285340000002,0.470972765
10/25/1990,50,minute.maid,1984,7.592870287999999,0,2.62,0.153357376,0.128764278,10.58930796,0.240180587,0.111798396,0.07092564,0.3242127,2.767046304,0.727272727,1.9393285340000002,0.470972765
11/1/1990,50,minute.maid,11328,9.335032816,1,1.99,0.153357376,0.128764278,10.58930796,0.240180587,0.111798396,0.07092564,0.3242127,2.767046304,0.727272727,1.9393285340000002,0.470972765
11/8/1990,50,minute.maid,2624,7.87245515,0,2.62,0.153357376,0.128764278,10.58930796,0.240180587,0.111798396,0.07092564,0.3242127,2.767046304,0.727272727,1.9393285340000002,0.470972765
11/15/1990,50,minute.maid,12096,9.400630097999999,1,1.99,0.153357376,0.128764278,10.58930796,0.240180587,0.111798396,0.07092564,0.3242127,2.767046304,0.727272727,1.9393285340000002,0.470972765
11/22/1990,50,minute.maid,7744,8.954673629,0,1.99,0.153357376,0.128764278,10.58930796,0.240180587,0.111798396,0.07092564,0.3242127,2.767046304,0.727272727,1.9393285340000002,0.470972765
11/29/1990,50,minute.maid,6336,8.754002933999999,0,2.62,0.153357376,0.128764278,10.58930796,0.240180587,0.111798396,0.07092564,0.3242127,2.767046304,0.727272727,1.9393285340000002,0.470972765
10/4/1990,50,tropicana,2944,7.98752448,1,3.19,0.153357376,0.128764278,10.58930796,0.240180587,0.111798396,0.07092564,0.3242127,2.767046304,0.727272727,1.9393285340000002,0.470972765
10/11/1990,50,tropicana,3200,8.070906089,0,3.19,0.153357376,0.128764278,10.58930796,0.240180587,0.111798396,0.07092564,0.3242127,2.767046304,0.727272727,1.9393285340000002,0.470972765
10/18/1990,50,tropicana,2560,7.847762538,0,3.04,0.153357376,0.128764278,10.58930796,0.240180587,0.111798396,0.07092564,0.3242127,2.767046304,0.727272727,1.9393285340000002,0.470972765
10/25/1990,50,tropicana,3328,8.110126802,0,3.04,0.153357376,0.128764278,10.58930796,0.240180587,0.111798396,0.07092564,0.3242127,2.767046304,0.727272727,1.9393285340000002,0.470972765
11/1/1990,50,tropicana,3328,8.110126802,0,3.04,0.153357376,0.128764278,10.58930796,0.240180587,0.111798396,0.07092564,0.3242127,2.767046304,0.727272727,1.9393285340000002,0.470972765
11/8/1990,50,tropicana,2944,7.98752448,0,3.04,0.153357376,0.128764278,10.58930796,0.240180587,0.111798396,0.07092564,0.3242127,2.767046304,0.727272727,1.9393285340000002,0.470972765
11/15/1990,50,tropicana,3456,8.14786713,0,3.19,0.153357376,0.128764278,10.58930796,0.240180587,0.111798396,0.07092564,0.3242127,2.767046304,0.727272727,1.9393285340000002,0.470972765
11/22/1990,50,tropicana,7488,8.921057017999999,0,2.99,0.153357376,0.128764278,10.58930796,0.240180587,0.111798396,0.07092564,0.3242127,2.767046304,0.727272727,1.9393285340000002,0.470972765
11/29/1990,50,tropicana,4928,8.502688505,0,2.99,0.153357376,0.128764278,10.58930796,0.240180587,0.111798396,0.07092564,0.3242127,2.767046304,0.727272727,1.9393285340000002,0.470972765
10/4/1990,51,dominicks,10304,9.240287448,0,1.79,0.17615971800000002,0.17191671100000003,10.62083942,0.316889001,0.130340815,0.025425719,0.313189796,2.1025538040000002,1.25,2.226766425,0.310202569
10/11/1990,51,dominicks,896,6.797940412999999,0,2.49,0.17615971800000002,0.17191671100000003,10.62083942,0.316889001,0.130340815,0.025425719,0.313189796,2.1025538040000002,1.25,2.226766425,0.310202569
10/18/1990,51,dominicks,84608,11.3457841,1,1.24,0.17615971800000002,0.17191671100000003,10.62083942,0.316889001,0.130340815,0.025425719,0.313189796,2.1025538040000002,1.25,2.226766425,0.310202569
10/25/1990,51,dominicks,1664,7.416979621,0,1.59,0.17615971800000002,0.17191671100000003,10.62083942,0.316889001,0.130340815,0.025425719,0.313189796,2.1025538040000002,1.25,2.226766425,0.310202569
11/1/1990,51,dominicks,38848,10.56741187,1,1.59,0.17615971800000002,0.17191671100000003,10.62083942,0.316889001,0.130340815,0.025425719,0.313189796,2.1025538040000002,1.25,2.226766425,0.310202569
11/8/1990,51,dominicks,21056,9.954940834,0,1.29,0.17615971800000002,0.17191671100000003,10.62083942,0.316889001,0.130340815,0.025425719,0.313189796,2.1025538040000002,1.25,2.226766425,0.310202569
11/15/1990,51,dominicks,59520,10.99406767,0,0.99,0.17615971800000002,0.17191671100000003,10.62083942,0.316889001,0.130340815,0.025425719,0.313189796,2.1025538040000002,1.25,2.226766425,0.310202569
11/22/1990,51,dominicks,19392,9.872615889,1,1.59,0.17615971800000002,0.17191671100000003,10.62083942,0.316889001,0.130340815,0.025425719,0.313189796,2.1025538040000002,1.25,2.226766425,0.310202569
11/29/1990,51,dominicks,44992,10.71423998,1,2.49,0.17615971800000002,0.17191671100000003,10.62083942,0.316889001,0.130340815,0.025425719,0.313189796,2.1025538040000002,1.25,2.226766425,0.310202569
10/4/1990,51,minute.maid,8768,9.078864009,0,2.99,0.17615971800000002,0.17191671100000003,10.62083942,0.316889001,0.130340815,0.025425719,0.313189796,2.1025538040000002,1.25,2.226766425,0.310202569
10/11/1990,51,minute.maid,34880,10.45966888,1,1.99,0.17615971800000002,0.17191671100000003,10.62083942,0.316889001,0.130340815,0.025425719,0.313189796,2.1025538040000002,1.25,2.226766425,0.310202569
10/18/1990,51,minute.maid,4480,8.407378325,0,2.77,0.17615971800000002,0.17191671100000003,10.62083942,0.316889001,0.130340815,0.025425719,0.313189796,2.1025538040000002,1.25,2.226766425,0.310202569
10/25/1990,51,minute.maid,3008,8.009030685,0,2.99,0.17615971800000002,0.17191671100000003,10.62083942,0.316889001,0.130340815,0.025425719,0.313189796,2.1025538040000002,1.25,2.226766425,0.310202569
11/1/1990,51,minute.maid,20672,9.936535407000001,1,1.99,0.17615971800000002,0.17191671100000003,10.62083942,0.316889001,0.130340815,0.025425719,0.313189796,2.1025538040000002,1.25,2.226766425,0.310202569
11/8/1990,51,minute.maid,2752,7.920083199,0,2.99,0.17615971800000002,0.17191671100000003,10.62083942,0.316889001,0.130340815,0.025425719,0.313189796,2.1025538040000002,1.25,2.226766425,0.310202569
11/15/1990,51,minute.maid,27456,10.22034,1,1.99,0.17615971800000002,0.17191671100000003,10.62083942,0.316889001,0.130340815,0.025425719,0.313189796,2.1025538040000002,1.25,2.226766425,0.310202569
11/22/1990,51,minute.maid,10496,9.258749511,0,1.99,0.17615971800000002,0.17191671100000003,10.62083942,0.316889001,0.130340815,0.025425719,0.313189796,2.1025538040000002,1.25,2.226766425,0.310202569
11/29/1990,51,minute.maid,10176,9.227787286,0,2.99,0.17615971800000002,0.17191671100000003,10.62083942,0.316889001,0.130340815,0.025425719,0.313189796,2.1025538040000002,1.25,2.226766425,0.310202569
10/4/1990,51,tropicana,7040,8.859363449,1,3.29,0.17615971800000002,0.17191671100000003,10.62083942,0.316889001,0.130340815,0.025425719,0.313189796,2.1025538040000002,1.25,2.226766425,0.310202569
10/11/1990,51,tropicana,4736,8.462948177000001,0,3.29,0.17615971800000002,0.17191671100000003,10.62083942,0.316889001,0.130340815,0.025425719,0.313189796,2.1025538040000002,1.25,2.226766425,0.310202569
10/18/1990,51,tropicana,3328,8.110126802,0,3.51,0.17615971800000002,0.17191671100000003,10.62083942,0.316889001,0.130340815,0.025425719,0.313189796,2.1025538040000002,1.25,2.226766425,0.310202569
10/25/1990,51,tropicana,5120,8.540909718,0,3.51,0.17615971800000002,0.17191671100000003,10.62083942,0.316889001,0.130340815,0.025425719,0.313189796,2.1025538040000002,1.25,2.226766425,0.310202569
11/1/1990,51,tropicana,4480,8.407378325,0,3.51,0.17615971800000002,0.17191671100000003,10.62083942,0.316889001,0.130340815,0.025425719,0.313189796,2.1025538040000002,1.25,2.226766425,0.310202569
11/8/1990,51,tropicana,5056,8.528330936,0,3.51,0.17615971800000002,0.17191671100000003,10.62083942,0.316889001,0.130340815,0.025425719,0.313189796,2.1025538040000002,1.25,2.226766425,0.310202569
11/15/1990,51,tropicana,8640,9.064157862,0,3.66,0.17615971800000002,0.17191671100000003,10.62083942,0.316889001,0.130340815,0.025425719,0.313189796,2.1025538040000002,1.25,2.226766425,0.310202569
11/22/1990,51,tropicana,8128,9.00307017,0,2.99,0.17615971800000002,0.17191671100000003,10.62083942,0.316889001,0.130340815,0.025425719,0.313189796,2.1025538040000002,1.25,2.226766425,0.310202569
11/29/1990,51,tropicana,8256,9.018695487999999,0,2.99,0.17615971800000002,0.17191671100000003,10.62083942,0.316889001,0.130340815,0.025425719,0.313189796,2.1025538040000002,1.25,2.226766425,0.310202569
10/4/1990,52,dominicks,4736,8.462948177000001,0,1.79,0.152241195,0.372927296,11.05101698,0.727728684,0.10197651099999999,0.08489861300000001,0.393476864,4.7934391519999995,1.0555555559999998,2.533671515,0.334511569
10/11/1990,52,dominicks,384,5.950642553,0,2.69,0.152241195,0.372927296,11.05101698,0.727728684,0.10197651099999999,0.08489861300000001,0.393476864,4.7934391519999995,1.0555555559999998,2.533671515,0.334511569
10/18/1990,52,dominicks,57216,10.95458886,1,1.24,0.152241195,0.372927296,11.05101698,0.727728684,0.10197651099999999,0.08489861300000001,0.393476864,4.7934391519999995,1.0555555559999998,2.533671515,0.334511569
10/25/1990,52,dominicks,1344,7.2034055210000005,0,1.59,0.152241195,0.372927296,11.05101698,0.727728684,0.10197651099999999,0.08489861300000001,0.393476864,4.7934391519999995,1.0555555559999998,2.533671515,0.334511569
11/1/1990,52,dominicks,15040,9.618468598,1,1.59,0.152241195,0.372927296,11.05101698,0.727728684,0.10197651099999999,0.08489861300000001,0.393476864,4.7934391519999995,1.0555555559999998,2.533671515,0.334511569
11/8/1990,52,dominicks,13056,9.477003077,0,1.29,0.152241195,0.372927296,11.05101698,0.727728684,0.10197651099999999,0.08489861300000001,0.393476864,4.7934391519999995,1.0555555559999998,2.533671515,0.334511569
11/15/1990,52,dominicks,20992,9.951896692,0,0.99,0.152241195,0.372927296,11.05101698,0.727728684,0.10197651099999999,0.08489861300000001,0.393476864,4.7934391519999995,1.0555555559999998,2.533671515,0.334511569
11/22/1990,52,dominicks,12928,9.467150781,1,1.59,0.152241195,0.372927296,11.05101698,0.727728684,0.10197651099999999,0.08489861300000001,0.393476864,4.7934391519999995,1.0555555559999998,2.533671515,0.334511569
11/29/1990,52,dominicks,33344,10.41463313,1,2.49,0.152241195,0.372927296,11.05101698,0.727728684,0.10197651099999999,0.08489861300000001,0.393476864,4.7934391519999995,1.0555555559999998,2.533671515,0.334511569
10/4/1990,52,minute.maid,17344,9.761001904,0,3.17,0.152241195,0.372927296,11.05101698,0.727728684,0.10197651099999999,0.08489861300000001,0.393476864,4.7934391519999995,1.0555555559999998,2.533671515,0.334511569
10/11/1990,52,minute.maid,42880,10.6661608,1,1.99,0.152241195,0.372927296,11.05101698,0.727728684,0.10197651099999999,0.08489861300000001,0.393476864,4.7934391519999995,1.0555555559999998,2.533671515,0.334511569
10/18/1990,52,minute.maid,6848,8.831711918,0,2.85,0.152241195,0.372927296,11.05101698,0.727728684,0.10197651099999999,0.08489861300000001,0.393476864,4.7934391519999995,1.0555555559999998,2.533671515,0.334511569
10/25/1990,52,minute.maid,4800,8.476371197,0,3.17,0.152241195,0.372927296,11.05101698,0.727728684,0.10197651099999999,0.08489861300000001,0.393476864,4.7934391519999995,1.0555555559999998,2.533671515,0.334511569
11/1/1990,52,minute.maid,39488,10.58375211,1,1.99,0.152241195,0.372927296,11.05101698,0.727728684,0.10197651099999999,0.08489861300000001,0.393476864,4.7934391519999995,1.0555555559999998,2.533671515,0.334511569
11/8/1990,52,minute.maid,4736,8.462948177000001,0,3.17,0.152241195,0.372927296,11.05101698,0.727728684,0.10197651099999999,0.08489861300000001,0.393476864,4.7934391519999995,1.0555555559999998,2.533671515,0.334511569
11/15/1990,52,minute.maid,43840,10.68830192,1,1.99,0.152241195,0.372927296,11.05101698,0.727728684,0.10197651099999999,0.08489861300000001,0.393476864,4.7934391519999995,1.0555555559999998,2.533671515,0.334511569
11/22/1990,52,minute.maid,15808,9.66827142,0,1.99,0.152241195,0.372927296,11.05101698,0.727728684,0.10197651099999999,0.08489861300000001,0.393476864,4.7934391519999995,1.0555555559999998,2.533671515,0.334511569
11/29/1990,52,minute.maid,12672,9.447150114,0,3.17,0.152241195,0.372927296,11.05101698,0.727728684,0.10197651099999999,0.08489861300000001,0.393476864,4.7934391519999995,1.0555555559999998,2.533671515,0.334511569
10/4/1990,52,tropicana,20864,9.945780465,1,3.29,0.152241195,0.372927296,11.05101698,0.727728684,0.10197651099999999,0.08489861300000001,0.393476864,4.7934391519999995,1.0555555559999998,2.533671515,0.334511569
10/11/1990,52,tropicana,10816,9.288781797999999,0,3.29,0.152241195,0.372927296,11.05101698,0.727728684,0.10197651099999999,0.08489861300000001,0.393476864,4.7934391519999995,1.0555555559999998,2.533671515,0.334511569
10/18/1990,52,tropicana,6784,8.822322178,0,3.56,0.152241195,0.372927296,11.05101698,0.727728684,0.10197651099999999,0.08489861300000001,0.393476864,4.7934391519999995,1.0555555559999998,2.533671515,0.334511569
10/25/1990,52,tropicana,10176,9.227787286,0,3.56,0.152241195,0.372927296,11.05101698,0.727728684,0.10197651099999999,0.08489861300000001,0.393476864,4.7934391519999995,1.0555555559999998,2.533671515,0.334511569
11/1/1990,52,tropicana,10496,9.258749511,0,3.56,0.152241195,0.372927296,11.05101698,0.727728684,0.10197651099999999,0.08489861300000001,0.393476864,4.7934391519999995,1.0555555559999998,2.533671515,0.334511569
11/8/1990,52,tropicana,7744,8.954673629,0,3.56,0.152241195,0.372927296,11.05101698,0.727728684,0.10197651099999999,0.08489861300000001,0.393476864,4.7934391519999995,1.0555555559999998,2.533671515,0.334511569
11/15/1990,52,tropicana,19584,9.882468185,0,3.87,0.152241195,0.372927296,11.05101698,0.727728684,0.10197651099999999,0.08489861300000001,0.393476864,4.7934391519999995,1.0555555559999998,2.533671515,0.334511569
11/22/1990,52,tropicana,24384,10.10168246,0,2.99,0.152241195,0.372927296,11.05101698,0.727728684,0.10197651099999999,0.08489861300000001,0.393476864,4.7934391519999995,1.0555555559999998,2.533671515,0.334511569
11/29/1990,52,tropicana,15232,9.631153757,0,2.99,0.152241195,0.372927296,11.05101698,0.727728684,0.10197651099999999,0.08489861300000001,0.393476864,4.7934391519999995,1.0555555559999998,2.533671515,0.334511569
10/4/1990,53,dominicks,9664,9.17616292,0,1.79,0.300278681,0.2703835,10.60000405,0.44132306299999996,0.113686757,0.065722248,0.312635693,10.45970992,1.0,2.132004658,0.332950694
10/11/1990,53,dominicks,1472,7.294377299,0,2.69,0.300278681,0.2703835,10.60000405,0.44132306299999996,0.113686757,0.065722248,0.312635693,10.45970992,1.0,2.132004658,0.332950694
10/18/1990,53,dominicks,153984,11.94460398,1,1.24,0.300278681,0.2703835,10.60000405,0.44132306299999996,0.113686757,0.065722248,0.312635693,10.45970992,1.0,2.132004658,0.332950694
10/25/1990,53,dominicks,1664,7.416979621,0,1.59,0.300278681,0.2703835,10.60000405,0.44132306299999996,0.113686757,0.065722248,0.312635693,10.45970992,1.0,2.132004658,0.332950694
11/1/1990,53,dominicks,31552,10.35939226,1,1.59,0.300278681,0.2703835,10.60000405,0.44132306299999996,0.113686757,0.065722248,0.312635693,10.45970992,1.0,2.132004658,0.332950694
11/8/1990,53,dominicks,45120,10.71708089,0,1.29,0.300278681,0.2703835,10.60000405,0.44132306299999996,0.113686757,0.065722248,0.312635693,10.45970992,1.0,2.132004658,0.332950694
11/15/1990,53,dominicks,57216,10.95458886,0,0.99,0.300278681,0.2703835,10.60000405,0.44132306299999996,0.113686757,0.065722248,0.312635693,10.45970992,1.0,2.132004658,0.332950694
11/22/1990,53,dominicks,15936,9.67633598,1,1.59,0.300278681,0.2703835,10.60000405,0.44132306299999996,0.113686757,0.065722248,0.312635693,10.45970992,1.0,2.132004658,0.332950694
11/29/1990,53,dominicks,57088,10.95234922,1,2.49,0.300278681,0.2703835,10.60000405,0.44132306299999996,0.113686757,0.065722248,0.312635693,10.45970992,1.0,2.132004658,0.332950694
