python-sdk/tutorials/automl-with-azureml/forecasting-pipelines/oj-train.csv
WeekStarting,Store,Brand,Quantity,logQuantity,Advert,Price,Age60,COLLEGE,INCOME,Hincome150,Large HH,Minorities,WorkingWoman,SSTRDIST,SSTRVOL,CPDIST5,CPWVOL5
10/4/1990,53,minute.maid,14272,9.566054855,0,3.17,0.300278681,0.2703835,10.60000405,0.44132306299999996,0.113686757,0.065722248,0.312635693,10.45970992,1.0,2.132004658,0.332950694
10/11/1990,53,minute.maid,40000,10.59663473,1,1.99,0.300278681,0.2703835,10.60000405,0.44132306299999996,0.113686757,0.065722248,0.312635693,10.45970992,1.0,2.132004658,0.332950694
10/18/1990,53,minute.maid,4416,8.392989587999999,0,2.83,0.300278681,0.2703835,10.60000405,0.44132306299999996,0.113686757,0.065722248,0.312635693,10.45970992,1.0,2.132004658,0.332950694
10/25/1990,53,minute.maid,2304,7.742402022,0,3.17,0.300278681,0.2703835,10.60000405,0.44132306299999996,0.113686757,0.065722248,0.312635693,10.45970992,1.0,2.132004658,0.332950694
11/1/1990,53,minute.maid,47616,10.77092412,1,1.99,0.300278681,0.2703835,10.60000405,0.44132306299999996,0.113686757,0.065722248,0.312635693,10.45970992,1.0,2.132004658,0.332950694
11/8/1990,53,minute.maid,2880,7.965545572999999,0,3.17,0.300278681,0.2703835,10.60000405,0.44132306299999996,0.113686757,0.065722248,0.312635693,10.45970992,1.0,2.132004658,0.332950694
11/15/1990,53,minute.maid,47168,10.76147098,1,1.99,0.300278681,0.2703835,10.60000405,0.44132306299999996,0.113686757,0.065722248,0.312635693,10.45970992,1.0,2.132004658,0.332950694
11/22/1990,53,minute.maid,15552,9.651944527000001,0,1.99,0.300278681,0.2703835,10.60000405,0.44132306299999996,0.113686757,0.065722248,0.312635693,10.45970992,1.0,2.132004658,0.332950694
11/29/1990,53,minute.maid,19904,9.898675996,0,3.17,0.300278681,0.2703835,10.60000405,0.44132306299999996,0.113686757,0.065722248,0.312635693,10.45970992,1.0,2.132004658,0.332950694
10/4/1990,53,tropicana,22144,10.00532186,1,3.29,0.300278681,0.2703835,10.60000405,0.44132306299999996,0.113686757,0.065722248,0.312635693,10.45970992,1.0,2.132004658,0.332950694
10/11/1990,53,tropicana,12096,9.400630097999999,0,3.29,0.300278681,0.2703835,10.60000405,0.44132306299999996,0.113686757,0.065722248,0.312635693,10.45970992,1.0,2.132004658,0.332950694
10/18/1990,53,tropicana,10688,9.276876896000001,0,3.56,0.300278681,0.2703835,10.60000405,0.44132306299999996,0.113686757,0.065722248,0.312635693,10.45970992,1.0,2.132004658,0.332950694
10/25/1990,53,tropicana,10432,9.252633284,0,3.56,0.300278681,0.2703835,10.60000405,0.44132306299999996,0.113686757,0.065722248,0.312635693,10.45970992,1.0,2.132004658,0.332950694
11/1/1990,53,tropicana,11520,9.351839934,0,3.56,0.300278681,0.2703835,10.60000405,0.44132306299999996,0.113686757,0.065722248,0.312635693,10.45970992,1.0,2.132004658,0.332950694
11/8/1990,53,tropicana,10368,9.246479419,0,3.56,0.300278681,0.2703835,10.60000405,0.44132306299999996,0.113686757,0.065722248,0.312635693,10.45970992,1.0,2.132004658,0.332950694
11/15/1990,53,tropicana,14016,9.547954812999999,0,3.87,0.300278681,0.2703835,10.60000405,0.44132306299999996,0.113686757,0.065722248,0.312635693,10.45970992,1.0,2.132004658,0.332950694
11/22/1990,53,tropicana,24064,10.08847223,0,2.99,0.300278681,0.2703835,10.60000405,0.44132306299999996,0.113686757,0.065722248,0.312635693,10.45970992,1.0,2.132004658,0.332950694
11/29/1990,53,tropicana,13696,9.524859098,0,2.99,0.300278681,0.2703835,10.60000405,0.44132306299999996,0.113686757,0.065722248,0.312635693,10.45970992,1.0,2.132004658,0.332950694
10/4/1990,54,dominicks,9280,9.135616826,0,1.79,0.090222278,0.42112564399999997,10.91089788,0.646023263,0.10352240800000001,0.04664085900000001,0.43671875,4.899564267,1.333333333,1.963412365,0.645830051
10/11/1990,54,dominicks,1600,7.377758908,0,2.49,0.090222278,0.42112564399999997,10.91089788,0.646023263,0.10352240800000001,0.04664085900000001,0.43671875,4.899564267,1.333333333,1.963412365,0.645830051
10/18/1990,54,dominicks,57920,10.96681803,1,1.24,0.090222278,0.42112564399999997,10.91089788,0.646023263,0.10352240800000001,0.04664085900000001,0.43671875,4.899564267,1.333333333,1.963412365,0.645830051
10/25/1990,54,dominicks,1536,7.336936914,0,1.59,0.090222278,0.42112564399999997,10.91089788,0.646023263,0.10352240800000001,0.04664085900000001,0.43671875,4.899564267,1.333333333,1.963412365,0.645830051
11/1/1990,54,dominicks,18432,9.821843564,1,1.59,0.090222278,0.42112564399999997,10.91089788,0.646023263,0.10352240800000001,0.04664085900000001,0.43671875,4.899564267,1.333333333,1.963412365,0.645830051
11/8/1990,54,dominicks,22080,10.0024275,0,1.29,0.090222278,0.42112564399999997,10.91089788,0.646023263,0.10352240800000001,0.04664085900000001,0.43671875,4.899564267,1.333333333,1.963412365,0.645830051
11/15/1990,54,dominicks,25280,10.13776885,0,0.99,0.090222278,0.42112564399999997,10.91089788,0.646023263,0.10352240800000001,0.04664085900000001,0.43671875,4.899564267,1.333333333,1.963412365,0.645830051
11/22/1990,54,dominicks,15552,9.651944527000001,1,1.59,0.090222278,0.42112564399999997,10.91089788,0.646023263,0.10352240800000001,0.04664085900000001,0.43671875,4.899564267,1.333333333,1.963412365,0.645830051
11/29/1990,54,dominicks,32256,10.38145935,1,2.49,0.090222278,0.42112564399999997,10.91089788,0.646023263,0.10352240800000001,0.04664085900000001,0.43671875,4.899564267,1.333333333,1.963412365,0.645830051
10/4/1990,54,minute.maid,7744,8.954673629,0,2.99,0.090222278,0.42112564399999997,10.91089788,0.646023263,0.10352240800000001,0.04664085900000001,0.43671875,4.899564267,1.333333333,1.963412365,0.645830051
10/11/1990,54,minute.maid,18624,9.832206351,1,1.99,0.090222278,0.42112564399999997,10.91089788,0.646023263,0.10352240800000001,0.04664085900000001,0.43671875,4.899564267,1.333333333,1.963412365,0.645830051
10/18/1990,54,minute.maid,3840,8.253227646000001,0,2.78,0.090222278,0.42112564399999997,10.91089788,0.646023263,0.10352240800000001,0.04664085900000001,0.43671875,4.899564267,1.333333333,1.963412365,0.645830051
10/25/1990,54,minute.maid,2880,7.965545572999999,0,2.99,0.090222278,0.42112564399999997,10.91089788,0.646023263,0.10352240800000001,0.04664085900000001,0.43671875,4.899564267,1.333333333,1.963412365,0.645830051
11/1/1990,54,minute.maid,17984,9.797237753,1,1.99,0.090222278,0.42112564399999997,10.91089788,0.646023263,0.10352240800000001,0.04664085900000001,0.43671875,4.899564267,1.333333333,1.963412365,0.645830051
11/8/1990,54,minute.maid,3008,8.009030685,0,2.99,0.090222278,0.42112564399999997,10.91089788,0.646023263,0.10352240800000001,0.04664085900000001,0.43671875,4.899564267,1.333333333,1.963412365,0.645830051
11/15/1990,54,minute.maid,22144,10.00532186,1,1.99,0.090222278,0.42112564399999997,10.91089788,0.646023263,0.10352240800000001,0.04664085900000001,0.43671875,4.899564267,1.333333333,1.963412365,0.645830051
11/22/1990,54,minute.maid,8832,9.086136769,0,1.99,0.090222278,0.42112564399999997,10.91089788,0.646023263,0.10352240800000001,0.04664085900000001,0.43671875,4.899564267,1.333333333,1.963412365,0.645830051
11/29/1990,54,minute.maid,9152,9.121727714,0,2.99,0.090222278,0.42112564399999997,10.91089788,0.646023263,0.10352240800000001,0.04664085900000001,0.43671875,4.899564267,1.333333333,1.963412365,0.645830051
10/4/1990,54,tropicana,5568,8.624791202,1,3.29,0.090222278,0.42112564399999997,10.91089788,0.646023263,0.10352240800000001,0.04664085900000001,0.43671875,4.899564267,1.333333333,1.963412365,0.645830051
10/11/1990,54,tropicana,3776,8.236420527,0,3.29,0.090222278,0.42112564399999997,10.91089788,0.646023263,0.10352240800000001,0.04664085900000001,0.43671875,4.899564267,1.333333333,1.963412365,0.645830051
10/18/1990,54,tropicana,3008,8.009030685,0,3.51,0.090222278,0.42112564399999997,10.91089788,0.646023263,0.10352240800000001,0.04664085900000001,0.43671875,4.899564267,1.333333333,1.963412365,0.645830051
10/25/1990,54,tropicana,4800,8.476371197,0,3.51,0.090222278,0.42112564399999997,10.91089788,0.646023263,0.10352240800000001,0.04664085900000001,0.43671875,4.899564267,1.333333333,1.963412365,0.645830051
11/1/1990,54,tropicana,4032,8.30201781,0,3.51,0.090222278,0.42112564399999997,10.91089788,0.646023263,0.10352240800000001,0.04664085900000001,0.43671875,4.899564267,1.333333333,1.963412365,0.645830051
11/8/1990,54,tropicana,5056,8.528330936,0,3.51,0.090222278,0.42112564399999997,10.91089788,0.646023263,0.10352240800000001,0.04664085900000001,0.43671875,4.899564267,1.333333333,1.963412365,0.645830051
11/15/1990,54,tropicana,5632,8.636219898,0,3.66,0.090222278,0.42112564399999997,10.91089788,0.646023263,0.10352240800000001,0.04664085900000001,0.43671875,4.899564267,1.333333333,1.963412365,0.645830051
11/22/1990,54,tropicana,5760,8.658692754,0,2.99,0.090222278,0.42112564399999997,10.91089788,0.646023263,0.10352240800000001,0.04664085900000001,0.43671875,4.899564267,1.333333333,1.963412365,0.645830051
11/29/1990,54,tropicana,8000,8.987196821,0,2.99,0.090222278,0.42112564399999997,10.91089788,0.646023263,0.10352240800000001,0.04664085900000001,0.43671875,4.899564267,1.333333333,1.963412365,0.645830051
10/4/1990,56,dominicks,6400,8.764053269,0,1.79,0.192888549,0.237550719,10.83182543,0.578125,0.105927922,0.041356019,0.362168183,4.865720568,0.533333333,2.998578338,0.49612666200000005
10/11/1990,56,dominicks,1152,7.049254841000001,0,2.49,0.192888549,0.237550719,10.83182543,0.578125,0.105927922,0.041356019,0.362168183,4.865720568,0.533333333,2.998578338,0.49612666200000005
10/18/1990,56,dominicks,44224,10.69702291,1,1.24,0.192888549,0.237550719,10.83182543,0.578125,0.105927922,0.041356019,0.362168183,4.865720568,0.533333333,2.998578338,0.49612666200000005
10/25/1990,56,dominicks,1280,7.154615357000001,0,1.59,0.192888549,0.237550719,10.83182543,0.578125,0.105927922,0.041356019,0.362168183,4.865720568,0.533333333,2.998578338,0.49612666200000005
11/1/1990,56,dominicks,19776,9.89222436,1,1.59,0.192888549,0.237550719,10.83182543,0.578125,0.105927922,0.041356019,0.362168183,4.865720568,0.533333333,2.998578338,0.49612666200000005
11/8/1990,56,dominicks,18560,9.828764006,0,1.29,0.192888549,0.237550719,10.83182543,0.578125,0.105927922,0.041356019,0.362168183,4.865720568,0.533333333,2.998578338,0.49612666200000005
11/15/1990,56,dominicks,23616,10.06967973,0,0.99,0.192888549,0.237550719,10.83182543,0.578125,0.105927922,0.041356019,0.362168183,4.865720568,0.533333333,2.998578338,0.49612666200000005
11/22/1990,56,dominicks,11136,9.317938383,1,1.59,0.192888549,0.237550719,10.83182543,0.578125,0.105927922,0.041356019,0.362168183,4.865720568,0.533333333,2.998578338,0.49612666200000005
11/29/1990,56,dominicks,27008,10.2038884,1,2.49,0.192888549,0.237550719,10.83182543,0.578125,0.105927922,0.041356019,0.362168183,4.865720568,0.533333333,2.998578338,0.49612666200000005
10/4/1990,56,minute.maid,10048,9.215128888999999,0,2.99,0.192888549,0.237550719,10.83182543,0.578125,0.105927922,0.041356019,0.362168183,4.865720568,0.533333333,2.998578338,0.49612666200000005
10/11/1990,56,minute.maid,22848,10.03661887,1,1.99,0.192888549,0.237550719,10.83182543,0.578125,0.105927922,0.041356019,0.362168183,4.865720568,0.533333333,2.998578338,0.49612666200000005
10/18/1990,56,minute.maid,4672,8.449342525,0,2.74,0.192888549,0.237550719,10.83182543,0.578125,0.105927922,0.041356019,0.362168183,4.865720568,0.533333333,2.998578338,0.49612666200000005
10/25/1990,56,minute.maid,2624,7.87245515,0,2.99,0.192888549,0.237550719,10.83182543,0.578125,0.105927922,0.041356019,0.362168183,4.865720568,0.533333333,2.998578338,0.49612666200000005
11/1/1990,56,minute.maid,18880,9.84585844,1,1.99,0.192888549,0.237550719,10.83182543,0.578125,0.105927922,0.041356019,0.362168183,4.865720568,0.533333333,2.998578338,0.49612666200000005
11/8/1990,56,minute.maid,2496,7.82244473,0,2.99,0.192888549,0.237550719,10.83182543,0.578125,0.105927922,0.041356019,0.362168183,4.865720568,0.533333333,2.998578338,0.49612666200000005
11/15/1990,56,minute.maid,23424,10.06151642,1,1.99,0.192888549,0.237550719,10.83182543,0.578125,0.105927922,0.041356019,0.362168183,4.865720568,0.533333333,2.998578338,0.49612666200000005
11/22/1990,56,minute.maid,6400,8.764053269,0,1.99,0.192888549,0.237550719,10.83182543,0.578125,0.105927922,0.041356019,0.362168183,4.865720568,0.533333333,2.998578338,0.49612666200000005
11/29/1990,56,minute.maid,9792,9.189321005,0,2.99,0.192888549,0.237550719,10.83182543,0.578125,0.105927922,0.041356019,0.362168183,4.865720568,0.533333333,2.998578338,0.49612666200000005
10/4/1990,56,tropicana,8192,9.010913347,1,3.29,0.192888549,0.237550719,10.83182543,0.578125,0.105927922,0.041356019,0.362168183,4.865720568,0.533333333,2.998578338,0.49612666200000005
10/11/1990,56,tropicana,5312,8.577723691000001,0,3.29,0.192888549,0.237550719,10.83182543,0.578125,0.105927922,0.041356019,0.362168183,4.865720568,0.533333333,2.998578338,0.49612666200000005
10/18/1990,56,tropicana,3776,8.236420527,0,3.51,0.192888549,0.237550719,10.83182543,0.578125,0.105927922,0.041356019,0.362168183,4.865720568,0.533333333,2.998578338,0.49612666200000005
10/25/1990,56,tropicana,6912,8.841014311,0,3.51,0.192888549,0.237550719,10.83182543,0.578125,0.105927922,0.041356019,0.362168183,4.865720568,0.533333333,2.998578338,0.49612666200000005
11/1/1990,56,tropicana,5760,8.658692754,0,3.51,0.192888549,0.237550719,10.83182543,0.578125,0.105927922,0.041356019,0.362168183,4.865720568,0.533333333,2.998578338,0.49612666200000005
11/8/1990,56,tropicana,5632,8.636219898,0,3.51,0.192888549,0.237550719,10.83182543,0.578125,0.105927922,0.041356019,0.362168183,4.865720568,0.533333333,2.998578338,0.49612666200000005
11/15/1990,56,tropicana,8448,9.041685006,0,3.66,0.192888549,0.237550719,10.83182543,0.578125,0.105927922,0.041356019,0.362168183,4.865720568,0.533333333,2.998578338,0.49612666200000005
11/22/1990,56,tropicana,9536,9.162829389,0,2.99,0.192888549,0.237550719,10.83182543,0.578125,0.105927922,0.041356019,0.362168183,4.865720568,0.533333333,2.998578338,0.49612666200000005
11/29/1990,56,tropicana,9024,9.107642974,0,2.99,0.192888549,0.237550719,10.83182543,0.578125,0.105927922,0.041356019,0.362168183,4.865720568,0.533333333,2.998578338,0.49612666200000005
10/4/1990,59,dominicks,2368,7.769800996,0,1.79,0.110818913,0.233036093,10.7150398,0.292651757,0.14067611800000002,0.024246568,0.390696107,0.21727459600000001,1.0,3.331154049,0.395539036
10/11/1990,59,dominicks,1216,7.103322062999999,0,2.29,0.110818913,0.233036093,10.7150398,0.292651757,0.14067611800000002,0.024246568,0.390696107,0.21727459600000001,1.0,3.331154049,0.395539036
10/18/1990,59,dominicks,112320,11.62910722,1,1.14,0.110818913,0.233036093,10.7150398,0.292651757,0.14067611800000002,0.024246568,0.390696107,0.21727459600000001,1.0,3.331154049,0.395539036
10/25/1990,59,dominicks,448,6.1047932320000005,0,1.59,0.110818913,0.233036093,10.7150398,0.292651757,0.14067611800000002,0.024246568,0.390696107,0.21727459600000001,1.0,3.331154049,0.395539036
11/1/1990,59,dominicks,19136,9.859326657,1,1.59,0.110818913,0.233036093,10.7150398,0.292651757,0.14067611800000002,0.024246568,0.390696107,0.21727459600000001,1.0,3.331154049,0.395539036
11/8/1990,59,dominicks,13376,9.501217335,0,1.29,0.110818913,0.233036093,10.7150398,0.292651757,0.14067611800000002,0.024246568,0.390696107,0.21727459600000001,1.0,3.331154049,0.395539036
11/15/1990,59,dominicks,25984,10.16523624,0,0.99,0.110818913,0.233036093,10.7150398,0.292651757,0.14067611800000002,0.024246568,0.390696107,0.21727459600000001,1.0,3.331154049,0.395539036
11/22/1990,59,dominicks,9536,9.162829389,1,1.59,0.110818913,0.233036093,10.7150398,0.292651757,0.14067611800000002,0.024246568,0.390696107,0.21727459600000001,1.0,3.331154049,0.395539036
11/29/1990,59,dominicks,53568,10.88870715,1,2.29,0.110818913,0.233036093,10.7150398,0.292651757,0.14067611800000002,0.024246568,0.390696107,0.21727459600000001,1.0,3.331154049,0.395539036
10/4/1990,59,minute.maid,5248,8.565602331000001,0,2.62,0.110818913,0.233036093,10.7150398,0.292651757,0.14067611800000002,0.024246568,0.390696107,0.21727459600000001,1.0,3.331154049,0.395539036
10/11/1990,59,minute.maid,31680,10.36344085,1,1.99,0.110818913,0.233036093,10.7150398,0.292651757,0.14067611800000002,0.024246568,0.390696107,0.21727459600000001,1.0,3.331154049,0.395539036
10/18/1990,59,minute.maid,2496,7.82244473,0,2.48,0.110818913,0.233036093,10.7150398,0.292651757,0.14067611800000002,0.024246568,0.390696107,0.21727459600000001,1.0,3.331154049,0.395539036
10/25/1990,59,minute.maid,3136,8.050703382,0,2.62,0.110818913,0.233036093,10.7150398,0.292651757,0.14067611800000002,0.024246568,0.390696107,0.21727459600000001,1.0,3.331154049,0.395539036
11/1/1990,59,minute.maid,25856,10.16029796,1,1.99,0.110818913,0.233036093,10.7150398,0.292651757,0.14067611800000002,0.024246568,0.390696107,0.21727459600000001,1.0,3.331154049,0.395539036
11/8/1990,59,minute.maid,3072,8.030084094,0,2.62,0.110818913,0.233036093,10.7150398,0.292651757,0.14067611800000002,0.024246568,0.390696107,0.21727459600000001,1.0,3.331154049,0.395539036
11/15/1990,59,minute.maid,36096,10.49393734,1,1.99,0.110818913,0.233036093,10.7150398,0.292651757,0.14067611800000002,0.024246568,0.390696107,0.21727459600000001,1.0,3.331154049,0.395539036
11/22/1990,59,minute.maid,11776,9.373818841,0,1.99,0.110818913,0.233036093,10.7150398,0.292651757,0.14067611800000002,0.024246568,0.390696107,0.21727459600000001,1.0,3.331154049,0.395539036
11/29/1990,59,minute.maid,5696,8.647519453,0,2.62,0.110818913,0.233036093,10.7150398,0.292651757,0.14067611800000002,0.024246568,0.390696107,0.21727459600000001,1.0,3.331154049,0.395539036
