python-sdk/tutorials/automl-with-azureml/forecasting-pipelines/oj-train.csv
WeekStarting,Store,Brand,Quantity,logQuantity,Advert,Price,Age60,COLLEGE,INCOME,Hincome150,Large HH,Minorities,WorkingWoman,SSTRDIST,SSTRVOL,CPDIST5,CPWVOL5
10/4/1990,59,tropicana,7104,8.868413285,1,2.99,0.110818913,0.233036093,10.7150398,0.292651757,0.14067611800000002,0.024246568,0.390696107,0.21727459600000001,1.0,3.331154049,0.395539036
10/11/1990,59,tropicana,3840,8.253227646000001,0,3.19,0.110818913,0.233036093,10.7150398,0.292651757,0.14067611800000002,0.024246568,0.390696107,0.21727459600000001,1.0,3.331154049,0.395539036
10/18/1990,59,tropicana,3072,8.030084094,0,3.19,0.110818913,0.233036093,10.7150398,0.292651757,0.14067611800000002,0.024246568,0.390696107,0.21727459600000001,1.0,3.331154049,0.395539036
10/25/1990,59,tropicana,3200,8.070906089,0,3.19,0.110818913,0.233036093,10.7150398,0.292651757,0.14067611800000002,0.024246568,0.390696107,0.21727459600000001,1.0,3.331154049,0.395539036
11/1/1990,59,tropicana,3264,8.090708716,0,3.19,0.110818913,0.233036093,10.7150398,0.292651757,0.14067611800000002,0.024246568,0.390696107,0.21727459600000001,1.0,3.331154049,0.395539036
11/8/1990,59,tropicana,3712,8.219326094,0,3.19,0.110818913,0.233036093,10.7150398,0.292651757,0.14067611800000002,0.024246568,0.390696107,0.21727459600000001,1.0,3.331154049,0.395539036
11/15/1990,59,tropicana,10624,9.270870872,0,3.19,0.110818913,0.233036093,10.7150398,0.292651757,0.14067611800000002,0.024246568,0.390696107,0.21727459600000001,1.0,3.331154049,0.395539036
11/22/1990,59,tropicana,5248,8.565602331000001,0,2.99,0.110818913,0.233036093,10.7150398,0.292651757,0.14067611800000002,0.024246568,0.390696107,0.21727459600000001,1.0,3.331154049,0.395539036
11/29/1990,59,tropicana,7552,8.929567707999999,0,2.99,0.110818913,0.233036093,10.7150398,0.292651757,0.14067611800000002,0.024246568,0.390696107,0.21727459600000001,1.0,3.331154049,0.395539036
10/4/1990,62,dominicks,2304,7.742402022,0,1.79,0.22253426199999998,0.517760337,11.23619652,0.916699488,0.103979265,0.026510896000000003,0.322765158,5.452685258,0.705882353,2.184049779,0.201722445
10/11/1990,62,dominicks,320,5.768320996,0,2.69,0.22253426199999998,0.517760337,11.23619652,0.916699488,0.103979265,0.026510896000000003,0.322765158,5.452685258,0.705882353,2.184049779,0.201722445
10/18/1990,62,dominicks,28288,10.25019297,1,1.24,0.22253426199999998,0.517760337,11.23619652,0.916699488,0.103979265,0.026510896000000003,0.322765158,5.452685258,0.705882353,2.184049779,0.201722445
10/25/1990,62,dominicks,576,6.356107661,0,1.59,0.22253426199999998,0.517760337,11.23619652,0.916699488,0.103979265,0.026510896000000003,0.322765158,5.452685258,0.705882353,2.184049779,0.201722445
11/1/1990,62,dominicks,7552,8.929567707999999,1,1.59,0.22253426199999998,0.517760337,11.23619652,0.916699488,0.103979265,0.026510896000000003,0.322765158,5.452685258,0.705882353,2.184049779,0.201722445
11/8/1990,62,dominicks,6400,8.764053269,0,1.29,0.22253426199999998,0.517760337,11.23619652,0.916699488,0.103979265,0.026510896000000003,0.322765158,5.452685258,0.705882353,2.184049779,0.201722445
11/15/1990,62,dominicks,22912,10.03941607,0,0.99,0.22253426199999998,0.517760337,11.23619652,0.916699488,0.103979265,0.026510896000000003,0.322765158,5.452685258,0.705882353,2.184049779,0.201722445
11/22/1990,62,dominicks,10368,9.246479419,1,1.59,0.22253426199999998,0.517760337,11.23619652,0.916699488,0.103979265,0.026510896000000003,0.322765158,5.452685258,0.705882353,2.184049779,0.201722445
11/29/1990,62,dominicks,16320,9.700146628999999,1,2.49,0.22253426199999998,0.517760337,11.23619652,0.916699488,0.103979265,0.026510896000000003,0.322765158,5.452685258,0.705882353,2.184049779,0.201722445
10/4/1990,62,minute.maid,9664,9.17616292,0,3.17,0.22253426199999998,0.517760337,11.23619652,0.916699488,0.103979265,0.026510896000000003,0.322765158,5.452685258,0.705882353,2.184049779,0.201722445
10/11/1990,62,minute.maid,28032,10.24110199,1,1.99,0.22253426199999998,0.517760337,11.23619652,0.916699488,0.103979265,0.026510896000000003,0.322765158,5.452685258,0.705882353,2.184049779,0.201722445
10/18/1990,62,minute.maid,7040,8.859363449,0,2.87,0.22253426199999998,0.517760337,11.23619652,0.916699488,0.103979265,0.026510896000000003,0.322765158,5.452685258,0.705882353,2.184049779,0.201722445
10/25/1990,62,minute.maid,5120,8.540909718,0,3.17,0.22253426199999998,0.517760337,11.23619652,0.916699488,0.103979265,0.026510896000000003,0.322765158,5.452685258,0.705882353,2.184049779,0.201722445
11/1/1990,62,minute.maid,28288,10.25019297,1,1.99,0.22253426199999998,0.517760337,11.23619652,0.916699488,0.103979265,0.026510896000000003,0.322765158,5.452685258,0.705882353,2.184049779,0.201722445
11/8/1990,62,minute.maid,3520,8.166216269,0,3.17,0.22253426199999998,0.517760337,11.23619652,0.916699488,0.103979265,0.026510896000000003,0.322765158,5.452685258,0.705882353,2.184049779,0.201722445
11/15/1990,62,minute.maid,32832,10.39915893,1,1.99,0.22253426199999998,0.517760337,11.23619652,0.916699488,0.103979265,0.026510896000000003,0.322765158,5.452685258,0.705882353,2.184049779,0.201722445
11/22/1990,62,minute.maid,7616,8.938006577000001,0,1.99,0.22253426199999998,0.517760337,11.23619652,0.916699488,0.103979265,0.026510896000000003,0.322765158,5.452685258,0.705882353,2.184049779,0.201722445
11/29/1990,62,minute.maid,12416,9.426741242,0,3.17,0.22253426199999998,0.517760337,11.23619652,0.916699488,0.103979265,0.026510896000000003,0.322765158,5.452685258,0.705882353,2.184049779,0.201722445
10/4/1990,62,tropicana,16896,9.734832187,1,3.29,0.22253426199999998,0.517760337,11.23619652,0.916699488,0.103979265,0.026510896000000003,0.322765158,5.452685258,0.705882353,2.184049779,0.201722445
10/11/1990,62,tropicana,11456,9.346268889,0,3.29,0.22253426199999998,0.517760337,11.23619652,0.916699488,0.103979265,0.026510896000000003,0.322765158,5.452685258,0.705882353,2.184049779,0.201722445
10/18/1990,62,tropicana,10112,9.221478116,0,3.56,0.22253426199999998,0.517760337,11.23619652,0.916699488,0.103979265,0.026510896000000003,0.322765158,5.452685258,0.705882353,2.184049779,0.201722445
10/25/1990,62,tropicana,11968,9.3899917,0,3.56,0.22253426199999998,0.517760337,11.23619652,0.916699488,0.103979265,0.026510896000000003,0.322765158,5.452685258,0.705882353,2.184049779,0.201722445
11/1/1990,62,tropicana,10752,9.282847063,0,3.56,0.22253426199999998,0.517760337,11.23619652,0.916699488,0.103979265,0.026510896000000003,0.322765158,5.452685258,0.705882353,2.184049779,0.201722445
11/8/1990,62,tropicana,9216,9.128696383,0,3.56,0.22253426199999998,0.517760337,11.23619652,0.916699488,0.103979265,0.026510896000000003,0.322765158,5.452685258,0.705882353,2.184049779,0.201722445
11/15/1990,62,tropicana,19968,9.901886271,0,3.87,0.22253426199999998,0.517760337,11.23619652,0.916699488,0.103979265,0.026510896000000003,0.322765158,5.452685258,0.705882353,2.184049779,0.201722445
11/22/1990,62,tropicana,19200,9.862665558,0,2.99,0.22253426199999998,0.517760337,11.23619652,0.916699488,0.103979265,0.026510896000000003,0.322765158,5.452685258,0.705882353,2.184049779,0.201722445
11/29/1990,62,tropicana,16768,9.727227587,0,2.99,0.22253426199999998,0.517760337,11.23619652,0.916699488,0.103979265,0.026510896000000003,0.322765158,5.452685258,0.705882353,2.184049779,0.201722445
10/4/1990,64,dominicks,8832,9.086136769,0,1.79,0.141992021,0.16082131,10.60581744,0.093860685,0.135339885,0.07003419799999999,0.391294542,3.503787688,1.9230769230000002,1.939224403,0.560240328
10/11/1990,64,dominicks,1280,7.154615357000001,0,2.49,0.141992021,0.16082131,10.60581744,0.093860685,0.135339885,0.07003419799999999,0.391294542,3.503787688,1.9230769230000002,1.939224403,0.560240328
10/18/1990,64,dominicks,48000,10.77895629,1,1.24,0.141992021,0.16082131,10.60581744,0.093860685,0.135339885,0.07003419799999999,0.391294542,3.503787688,1.9230769230000002,1.939224403,0.560240328
10/25/1990,64,dominicks,2048,7.624618986000001,0,1.59,0.141992021,0.16082131,10.60581744,0.093860685,0.135339885,0.07003419799999999,0.391294542,3.503787688,1.9230769230000002,1.939224403,0.560240328
11/1/1990,64,dominicks,11392,9.340666634,1,1.59,0.141992021,0.16082131,10.60581744,0.093860685,0.135339885,0.07003419799999999,0.391294542,3.503787688,1.9230769230000002,1.939224403,0.560240328
11/15/1990,64,dominicks,48320,10.78560083,0,0.99,0.141992021,0.16082131,10.60581744,0.093860685,0.135339885,0.07003419799999999,0.391294542,3.503787688,1.9230769230000002,1.939224403,0.560240328
11/22/1990,64,dominicks,7616,8.938006577000001,1,1.59,0.141992021,0.16082131,10.60581744,0.093860685,0.135339885,0.07003419799999999,0.391294542,3.503787688,1.9230769230000002,1.939224403,0.560240328
11/29/1990,64,dominicks,25664,10.15284451,1,2.49,0.141992021,0.16082131,10.60581744,0.093860685,0.135339885,0.07003419799999999,0.391294542,3.503787688,1.9230769230000002,1.939224403,0.560240328
10/4/1990,64,minute.maid,4608,8.435549202,0,2.99,0.141992021,0.16082131,10.60581744,0.093860685,0.135339885,0.07003419799999999,0.391294542,3.503787688,1.9230769230000002,1.939224403,0.560240328
10/11/1990,64,minute.maid,20992,9.951896692,1,1.99,0.141992021,0.16082131,10.60581744,0.093860685,0.135339885,0.07003419799999999,0.391294542,3.503787688,1.9230769230000002,1.939224403,0.560240328
10/18/1990,64,minute.maid,3968,8.286017467999999,0,2.76,0.141992021,0.16082131,10.60581744,0.093860685,0.135339885,0.07003419799999999,0.391294542,3.503787688,1.9230769230000002,1.939224403,0.560240328
10/25/1990,64,minute.maid,3264,8.090708716,0,2.99,0.141992021,0.16082131,10.60581744,0.093860685,0.135339885,0.07003419799999999,0.391294542,3.503787688,1.9230769230000002,1.939224403,0.560240328
11/1/1990,64,minute.maid,14848,9.605620455,1,1.99,0.141992021,0.16082131,10.60581744,0.093860685,0.135339885,0.07003419799999999,0.391294542,3.503787688,1.9230769230000002,1.939224403,0.560240328
11/15/1990,64,minute.maid,16192,9.692272572,1,1.99,0.141992021,0.16082131,10.60581744,0.093860685,0.135339885,0.07003419799999999,0.391294542,3.503787688,1.9230769230000002,1.939224403,0.560240328
11/22/1990,64,minute.maid,8384,9.034080407000001,0,1.99,0.141992021,0.16082131,10.60581744,0.093860685,0.135339885,0.07003419799999999,0.391294542,3.503787688,1.9230769230000002,1.939224403,0.560240328
11/29/1990,64,minute.maid,6464,8.774003599999999,0,2.99,0.141992021,0.16082131,10.60581744,0.093860685,0.135339885,0.07003419799999999,0.391294542,3.503787688,1.9230769230000002,1.939224403,0.560240328
10/4/1990,64,tropicana,3328,8.110126802,1,3.29,0.141992021,0.16082131,10.60581744,0.093860685,0.135339885,0.07003419799999999,0.391294542,3.503787688,1.9230769230000002,1.939224403,0.560240328
10/11/1990,64,tropicana,2048,7.624618986000001,0,3.29,0.141992021,0.16082131,10.60581744,0.093860685,0.135339885,0.07003419799999999,0.391294542,3.503787688,1.9230769230000002,1.939224403,0.560240328
10/18/1990,64,tropicana,1408,7.249925537,0,3.51,0.141992021,0.16082131,10.60581744,0.093860685,0.135339885,0.07003419799999999,0.391294542,3.503787688,1.9230769230000002,1.939224403,0.560240328
10/25/1990,64,tropicana,3520,8.166216269,0,3.51,0.141992021,0.16082131,10.60581744,0.093860685,0.135339885,0.07003419799999999,0.391294542,3.503787688,1.9230769230000002,1.939224403,0.560240328
11/1/1990,64,tropicana,2624,7.87245515,0,3.51,0.141992021,0.16082131,10.60581744,0.093860685,0.135339885,0.07003419799999999,0.391294542,3.503787688,1.9230769230000002,1.939224403,0.560240328
11/15/1990,64,tropicana,2880,7.965545572999999,0,3.66,0.141992021,0.16082131,10.60581744,0.093860685,0.135339885,0.07003419799999999,0.391294542,3.503787688,1.9230769230000002,1.939224403,0.560240328
11/22/1990,64,tropicana,3392,8.129174997,0,2.99,0.141992021,0.16082131,10.60581744,0.093860685,0.135339885,0.07003419799999999,0.391294542,3.503787688,1.9230769230000002,1.939224403,0.560240328
11/29/1990,64,tropicana,4224,8.348537825,0,2.99,0.141992021,0.16082131,10.60581744,0.093860685,0.135339885,0.07003419799999999,0.391294542,3.503787688,1.9230769230000002,1.939224403,0.560240328
10/4/1990,67,dominicks,2560,7.847762538,0,1.79,0.210272984,0.28439465399999997,10.79695991,0.376326075,0.101871469,0.05053977900000001,0.385157627,1.63276453,1.785714286,1.929939975,1.143366607
10/11/1990,67,dominicks,832,6.723832441,0,2.29,0.210272984,0.28439465399999997,10.79695991,0.376326075,0.101871469,0.05053977900000001,0.385157627,1.63276453,1.785714286,1.929939975,1.143366607
10/18/1990,67,dominicks,99392,11.50682691,1,1.14,0.210272984,0.28439465399999997,10.79695991,0.376326075,0.101871469,0.05053977900000001,0.385157627,1.63276453,1.785714286,1.929939975,1.143366607
10/25/1990,67,dominicks,1024,6.931471806,0,1.59,0.210272984,0.28439465399999997,10.79695991,0.376326075,0.101871469,0.05053977900000001,0.385157627,1.63276453,1.785714286,1.929939975,1.143366607
11/1/1990,67,dominicks,5440,8.60153434,1,1.59,0.210272984,0.28439465399999997,10.79695991,0.376326075,0.101871469,0.05053977900000001,0.385157627,1.63276453,1.785714286,1.929939975,1.143366607
11/8/1990,67,dominicks,7936,8.979164649,0,1.29,0.210272984,0.28439465399999997,10.79695991,0.376326075,0.101871469,0.05053977900000001,0.385157627,1.63276453,1.785714286,1.929939975,1.143366607
11/15/1990,67,dominicks,25600,10.15034763,0,0.99,0.210272984,0.28439465399999997,10.79695991,0.376326075,0.101871469,0.05053977900000001,0.385157627,1.63276453,1.785714286,1.929939975,1.143366607
11/22/1990,67,dominicks,9600,9.169518378,1,1.59,0.210272984,0.28439465399999997,10.79695991,0.376326075,0.101871469,0.05053977900000001,0.385157627,1.63276453,1.785714286,1.929939975,1.143366607
11/29/1990,67,dominicks,30528,10.32639957,1,2.29,0.210272984,0.28439465399999997,10.79695991,0.376326075,0.101871469,0.05053977900000001,0.385157627,1.63276453,1.785714286,1.929939975,1.143366607
10/4/1990,67,minute.maid,7040,8.859363449,0,2.62,0.210272984,0.28439465399999997,10.79695991,0.376326075,0.101871469,0.05053977900000001,0.385157627,1.63276453,1.785714286,1.929939975,1.143366607
10/11/1990,67,minute.maid,29440,10.29010957,1,1.99,0.210272984,0.28439465399999997,10.79695991,0.376326075,0.101871469,0.05053977900000001,0.385157627,1.63276453,1.785714286,1.929939975,1.143366607
10/18/1990,67,minute.maid,3264,8.090708716,0,2.33,0.210272984,0.28439465399999997,10.79695991,0.376326075,0.101871469,0.05053977900000001,0.385157627,1.63276453,1.785714286,1.929939975,1.143366607
10/25/1990,67,minute.maid,3648,8.201934351,0,2.62,0.210272984,0.28439465399999997,10.79695991,0.376326075,0.101871469,0.05053977900000001,0.385157627,1.63276453,1.785714286,1.929939975,1.143366607
11/1/1990,67,minute.maid,63680,11.06162582,1,1.79,0.210272984,0.28439465399999997,10.79695991,0.376326075,0.101871469,0.05053977900000001,0.385157627,1.63276453,1.785714286,1.929939975,1.143366607
11/8/1990,67,minute.maid,3200,8.070906089,0,2.62,0.210272984,0.28439465399999997,10.79695991,0.376326075,0.101871469,0.05053977900000001,0.385157627,1.63276453,1.785714286,1.929939975,1.143366607
11/15/1990,67,minute.maid,19904,9.898675996,1,1.99,0.210272984,0.28439465399999997,10.79695991,0.376326075,0.101871469,0.05053977900000001,0.385157627,1.63276453,1.785714286,1.929939975,1.143366607
11/22/1990,67,minute.maid,14272,9.566054855,0,1.99,0.210272984,0.28439465399999997,10.79695991,0.376326075,0.101871469,0.05053977900000001,0.385157627,1.63276453,1.785714286,1.929939975,1.143366607
11/29/1990,67,minute.maid,10944,9.30054664,0,2.62,0.210272984,0.28439465399999997,10.79695991,0.376326075,0.101871469,0.05053977900000001,0.385157627,1.63276453,1.785714286,1.929939975,1.143366607
10/4/1990,67,tropicana,5312,8.577723691000001,1,3.19,0.210272984,0.28439465399999997,10.79695991,0.376326075,0.101871469,0.05053977900000001,0.385157627,1.63276453,1.785714286,1.929939975,1.143366607
10/11/1990,67,tropicana,3904,8.269756948,0,3.19,0.210272984,0.28439465399999997,10.79695991,0.376326075,0.101871469,0.05053977900000001,0.385157627,1.63276453,1.785714286,1.929939975,1.143366607
10/18/1990,67,tropicana,4736,8.462948177000001,0,3.04,0.210272984,0.28439465399999997,10.79695991,0.376326075,0.101871469,0.05053977900000001,0.385157627,1.63276453,1.785714286,1.929939975,1.143366607
10/25/1990,67,tropicana,5888,8.68067166,0,3.04,0.210272984,0.28439465399999997,10.79695991,0.376326075,0.101871469,0.05053977900000001,0.385157627,1.63276453,1.785714286,1.929939975,1.143366607
11/1/1990,67,tropicana,5504,8.61323038,0,3.04,0.210272984,0.28439465399999997,10.79695991,0.376326075,0.101871469,0.05053977900000001,0.385157627,1.63276453,1.785714286,1.929939975,1.143366607
11/8/1990,67,tropicana,6144,8.723231275,0,3.04,0.210272984,0.28439465399999997,10.79695991,0.376326075,0.101871469,0.05053977900000001,0.385157627,1.63276453,1.785714286,1.929939975,1.143366607
11/15/1990,67,tropicana,8064,8.99516499,0,3.19,0.210272984,0.28439465399999997,10.79695991,0.376326075,0.101871469,0.05053977900000001,0.385157627,1.63276453,1.785714286,1.929939975,1.143366607
11/22/1990,67,tropicana,7040,8.859363449,0,2.99,0.210272984,0.28439465399999997,10.79695991,0.376326075,0.101871469,0.05053977900000001,0.385157627,1.63276453,1.785714286,1.929939975,1.143366607
11/29/1990,67,tropicana,7936,8.979164649,0,2.99,0.210272984,0.28439465399999997,10.79695991,0.376326075,0.101871469,0.05053977900000001,0.385157627,1.63276453,1.785714286,1.929939975,1.143366607
