python-sdk/tutorials/automl-with-azureml/forecasting-pipelines/oj-train.csv
WeekStarting,Store,Brand,Quantity,logQuantity,Advert,Price,Age60,COLLEGE,INCOME,Hincome150,Large HH,Minorities,WorkingWoman,SSTRDIST,SSTRVOL,CPDIST5,CPWVOL5
10/4/1990,68,dominicks,11712,9.368369236,0,1.79,0.181417756,0.15972151099999998,10.188365699999999,0.21865443399999998,0.108476376,0.22099105300000002,0.330539657,6.650601624,1.5384615380000002,1.626191859,0.125092069
10/11/1990,68,dominicks,960,6.866933285,0,2.69,0.181417756,0.15972151099999998,10.188365699999999,0.21865443399999998,0.108476376,0.22099105300000002,0.330539657,6.650601624,1.5384615380000002,1.626191859,0.125092069
10/18/1990,68,dominicks,62784,11.04745554,1,1.24,0.181417756,0.15972151099999998,10.188365699999999,0.21865443399999998,0.108476376,0.22099105300000002,0.330539657,6.650601624,1.5384615380000002,1.626191859,0.125092069
10/25/1990,68,dominicks,896,6.797940412999999,0,1.59,0.181417756,0.15972151099999998,10.188365699999999,0.21865443399999998,0.108476376,0.22099105300000002,0.330539657,6.650601624,1.5384615380000002,1.626191859,0.125092069
11/1/1990,68,dominicks,16768,9.727227587,1,1.59,0.181417756,0.15972151099999998,10.188365699999999,0.21865443399999998,0.108476376,0.22099105300000002,0.330539657,6.650601624,1.5384615380000002,1.626191859,0.125092069
11/8/1990,68,dominicks,23616,10.06967973,0,1.29,0.181417756,0.15972151099999998,10.188365699999999,0.21865443399999998,0.108476376,0.22099105300000002,0.330539657,6.650601624,1.5384615380000002,1.626191859,0.125092069
11/15/1990,68,dominicks,16320,9.700146628999999,0,0.99,0.181417756,0.15972151099999998,10.188365699999999,0.21865443399999998,0.108476376,0.22099105300000002,0.330539657,6.650601624,1.5384615380000002,1.626191859,0.125092069
11/22/1990,68,dominicks,19008,9.852615222,1,1.59,0.181417756,0.15972151099999998,10.188365699999999,0.21865443399999998,0.108476376,0.22099105300000002,0.330539657,6.650601624,1.5384615380000002,1.626191859,0.125092069
11/29/1990,68,dominicks,31552,10.35939226,1,2.49,0.181417756,0.15972151099999998,10.188365699999999,0.21865443399999998,0.108476376,0.22099105300000002,0.330539657,6.650601624,1.5384615380000002,1.626191859,0.125092069
10/4/1990,68,minute.maid,10880,9.29468152,0,3.17,0.181417756,0.15972151099999998,10.188365699999999,0.21865443399999998,0.108476376,0.22099105300000002,0.330539657,6.650601624,1.5384615380000002,1.626191859,0.125092069
10/11/1990,68,minute.maid,41216,10.62658181,1,1.99,0.181417756,0.15972151099999998,10.188365699999999,0.21865443399999998,0.108476376,0.22099105300000002,0.330539657,6.650601624,1.5384615380000002,1.626191859,0.125092069
10/18/1990,68,minute.maid,2240,7.714231145,0,3.13,0.181417756,0.15972151099999998,10.188365699999999,0.21865443399999998,0.108476376,0.22099105300000002,0.330539657,6.650601624,1.5384615380000002,1.626191859,0.125092069
10/25/1990,68,minute.maid,2368,7.769800996,0,3.17,0.181417756,0.15972151099999998,10.188365699999999,0.21865443399999998,0.108476376,0.22099105300000002,0.330539657,6.650601624,1.5384615380000002,1.626191859,0.125092069
11/1/1990,68,minute.maid,35072,10.46515837,1,1.99,0.181417756,0.15972151099999998,10.188365699999999,0.21865443399999998,0.108476376,0.22099105300000002,0.330539657,6.650601624,1.5384615380000002,1.626191859,0.125092069
11/8/1990,68,minute.maid,2880,7.965545572999999,0,3.17,0.181417756,0.15972151099999998,10.188365699999999,0.21865443399999998,0.108476376,0.22099105300000002,0.330539657,6.650601624,1.5384615380000002,1.626191859,0.125092069
11/15/1990,68,minute.maid,49600,10.81174611,1,1.99,0.181417756,0.15972151099999998,10.188365699999999,0.21865443399999998,0.108476376,0.22099105300000002,0.330539657,6.650601624,1.5384615380000002,1.626191859,0.125092069
11/22/1990,68,minute.maid,10240,9.234056899,0,1.99,0.181417756,0.15972151099999998,10.188365699999999,0.21865443399999998,0.108476376,0.22099105300000002,0.330539657,6.650601624,1.5384615380000002,1.626191859,0.125092069
11/29/1990,68,minute.maid,12800,9.45720045,0,3.17,0.181417756,0.15972151099999998,10.188365699999999,0.21865443399999998,0.108476376,0.22099105300000002,0.330539657,6.650601624,1.5384615380000002,1.626191859,0.125092069
10/4/1990,68,tropicana,14912,9.609921537,1,2.99,0.181417756,0.15972151099999998,10.188365699999999,0.21865443399999998,0.108476376,0.22099105300000002,0.330539657,6.650601624,1.5384615380000002,1.626191859,0.125092069
10/11/1990,68,tropicana,9344,9.142489705,0,2.99,0.181417756,0.15972151099999998,10.188365699999999,0.21865443399999998,0.108476376,0.22099105300000002,0.330539657,6.650601624,1.5384615380000002,1.626191859,0.125092069
10/18/1990,68,tropicana,8704,9.071537969,0,2.99,0.181417756,0.15972151099999998,10.188365699999999,0.21865443399999998,0.108476376,0.22099105300000002,0.330539657,6.650601624,1.5384615380000002,1.626191859,0.125092069
10/25/1990,68,tropicana,5376,8.589699882,0,3.87,0.181417756,0.15972151099999998,10.188365699999999,0.21865443399999998,0.108476376,0.22099105300000002,0.330539657,6.650601624,1.5384615380000002,1.626191859,0.125092069
11/1/1990,68,tropicana,5376,8.589699882,0,3.87,0.181417756,0.15972151099999998,10.188365699999999,0.21865443399999998,0.108476376,0.22099105300000002,0.330539657,6.650601624,1.5384615380000002,1.626191859,0.125092069
11/8/1990,68,tropicana,4352,8.378390789,0,3.87,0.181417756,0.15972151099999998,10.188365699999999,0.21865443399999998,0.108476376,0.22099105300000002,0.330539657,6.650601624,1.5384615380000002,1.626191859,0.125092069
11/15/1990,68,tropicana,7296,8.895081532,0,3.87,0.181417756,0.15972151099999998,10.188365699999999,0.21865443399999998,0.108476376,0.22099105300000002,0.330539657,6.650601624,1.5384615380000002,1.626191859,0.125092069
11/22/1990,68,tropicana,12480,9.431882642,0,2.99,0.181417756,0.15972151099999998,10.188365699999999,0.21865443399999998,0.108476376,0.22099105300000002,0.330539657,6.650601624,1.5384615380000002,1.626191859,0.125092069
11/29/1990,68,tropicana,10816,9.288781797999999,0,2.99,0.181417756,0.15972151099999998,10.188365699999999,0.21865443399999998,0.108476376,0.22099105300000002,0.330539657,6.650601624,1.5384615380000002,1.626191859,0.125092069
10/4/1990,70,dominicks,16640,9.719564714,0,1.79,0.19023580399999998,0.165669605,10.41235125,0.049271137,0.110542664,0.162860821,0.32772939,3.909329477,0.5,3.5277684369999998,0.367773151
10/11/1990,70,dominicks,10688,9.276876896000001,0,1.85,0.19023580399999998,0.165669605,10.41235125,0.049271137,0.110542664,0.162860821,0.32772939,3.909329477,0.5,3.5277684369999998,0.367773151
10/18/1990,70,dominicks,120640,11.70056618,1,0.92,0.19023580399999998,0.165669605,10.41235125,0.049271137,0.110542664,0.162860821,0.32772939,3.909329477,0.5,3.5277684369999998,0.367773151
10/25/1990,70,dominicks,8448,9.041685006,0,1.59,0.19023580399999998,0.165669605,10.41235125,0.049271137,0.110542664,0.162860821,0.32772939,3.909329477,0.5,3.5277684369999998,0.367773151
11/1/1990,70,dominicks,21568,9.978966014,1,1.59,0.19023580399999998,0.165669605,10.41235125,0.049271137,0.110542664,0.162860821,0.32772939,3.909329477,0.5,3.5277684369999998,0.367773151
11/8/1990,70,dominicks,23296,10.05603695,0,1.29,0.19023580399999998,0.165669605,10.41235125,0.049271137,0.110542664,0.162860821,0.32772939,3.909329477,0.5,3.5277684369999998,0.367773151
11/15/1990,70,dominicks,75072,11.22620293,0,0.99,0.19023580399999998,0.165669605,10.41235125,0.049271137,0.110542664,0.162860821,0.32772939,3.909329477,0.5,3.5277684369999998,0.367773151
11/22/1990,70,dominicks,29376,10.28793329,1,1.59,0.19023580399999998,0.165669605,10.41235125,0.049271137,0.110542664,0.162860821,0.32772939,3.909329477,0.5,3.5277684369999998,0.367773151
11/29/1990,70,dominicks,59520,10.99406767,1,1.85,0.19023580399999998,0.165669605,10.41235125,0.049271137,0.110542664,0.162860821,0.32772939,3.909329477,0.5,3.5277684369999998,0.367773151
10/4/1990,70,minute.maid,10496,9.258749511,0,2.62,0.19023580399999998,0.165669605,10.41235125,0.049271137,0.110542664,0.162860821,0.32772939,3.909329477,0.5,3.5277684369999998,0.367773151
10/11/1990,70,minute.maid,27968,10.23881628,1,1.99,0.19023580399999998,0.165669605,10.41235125,0.049271137,0.110542664,0.162860821,0.32772939,3.909329477,0.5,3.5277684369999998,0.367773151
10/18/1990,70,minute.maid,6144,8.723231275,0,2.51,0.19023580399999998,0.165669605,10.41235125,0.049271137,0.110542664,0.162860821,0.32772939,3.909329477,0.5,3.5277684369999998,0.367773151
10/25/1990,70,minute.maid,5696,8.647519453,0,2.62,0.19023580399999998,0.165669605,10.41235125,0.049271137,0.110542664,0.162860821,0.32772939,3.909329477,0.5,3.5277684369999998,0.367773151
11/1/1990,70,minute.maid,29632,10.29661014,1,1.99,0.19023580399999998,0.165669605,10.41235125,0.049271137,0.110542664,0.162860821,0.32772939,3.909329477,0.5,3.5277684369999998,0.367773151
11/8/1990,70,minute.maid,6016,8.702177866,0,2.62,0.19023580399999998,0.165669605,10.41235125,0.049271137,0.110542664,0.162860821,0.32772939,3.909329477,0.5,3.5277684369999998,0.367773151
11/15/1990,70,minute.maid,28032,10.24110199,1,1.99,0.19023580399999998,0.165669605,10.41235125,0.049271137,0.110542664,0.162860821,0.32772939,3.909329477,0.5,3.5277684369999998,0.367773151
11/22/1990,70,minute.maid,8960,9.100525506,0,1.99,0.19023580399999998,0.165669605,10.41235125,0.049271137,0.110542664,0.162860821,0.32772939,3.909329477,0.5,3.5277684369999998,0.367773151
11/29/1990,70,minute.maid,10688,9.276876896000001,0,2.62,0.19023580399999998,0.165669605,10.41235125,0.049271137,0.110542664,0.162860821,0.32772939,3.909329477,0.5,3.5277684369999998,0.367773151
10/4/1990,70,tropicana,12864,9.462187991,1,2.66,0.19023580399999998,0.165669605,10.41235125,0.049271137,0.110542664,0.162860821,0.32772939,3.909329477,0.5,3.5277684369999998,0.367773151
10/11/1990,70,tropicana,7168,8.877381955,0,2.64,0.19023580399999998,0.165669605,10.41235125,0.049271137,0.110542664,0.162860821,0.32772939,3.909329477,0.5,3.5277684369999998,0.367773151
10/18/1990,70,tropicana,8192,9.010913347,0,2.64,0.19023580399999998,0.165669605,10.41235125,0.049271137,0.110542664,0.162860821,0.32772939,3.909329477,0.5,3.5277684369999998,0.367773151
10/25/1990,70,tropicana,8448,9.041685006,0,2.64,0.19023580399999998,0.165669605,10.41235125,0.049271137,0.110542664,0.162860821,0.32772939,3.909329477,0.5,3.5277684369999998,0.367773151
11/1/1990,70,tropicana,9472,9.156095357,0,2.65,0.19023580399999998,0.165669605,10.41235125,0.049271137,0.110542664,0.162860821,0.32772939,3.909329477,0.5,3.5277684369999998,0.367773151
11/8/1990,70,tropicana,9408,9.14931567,0,2.65,0.19023580399999998,0.165669605,10.41235125,0.049271137,0.110542664,0.162860821,0.32772939,3.909329477,0.5,3.5277684369999998,0.367773151
11/15/1990,70,tropicana,12416,9.426741242,0,2.64,0.19023580399999998,0.165669605,10.41235125,0.049271137,0.110542664,0.162860821,0.32772939,3.909329477,0.5,3.5277684369999998,0.367773151
11/22/1990,70,tropicana,7936,8.979164649,0,2.65,0.19023580399999998,0.165669605,10.41235125,0.049271137,0.110542664,0.162860821,0.32772939,3.909329477,0.5,3.5277684369999998,0.367773151
11/29/1990,70,tropicana,11136,9.317938383,0,2.59,0.19023580399999998,0.165669605,10.41235125,0.049271137,0.110542664,0.162860821,0.32772939,3.909329477,0.5,3.5277684369999998,0.367773151
10/4/1990,71,dominicks,11072,9.312174678,0,1.79,0.26807087,0.159588077,10.40483843,0.163882428,0.075013729,0.074828009,0.303101737,6.673879403,1.45,1.818358986,0.266474174
10/11/1990,71,dominicks,1088,6.992096427000001,0,2.69,0.26807087,0.159588077,10.40483843,0.163882428,0.075013729,0.074828009,0.303101737,6.673879403,1.45,1.818358986,0.266474174
10/18/1990,71,dominicks,135872,11.81946855,1,1.24,0.26807087,0.159588077,10.40483843,0.163882428,0.075013729,0.074828009,0.303101737,6.673879403,1.45,1.818358986,0.266474174
10/25/1990,71,dominicks,1216,7.103322062999999,0,1.59,0.26807087,0.159588077,10.40483843,0.163882428,0.075013729,0.074828009,0.303101737,6.673879403,1.45,1.818358986,0.266474174
11/1/1990,71,dominicks,44480,10.70279493,1,1.59,0.26807087,0.159588077,10.40483843,0.163882428,0.075013729,0.074828009,0.303101737,6.673879403,1.45,1.818358986,0.266474174
11/8/1990,71,dominicks,29952,10.30735138,0,1.29,0.26807087,0.159588077,10.40483843,0.163882428,0.075013729,0.074828009,0.303101737,6.673879403,1.45,1.818358986,0.266474174
11/15/1990,71,dominicks,36096,10.49393734,0,0.99,0.26807087,0.159588077,10.40483843,0.163882428,0.075013729,0.074828009,0.303101737,6.673879403,1.45,1.818358986,0.266474174
11/22/1990,71,dominicks,28032,10.24110199,1,1.59,0.26807087,0.159588077,10.40483843,0.163882428,0.075013729,0.074828009,0.303101737,6.673879403,1.45,1.818358986,0.266474174
11/29/1990,71,dominicks,42048,10.6465671,1,2.49,0.26807087,0.159588077,10.40483843,0.163882428,0.075013729,0.074828009,0.303101737,6.673879403,1.45,1.818358986,0.266474174
10/4/1990,71,minute.maid,10240,9.234056899,0,3.17,0.26807087,0.159588077,10.40483843,0.163882428,0.075013729,0.074828009,0.303101737,6.673879403,1.45,1.818358986,0.266474174
10/11/1990,71,minute.maid,41152,10.62502781,1,1.99,0.26807087,0.159588077,10.40483843,0.163882428,0.075013729,0.074828009,0.303101737,6.673879403,1.45,1.818358986,0.266474174
10/18/1990,71,minute.maid,4800,8.476371197,0,2.66,0.26807087,0.159588077,10.40483843,0.163882428,0.075013729,0.074828009,0.303101737,6.673879403,1.45,1.818358986,0.266474174
10/25/1990,71,minute.maid,1280,7.154615357000001,0,3.17,0.26807087,0.159588077,10.40483843,0.163882428,0.075013729,0.074828009,0.303101737,6.673879403,1.45,1.818358986,0.266474174
11/1/1990,71,minute.maid,29376,10.28793329,1,1.99,0.26807087,0.159588077,10.40483843,0.163882428,0.075013729,0.074828009,0.303101737,6.673879403,1.45,1.818358986,0.266474174
11/8/1990,71,minute.maid,1664,7.416979621,0,3.17,0.26807087,0.159588077,10.40483843,0.163882428,0.075013729,0.074828009,0.303101737,6.673879403,1.45,1.818358986,0.266474174
11/15/1990,71,minute.maid,47744,10.77360868,1,1.99,0.26807087,0.159588077,10.40483843,0.163882428,0.075013729,0.074828009,0.303101737,6.673879403,1.45,1.818358986,0.266474174
11/22/1990,71,minute.maid,7552,8.929567707999999,0,1.99,0.26807087,0.159588077,10.40483843,0.163882428,0.075013729,0.074828009,0.303101737,6.673879403,1.45,1.818358986,0.266474174
11/29/1990,71,minute.maid,11840,9.379238908,0,3.17,0.26807087,0.159588077,10.40483843,0.163882428,0.075013729,0.074828009,0.303101737,6.673879403,1.45,1.818358986,0.266474174
10/4/1990,71,tropicana,8192,9.010913347,1,3.29,0.26807087,0.159588077,10.40483843,0.163882428,0.075013729,0.074828009,0.303101737,6.673879403,1.45,1.818358986,0.266474174
10/11/1990,71,tropicana,3904,8.269756948,0,3.29,0.26807087,0.159588077,10.40483843,0.163882428,0.075013729,0.074828009,0.303101737,6.673879403,1.45,1.818358986,0.266474174
10/18/1990,71,tropicana,4160,8.333270353,0,3.56,0.26807087,0.159588077,10.40483843,0.163882428,0.075013729,0.074828009,0.303101737,6.673879403,1.45,1.818358986,0.266474174
10/25/1990,71,tropicana,3072,8.030084094,0,3.56,0.26807087,0.159588077,10.40483843,0.163882428,0.075013729,0.074828009,0.303101737,6.673879403,1.45,1.818358986,0.266474174
11/1/1990,71,tropicana,7936,8.979164649,0,3.56,0.26807087,0.159588077,10.40483843,0.163882428,0.075013729,0.074828009,0.303101737,6.673879403,1.45,1.818358986,0.266474174
11/8/1990,71,tropicana,6848,8.831711918,0,3.56,0.26807087,0.159588077,10.40483843,0.163882428,0.075013729,0.074828009,0.303101737,6.673879403,1.45,1.818358986,0.266474174
11/15/1990,71,tropicana,6528,8.783855897,0,3.87,0.26807087,0.159588077,10.40483843,0.163882428,0.075013729,0.074828009,0.303101737,6.673879403,1.45,1.818358986,0.266474174
11/22/1990,71,tropicana,8960,9.100525506,0,2.99,0.26807087,0.159588077,10.40483843,0.163882428,0.075013729,0.074828009,0.303101737,6.673879403,1.45,1.818358986,0.266474174
11/29/1990,71,tropicana,9920,9.2023082,0,2.99,0.26807087,0.159588077,10.40483843,0.163882428,0.075013729,0.074828009,0.303101737,6.673879403,1.45,1.818358986,0.266474174
10/4/1990,72,dominicks,6272,8.743850562,0,1.79,0.28372768800000003,0.26872455300000003,10.71219307,0.571315163,0.101522843,0.04593884,0.331130976,3.002118069,0.857142857,1.696152707,0.644907796
10/11/1990,72,dominicks,576,6.356107661,0,2.69,0.28372768800000003,0.26872455300000003,10.71219307,0.571315163,0.101522843,0.04593884,0.331130976,3.002118069,0.857142857,1.696152707,0.644907796
10/18/1990,72,dominicks,70912,11.16919495,1,1.24,0.28372768800000003,0.26872455300000003,10.71219307,0.571315163,0.101522843,0.04593884,0.331130976,3.002118069,0.857142857,1.696152707,0.644907796
10/25/1990,72,dominicks,1600,7.377758908,0,1.59,0.28372768800000003,0.26872455300000003,10.71219307,0.571315163,0.101522843,0.04593884,0.331130976,3.002118069,0.857142857,1.696152707,0.644907796
11/1/1990,72,dominicks,18112,9.804329981,1,1.59,0.28372768800000003,0.26872455300000003,10.71219307,0.571315163,0.101522843,0.04593884,0.331130976,3.002118069,0.857142857,1.696152707,0.644907796
11/8/1990,72,dominicks,16512,9.711842668,0,1.29,0.28372768800000003,0.26872455300000003,10.71219307,0.571315163,0.101522843,0.04593884,0.331130976,3.002118069,0.857142857,1.696152707,0.644907796
11/15/1990,72,dominicks,32768,10.39720771,0,0.99,0.28372768800000003,0.26872455300000003,10.71219307,0.571315163,0.101522843,0.04593884,0.331130976,3.002118069,0.857142857,1.696152707,0.644907796
11/22/1990,72,dominicks,6208,8.733594062,1,1.59,0.28372768800000003,0.26872455300000003,10.71219307,0.571315163,0.101522843,0.04593884,0.331130976,3.002118069,0.857142857,1.696152707,0.644907796
11/29/1990,72,dominicks,35328,10.47243113,1,2.49,0.28372768800000003,0.26872455300000003,10.71219307,0.571315163,0.101522843,0.04593884,0.331130976,3.002118069,0.857142857,1.696152707,0.644907796
