python-sdk/tutorials/automl-with-azureml/forecasting-pipelines/oj-train.csv
WeekStarting,Store,Brand,Quantity,logQuantity,Advert,Price,Age60,COLLEGE,INCOME,Hincome150,Large HH,Minorities,WorkingWoman,SSTRDIST,SSTRVOL,CPDIST5,CPWVOL5
10/4/1990,72,minute.maid,6848,8.831711918,0,3.17,0.28372768800000003,0.26872455300000003,10.71219307,0.571315163,0.101522843,0.04593884,0.331130976,3.002118069,0.857142857,1.696152707,0.644907796
10/11/1990,72,minute.maid,38272,10.55247384,1,1.99,0.28372768800000003,0.26872455300000003,10.71219307,0.571315163,0.101522843,0.04593884,0.331130976,3.002118069,0.857142857,1.696152707,0.644907796
10/18/1990,72,minute.maid,5184,8.553332238,0,2.61,0.28372768800000003,0.26872455300000003,10.71219307,0.571315163,0.101522843,0.04593884,0.331130976,3.002118069,0.857142857,1.696152707,0.644907796
10/25/1990,72,minute.maid,8064,8.99516499,0,3.17,0.28372768800000003,0.26872455300000003,10.71219307,0.571315163,0.101522843,0.04593884,0.331130976,3.002118069,0.857142857,1.696152707,0.644907796
11/1/1990,72,minute.maid,32064,10.37548918,1,1.99,0.28372768800000003,0.26872455300000003,10.71219307,0.571315163,0.101522843,0.04593884,0.331130976,3.002118069,0.857142857,1.696152707,0.644907796
11/8/1990,72,minute.maid,3328,8.110126802,0,3.17,0.28372768800000003,0.26872455300000003,10.71219307,0.571315163,0.101522843,0.04593884,0.331130976,3.002118069,0.857142857,1.696152707,0.644907796
11/15/1990,72,minute.maid,38656,10.56245728,1,1.99,0.28372768800000003,0.26872455300000003,10.71219307,0.571315163,0.101522843,0.04593884,0.331130976,3.002118069,0.857142857,1.696152707,0.644907796
11/22/1990,72,minute.maid,16576,9.715711145,0,1.99,0.28372768800000003,0.26872455300000003,10.71219307,0.571315163,0.101522843,0.04593884,0.331130976,3.002118069,0.857142857,1.696152707,0.644907796
11/29/1990,72,minute.maid,13120,9.481893063,0,3.17,0.28372768800000003,0.26872455300000003,10.71219307,0.571315163,0.101522843,0.04593884,0.331130976,3.002118069,0.857142857,1.696152707,0.644907796
10/4/1990,72,tropicana,16128,9.688312171,1,3.29,0.28372768800000003,0.26872455300000003,10.71219307,0.571315163,0.101522843,0.04593884,0.331130976,3.002118069,0.857142857,1.696152707,0.644907796
10/11/1990,72,tropicana,9472,9.156095357,0,3.29,0.28372768800000003,0.26872455300000003,10.71219307,0.571315163,0.101522843,0.04593884,0.331130976,3.002118069,0.857142857,1.696152707,0.644907796
10/18/1990,72,tropicana,7168,8.877381955,0,3.56,0.28372768800000003,0.26872455300000003,10.71219307,0.571315163,0.101522843,0.04593884,0.331130976,3.002118069,0.857142857,1.696152707,0.644907796
10/25/1990,72,tropicana,7744,8.954673629,0,3.56,0.28372768800000003,0.26872455300000003,10.71219307,0.571315163,0.101522843,0.04593884,0.331130976,3.002118069,0.857142857,1.696152707,0.644907796
11/1/1990,72,tropicana,8000,8.987196821,0,3.56,0.28372768800000003,0.26872455300000003,10.71219307,0.571315163,0.101522843,0.04593884,0.331130976,3.002118069,0.857142857,1.696152707,0.644907796
11/8/1990,72,tropicana,7360,8.903815212,0,3.56,0.28372768800000003,0.26872455300000003,10.71219307,0.571315163,0.101522843,0.04593884,0.331130976,3.002118069,0.857142857,1.696152707,0.644907796
11/15/1990,72,tropicana,11456,9.346268889,0,3.87,0.28372768800000003,0.26872455300000003,10.71219307,0.571315163,0.101522843,0.04593884,0.331130976,3.002118069,0.857142857,1.696152707,0.644907796
11/22/1990,72,tropicana,17216,9.753594462999999,0,2.99,0.28372768800000003,0.26872455300000003,10.71219307,0.571315163,0.101522843,0.04593884,0.331130976,3.002118069,0.857142857,1.696152707,0.644907796
11/29/1990,72,tropicana,16064,9.684336023,0,2.99,0.28372768800000003,0.26872455300000003,10.71219307,0.571315163,0.101522843,0.04593884,0.331130976,3.002118069,0.857142857,1.696152707,0.644907796
10/4/1990,73,dominicks,15552,9.651944527000001,0,1.79,0.257450782,0.07305396,10.61496569,0.005144033,0.135340763,0.10921329099999999,0.292748225,2.5846050380000003,1.5,3.228630183,0.18318752
10/11/1990,73,dominicks,2624,7.87245515,0,2.29,0.257450782,0.07305396,10.61496569,0.005144033,0.135340763,0.10921329099999999,0.292748225,2.5846050380000003,1.5,3.228630183,0.18318752
10/18/1990,73,dominicks,230080,12.34618235,1,1.14,0.257450782,0.07305396,10.61496569,0.005144033,0.135340763,0.10921329099999999,0.292748225,2.5846050380000003,1.5,3.228630183,0.18318752
10/25/1990,73,dominicks,3648,8.201934351,0,1.59,0.257450782,0.07305396,10.61496569,0.005144033,0.135340763,0.10921329099999999,0.292748225,2.5846050380000003,1.5,3.228630183,0.18318752
11/1/1990,73,dominicks,63104,11.05253944,1,1.59,0.257450782,0.07305396,10.61496569,0.005144033,0.135340763,0.10921329099999999,0.292748225,2.5846050380000003,1.5,3.228630183,0.18318752
11/8/1990,73,dominicks,43456,10.67950421,0,1.29,0.257450782,0.07305396,10.61496569,0.005144033,0.135340763,0.10921329099999999,0.292748225,2.5846050380000003,1.5,3.228630183,0.18318752
11/15/1990,73,dominicks,43136,10.67211319,0,0.99,0.257450782,0.07305396,10.61496569,0.005144033,0.135340763,0.10921329099999999,0.292748225,2.5846050380000003,1.5,3.228630183,0.18318752
11/22/1990,73,dominicks,23296,10.05603695,1,1.59,0.257450782,0.07305396,10.61496569,0.005144033,0.135340763,0.10921329099999999,0.292748225,2.5846050380000003,1.5,3.228630183,0.18318752
11/29/1990,73,dominicks,111104,11.61822198,1,2.29,0.257450782,0.07305396,10.61496569,0.005144033,0.135340763,0.10921329099999999,0.292748225,2.5846050380000003,1.5,3.228630183,0.18318752
10/4/1990,73,minute.maid,14656,9.592605087,0,2.62,0.257450782,0.07305396,10.61496569,0.005144033,0.135340763,0.10921329099999999,0.292748225,2.5846050380000003,1.5,3.228630183,0.18318752
10/11/1990,73,minute.maid,78528,11.27121053,1,1.99,0.257450782,0.07305396,10.61496569,0.005144033,0.135340763,0.10921329099999999,0.292748225,2.5846050380000003,1.5,3.228630183,0.18318752
10/18/1990,73,minute.maid,6336,8.754002933999999,0,2.47,0.257450782,0.07305396,10.61496569,0.005144033,0.135340763,0.10921329099999999,0.292748225,2.5846050380000003,1.5,3.228630183,0.18318752
10/25/1990,73,minute.maid,9600,9.169518378,0,2.62,0.257450782,0.07305396,10.61496569,0.005144033,0.135340763,0.10921329099999999,0.292748225,2.5846050380000003,1.5,3.228630183,0.18318752
11/1/1990,73,minute.maid,51200,10.84349481,1,1.99,0.257450782,0.07305396,10.61496569,0.005144033,0.135340763,0.10921329099999999,0.292748225,2.5846050380000003,1.5,3.228630183,0.18318752
11/8/1990,73,minute.maid,6976,8.850230966,0,2.62,0.257450782,0.07305396,10.61496569,0.005144033,0.135340763,0.10921329099999999,0.292748225,2.5846050380000003,1.5,3.228630183,0.18318752
11/15/1990,73,minute.maid,87040,11.37412306,1,1.99,0.257450782,0.07305396,10.61496569,0.005144033,0.135340763,0.10921329099999999,0.292748225,2.5846050380000003,1.5,3.228630183,0.18318752
11/22/1990,73,minute.maid,34048,10.43552657,0,1.99,0.257450782,0.07305396,10.61496569,0.005144033,0.135340763,0.10921329099999999,0.292748225,2.5846050380000003,1.5,3.228630183,0.18318752
11/29/1990,73,minute.maid,19776,9.89222436,0,2.62,0.257450782,0.07305396,10.61496569,0.005144033,0.135340763,0.10921329099999999,0.292748225,2.5846050380000003,1.5,3.228630183,0.18318752
10/4/1990,73,tropicana,13248,9.491601877,1,3.19,0.257450782,0.07305396,10.61496569,0.005144033,0.135340763,0.10921329099999999,0.292748225,2.5846050380000003,1.5,3.228630183,0.18318752
10/11/1990,73,tropicana,8512,9.049232212,0,3.19,0.257450782,0.07305396,10.61496569,0.005144033,0.135340763,0.10921329099999999,0.292748225,2.5846050380000003,1.5,3.228630183,0.18318752
10/18/1990,73,tropicana,7744,8.954673629,0,3.04,0.257450782,0.07305396,10.61496569,0.005144033,0.135340763,0.10921329099999999,0.292748225,2.5846050380000003,1.5,3.228630183,0.18318752
10/25/1990,73,tropicana,10240,9.234056899,0,3.04,0.257450782,0.07305396,10.61496569,0.005144033,0.135340763,0.10921329099999999,0.292748225,2.5846050380000003,1.5,3.228630183,0.18318752
11/1/1990,73,tropicana,8512,9.049232212,0,3.04,0.257450782,0.07305396,10.61496569,0.005144033,0.135340763,0.10921329099999999,0.292748225,2.5846050380000003,1.5,3.228630183,0.18318752
11/8/1990,73,tropicana,8896,9.093357017,0,3.04,0.257450782,0.07305396,10.61496569,0.005144033,0.135340763,0.10921329099999999,0.292748225,2.5846050380000003,1.5,3.228630183,0.18318752
11/15/1990,73,tropicana,11264,9.329367077999999,0,3.19,0.257450782,0.07305396,10.61496569,0.005144033,0.135340763,0.10921329099999999,0.292748225,2.5846050380000003,1.5,3.228630183,0.18318752
11/22/1990,73,tropicana,15296,9.635346635,0,2.99,0.257450782,0.07305396,10.61496569,0.005144033,0.135340763,0.10921329099999999,0.292748225,2.5846050380000003,1.5,3.228630183,0.18318752
11/29/1990,73,tropicana,12096,9.400630097999999,0,2.99,0.257450782,0.07305396,10.61496569,0.005144033,0.135340763,0.10921329099999999,0.292748225,2.5846050380000003,1.5,3.228630183,0.18318752
10/4/1990,74,dominicks,18432,9.821843564,0,1.79,0.307397856,0.07119776,10.48001664,0.15625,0.09019647800000001,0.041542429,0.297796572,7.05964577,0.666666667,2.533639879,0.394653498
10/11/1990,74,dominicks,2368,7.769800996,0,2.49,0.307397856,0.07119776,10.48001664,0.15625,0.09019647800000001,0.041542429,0.297796572,7.05964577,0.666666667,2.533639879,0.394653498
10/18/1990,74,dominicks,150784,11.92360363,1,1.24,0.307397856,0.07119776,10.48001664,0.15625,0.09019647800000001,0.041542429,0.297796572,7.05964577,0.666666667,2.533639879,0.394653498
10/25/1990,74,dominicks,2752,7.920083199,0,1.59,0.307397856,0.07119776,10.48001664,0.15625,0.09019647800000001,0.041542429,0.297796572,7.05964577,0.666666667,2.533639879,0.394653498
11/8/1990,74,dominicks,44224,10.69702291,0,1.29,0.307397856,0.07119776,10.48001664,0.15625,0.09019647800000001,0.041542429,0.297796572,7.05964577,0.666666667,2.533639879,0.394653498
11/15/1990,74,dominicks,62976,11.05050898,0,0.99,0.307397856,0.07119776,10.48001664,0.15625,0.09019647800000001,0.041542429,0.297796572,7.05964577,0.666666667,2.533639879,0.394653498
11/22/1990,74,dominicks,19392,9.872615889,1,1.59,0.307397856,0.07119776,10.48001664,0.15625,0.09019647800000001,0.041542429,0.297796572,7.05964577,0.666666667,2.533639879,0.394653498
11/29/1990,74,dominicks,65472,11.08937785,1,2.49,0.307397856,0.07119776,10.48001664,0.15625,0.09019647800000001,0.041542429,0.297796572,7.05964577,0.666666667,2.533639879,0.394653498
10/4/1990,74,minute.maid,16832,9.731037116,0,2.99,0.307397856,0.07119776,10.48001664,0.15625,0.09019647800000001,0.041542429,0.297796572,7.05964577,0.666666667,2.533639879,0.394653498
10/11/1990,74,minute.maid,66048,11.09813703,1,1.99,0.307397856,0.07119776,10.48001664,0.15625,0.09019647800000001,0.041542429,0.297796572,7.05964577,0.666666667,2.533639879,0.394653498
10/18/1990,74,minute.maid,3584,8.184234774,0,2.89,0.307397856,0.07119776,10.48001664,0.15625,0.09019647800000001,0.041542429,0.297796572,7.05964577,0.666666667,2.533639879,0.394653498
10/25/1990,74,minute.maid,4736,8.462948177000001,0,2.99,0.307397856,0.07119776,10.48001664,0.15625,0.09019647800000001,0.041542429,0.297796572,7.05964577,0.666666667,2.533639879,0.394653498
11/8/1990,74,minute.maid,4096,8.317766167,0,2.99,0.307397856,0.07119776,10.48001664,0.15625,0.09019647800000001,0.041542429,0.297796572,7.05964577,0.666666667,2.533639879,0.394653498
11/15/1990,74,minute.maid,44992,10.71423998,1,1.99,0.307397856,0.07119776,10.48001664,0.15625,0.09019647800000001,0.041542429,0.297796572,7.05964577,0.666666667,2.533639879,0.394653498
11/22/1990,74,minute.maid,16640,9.719564714,0,1.99,0.307397856,0.07119776,10.48001664,0.15625,0.09019647800000001,0.041542429,0.297796572,7.05964577,0.666666667,2.533639879,0.394653498
11/29/1990,74,minute.maid,13440,9.505990614,0,2.99,0.307397856,0.07119776,10.48001664,0.15625,0.09019647800000001,0.041542429,0.297796572,7.05964577,0.666666667,2.533639879,0.394653498
10/4/1990,74,tropicana,9088,9.114710141,1,3.29,0.307397856,0.07119776,10.48001664,0.15625,0.09019647800000001,0.041542429,0.297796572,7.05964577,0.666666667,2.533639879,0.394653498
10/11/1990,74,tropicana,8064,8.99516499,0,3.29,0.307397856,0.07119776,10.48001664,0.15625,0.09019647800000001,0.041542429,0.297796572,7.05964577,0.666666667,2.533639879,0.394653498
10/18/1990,74,tropicana,5632,8.636219898,0,3.51,0.307397856,0.07119776,10.48001664,0.15625,0.09019647800000001,0.041542429,0.297796572,7.05964577,0.666666667,2.533639879,0.394653498
10/25/1990,74,tropicana,7104,8.868413285,0,3.51,0.307397856,0.07119776,10.48001664,0.15625,0.09019647800000001,0.041542429,0.297796572,7.05964577,0.666666667,2.533639879,0.394653498
11/8/1990,74,tropicana,6464,8.774003599999999,0,3.51,0.307397856,0.07119776,10.48001664,0.15625,0.09019647800000001,0.041542429,0.297796572,7.05964577,0.666666667,2.533639879,0.394653498
11/15/1990,74,tropicana,12096,9.400630097999999,0,3.66,0.307397856,0.07119776,10.48001664,0.15625,0.09019647800000001,0.041542429,0.297796572,7.05964577,0.666666667,2.533639879,0.394653498
11/22/1990,74,tropicana,14080,9.55251063,0,2.99,0.307397856,0.07119776,10.48001664,0.15625,0.09019647800000001,0.041542429,0.297796572,7.05964577,0.666666667,2.533639879,0.394653498
11/29/1990,74,tropicana,13568,9.515469357999999,0,2.99,0.307397856,0.07119776,10.48001664,0.15625,0.09019647800000001,0.041542429,0.297796572,7.05964577,0.666666667,2.533639879,0.394653498
10/4/1990,75,dominicks,4480,8.407378325,0,1.79,0.207699493,0.219548453,9.867082871000001,0.496,0.06396470900000001,0.41599946600000004,0.315583259,7.192666501000001,2.230769231,1.3751264419999998,0.703181889
10/11/1990,75,dominicks,1344,7.2034055210000005,0,2.69,0.207699493,0.219548453,9.867082871000001,0.496,0.06396470900000001,0.41599946600000004,0.315583259,7.192666501000001,2.230769231,1.3751264419999998,0.703181889
10/18/1990,75,dominicks,65024,11.08251171,1,1.24,0.207699493,0.219548453,9.867082871000001,0.496,0.06396470900000001,0.41599946600000004,0.315583259,7.192666501000001,2.230769231,1.3751264419999998,0.703181889
10/25/1990,75,dominicks,2112,7.655390645,0,1.59,0.207699493,0.219548453,9.867082871000001,0.496,0.06396470900000001,0.41599946600000004,0.315583259,7.192666501000001,2.230769231,1.3751264419999998,0.703181889
11/1/1990,75,dominicks,14912,9.609921537,1,1.59,0.207699493,0.219548453,9.867082871000001,0.496,0.06396470900000001,0.41599946600000004,0.315583259,7.192666501000001,2.230769231,1.3751264419999998,0.703181889
11/8/1990,75,dominicks,22400,10.01681624,0,1.29,0.207699493,0.219548453,9.867082871000001,0.496,0.06396470900000001,0.41599946600000004,0.315583259,7.192666501000001,2.230769231,1.3751264419999998,0.703181889
11/15/1990,75,dominicks,8832,9.086136769,0,0.99,0.207699493,0.219548453,9.867082871000001,0.496,0.06396470900000001,0.41599946600000004,0.315583259,7.192666501000001,2.230769231,1.3751264419999998,0.703181889
11/22/1990,75,dominicks,21120,9.957975738,1,1.59,0.207699493,0.219548453,9.867082871000001,0.496,0.06396470900000001,0.41599946600000004,0.315583259,7.192666501000001,2.230769231,1.3751264419999998,0.703181889
10/4/1990,75,minute.maid,10112,9.221478116,0,3.17,0.207699493,0.219548453,9.867082871000001,0.496,0.06396470900000001,0.41599946600000004,0.315583259,7.192666501000001,2.230769231,1.3751264419999998,0.703181889
10/11/1990,75,minute.maid,41984,10.64504387,1,1.99,0.207699493,0.219548453,9.867082871000001,0.496,0.06396470900000001,0.41599946600000004,0.315583259,7.192666501000001,2.230769231,1.3751264419999998,0.703181889
10/18/1990,75,minute.maid,4608,8.435549202,0,2.85,0.207699493,0.219548453,9.867082871000001,0.496,0.06396470900000001,0.41599946600000004,0.315583259,7.192666501000001,2.230769231,1.3751264419999998,0.703181889
10/25/1990,75,minute.maid,3008,8.009030685,0,3.17,0.207699493,0.219548453,9.867082871000001,0.496,0.06396470900000001,0.41599946600000004,0.315583259,7.192666501000001,2.230769231,1.3751264419999998,0.703181889
11/1/1990,75,minute.maid,43520,10.68097588,1,1.99,0.207699493,0.219548453,9.867082871000001,0.496,0.06396470900000001,0.41599946600000004,0.315583259,7.192666501000001,2.230769231,1.3751264419999998,0.703181889
11/8/1990,75,minute.maid,3136,8.050703382,0,3.17,0.207699493,0.219548453,9.867082871000001,0.496,0.06396470900000001,0.41599946600000004,0.315583259,7.192666501000001,2.230769231,1.3751264419999998,0.703181889
11/15/1990,75,minute.maid,51328,10.84599169,1,1.99,0.207699493,0.219548453,9.867082871000001,0.496,0.06396470900000001,0.41599946600000004,0.315583259,7.192666501000001,2.230769231,1.3751264419999998,0.703181889
11/22/1990,75,minute.maid,16320,9.700146628999999,0,1.99,0.207699493,0.219548453,9.867082871000001,0.496,0.06396470900000001,0.41599946600000004,0.315583259,7.192666501000001,2.230769231,1.3751264419999998,0.703181889
