python-sdk/tutorials/automl-with-azureml/forecasting-pipelines/oj-train.csv
WeekStarting,Store,Brand,Quantity,logQuantity,Advert,Price,Age60,COLLEGE,INCOME,Hincome150,Large HH,Minorities,WorkingWoman,SSTRDIST,SSTRVOL,CPDIST5,CPWVOL5
10/4/1990,75,tropicana,18816,9.842462851,1,2.99,0.207699493,0.219548453,9.867082871000001,0.496,0.06396470900000001,0.41599946600000004,0.315583259,7.192666501000001,2.230769231,1.3751264419999998,0.703181889
10/11/1990,75,tropicana,11840,9.379238908,0,2.99,0.207699493,0.219548453,9.867082871000001,0.496,0.06396470900000001,0.41599946600000004,0.315583259,7.192666501000001,2.230769231,1.3751264419999998,0.703181889
10/18/1990,75,tropicana,11648,9.36288977,0,2.99,0.207699493,0.219548453,9.867082871000001,0.496,0.06396470900000001,0.41599946600000004,0.315583259,7.192666501000001,2.230769231,1.3751264419999998,0.703181889
10/25/1990,75,tropicana,5888,8.68067166,0,3.87,0.207699493,0.219548453,9.867082871000001,0.496,0.06396470900000001,0.41599946600000004,0.315583259,7.192666501000001,2.230769231,1.3751264419999998,0.703181889
11/1/1990,75,tropicana,4544,8.42156296,0,3.87,0.207699493,0.219548453,9.867082871000001,0.496,0.06396470900000001,0.41599946600000004,0.315583259,7.192666501000001,2.230769231,1.3751264419999998,0.703181889
11/8/1990,75,tropicana,6208,8.733594062,0,3.87,0.207699493,0.219548453,9.867082871000001,0.496,0.06396470900000001,0.41599946600000004,0.315583259,7.192666501000001,2.230769231,1.3751264419999998,0.703181889
11/15/1990,75,tropicana,8320,9.026417534,0,3.87,0.207699493,0.219548453,9.867082871000001,0.496,0.06396470900000001,0.41599946600000004,0.315583259,7.192666501000001,2.230769231,1.3751264419999998,0.703181889
11/22/1990,75,tropicana,11648,9.36288977,0,2.99,0.207699493,0.219548453,9.867082871000001,0.496,0.06396470900000001,0.41599946600000004,0.315583259,7.192666501000001,2.230769231,1.3751264419999998,0.703181889
10/4/1990,77,dominicks,7168,8.877381955,0,1.79,0.10110045,0.37687109700000004,10.98312087,0.624113475,0.11809317400000001,0.07350788700000001,0.414163823,1.875487675,1.176470588,2.510313339,0.554352329
10/11/1990,77,dominicks,1664,7.416979621,0,2.29,0.10110045,0.37687109700000004,10.98312087,0.624113475,0.11809317400000001,0.07350788700000001,0.414163823,1.875487675,1.176470588,2.510313339,0.554352329
10/18/1990,77,dominicks,53056,10.87910324,1,1.14,0.10110045,0.37687109700000004,10.98312087,0.624113475,0.11809317400000001,0.07350788700000001,0.414163823,1.875487675,1.176470588,2.510313339,0.554352329
10/25/1990,77,dominicks,1920,7.560080465,0,1.59,0.10110045,0.37687109700000004,10.98312087,0.624113475,0.11809317400000001,0.07350788700000001,0.414163823,1.875487675,1.176470588,2.510313339,0.554352329
11/1/1990,77,dominicks,13888,9.538780437,1,1.59,0.10110045,0.37687109700000004,10.98312087,0.624113475,0.11809317400000001,0.07350788700000001,0.414163823,1.875487675,1.176470588,2.510313339,0.554352329
11/8/1990,77,dominicks,25728,10.15533517,0,1.29,0.10110045,0.37687109700000004,10.98312087,0.624113475,0.11809317400000001,0.07350788700000001,0.414163823,1.875487675,1.176470588,2.510313339,0.554352329
11/15/1990,77,dominicks,44096,10.69412435,0,0.99,0.10110045,0.37687109700000004,10.98312087,0.624113475,0.11809317400000001,0.07350788700000001,0.414163823,1.875487675,1.176470588,2.510313339,0.554352329
11/22/1990,77,dominicks,19520,9.87919486,1,1.59,0.10110045,0.37687109700000004,10.98312087,0.624113475,0.11809317400000001,0.07350788700000001,0.414163823,1.875487675,1.176470588,2.510313339,0.554352329
10/4/1990,77,minute.maid,9920,9.2023082,0,2.62,0.10110045,0.37687109700000004,10.98312087,0.624113475,0.11809317400000001,0.07350788700000001,0.414163823,1.875487675,1.176470588,2.510313339,0.554352329
10/11/1990,77,minute.maid,26560,10.1871616,1,1.99,0.10110045,0.37687109700000004,10.98312087,0.624113475,0.11809317400000001,0.07350788700000001,0.414163823,1.875487675,1.176470588,2.510313339,0.554352329
10/18/1990,77,minute.maid,7104,8.868413285,0,2.44,0.10110045,0.37687109700000004,10.98312087,0.624113475,0.11809317400000001,0.07350788700000001,0.414163823,1.875487675,1.176470588,2.510313339,0.554352329
10/25/1990,77,minute.maid,5056,8.528330936,0,2.62,0.10110045,0.37687109700000004,10.98312087,0.624113475,0.11809317400000001,0.07350788700000001,0.414163823,1.875487675,1.176470588,2.510313339,0.554352329
11/1/1990,77,minute.maid,26496,10.18474906,1,1.99,0.10110045,0.37687109700000004,10.98312087,0.624113475,0.11809317400000001,0.07350788700000001,0.414163823,1.875487675,1.176470588,2.510313339,0.554352329
11/8/1990,77,minute.maid,4416,8.392989587999999,0,2.62,0.10110045,0.37687109700000004,10.98312087,0.624113475,0.11809317400000001,0.07350788700000001,0.414163823,1.875487675,1.176470588,2.510313339,0.554352329
11/15/1990,77,minute.maid,22592,10.02535114,1,1.99,0.10110045,0.37687109700000004,10.98312087,0.624113475,0.11809317400000001,0.07350788700000001,0.414163823,1.875487675,1.176470588,2.510313339,0.554352329
11/22/1990,77,minute.maid,8128,9.00307017,0,1.99,0.10110045,0.37687109700000004,10.98312087,0.624113475,0.11809317400000001,0.07350788700000001,0.414163823,1.875487675,1.176470588,2.510313339,0.554352329
10/4/1990,77,tropicana,8960,9.100525506,1,3.19,0.10110045,0.37687109700000004,10.98312087,0.624113475,0.11809317400000001,0.07350788700000001,0.414163823,1.875487675,1.176470588,2.510313339,0.554352329
10/11/1990,77,tropicana,6400,8.764053269,0,3.19,0.10110045,0.37687109700000004,10.98312087,0.624113475,0.11809317400000001,0.07350788700000001,0.414163823,1.875487675,1.176470588,2.510313339,0.554352329
10/18/1990,77,tropicana,5312,8.577723691000001,0,3.19,0.10110045,0.37687109700000004,10.98312087,0.624113475,0.11809317400000001,0.07350788700000001,0.414163823,1.875487675,1.176470588,2.510313339,0.554352329
10/25/1990,77,tropicana,7040,8.859363449,0,3.19,0.10110045,0.37687109700000004,10.98312087,0.624113475,0.11809317400000001,0.07350788700000001,0.414163823,1.875487675,1.176470588,2.510313339,0.554352329
11/1/1990,77,tropicana,6080,8.712759975,0,3.19,0.10110045,0.37687109700000004,10.98312087,0.624113475,0.11809317400000001,0.07350788700000001,0.414163823,1.875487675,1.176470588,2.510313339,0.554352329
11/8/1990,77,tropicana,6592,8.793612072,0,3.19,0.10110045,0.37687109700000004,10.98312087,0.624113475,0.11809317400000001,0.07350788700000001,0.414163823,1.875487675,1.176470588,2.510313339,0.554352329
11/15/1990,77,tropicana,7552,8.929567707999999,0,3.19,0.10110045,0.37687109700000004,10.98312087,0.624113475,0.11809317400000001,0.07350788700000001,0.414163823,1.875487675,1.176470588,2.510313339,0.554352329
11/22/1990,77,tropicana,11072,9.312174678,0,2.99,0.10110045,0.37687109700000004,10.98312087,0.624113475,0.11809317400000001,0.07350788700000001,0.414163823,1.875487675,1.176470588,2.510313339,0.554352329
10/4/1990,78,dominicks,10752,9.282847063,0,1.79,0.11194799400000001,0.314432275,10.95917494,0.5283129010000001,0.111221204,0.056086079000000004,0.423952262,0.132096821,1.142857143,1.7042448780000001,0.515669276
10/11/1990,78,dominicks,1600,7.377758908,0,2.29,0.11194799400000001,0.314432275,10.95917494,0.5283129010000001,0.111221204,0.056086079000000004,0.423952262,0.132096821,1.142857143,1.7042448780000001,0.515669276
10/18/1990,78,dominicks,134720,11.81095383,1,1.14,0.11194799400000001,0.314432275,10.95917494,0.5283129010000001,0.111221204,0.056086079000000004,0.423952262,0.132096821,1.142857143,1.7042448780000001,0.515669276
10/25/1990,78,dominicks,1856,7.526178913,0,1.59,0.11194799400000001,0.314432275,10.95917494,0.5283129010000001,0.111221204,0.056086079000000004,0.423952262,0.132096821,1.142857143,1.7042448780000001,0.515669276
11/1/1990,78,dominicks,23552,10.06696602,1,1.59,0.11194799400000001,0.314432275,10.95917494,0.5283129010000001,0.111221204,0.056086079000000004,0.423952262,0.132096821,1.142857143,1.7042448780000001,0.515669276
11/8/1990,78,dominicks,23488,10.06424493,0,1.29,0.11194799400000001,0.314432275,10.95917494,0.5283129010000001,0.111221204,0.056086079000000004,0.423952262,0.132096821,1.142857143,1.7042448780000001,0.515669276
11/15/1990,78,dominicks,35648,10.48144832,0,0.99,0.11194799400000001,0.314432275,10.95917494,0.5283129010000001,0.111221204,0.056086079000000004,0.423952262,0.132096821,1.142857143,1.7042448780000001,0.515669276
11/22/1990,78,dominicks,25216,10.13523399,1,1.59,0.11194799400000001,0.314432275,10.95917494,0.5283129010000001,0.111221204,0.056086079000000004,0.423952262,0.132096821,1.142857143,1.7042448780000001,0.515669276
10/4/1990,78,minute.maid,9856,9.195835686,0,2.62,0.11194799400000001,0.314432275,10.95917494,0.5283129010000001,0.111221204,0.056086079000000004,0.423952262,0.132096821,1.142857143,1.7042448780000001,0.515669276
10/11/1990,78,minute.maid,36864,10.51499074,1,1.99,0.11194799400000001,0.314432275,10.95917494,0.5283129010000001,0.111221204,0.056086079000000004,0.423952262,0.132096821,1.142857143,1.7042448780000001,0.515669276
10/18/1990,78,minute.maid,5120,8.540909718,0,2.49,0.11194799400000001,0.314432275,10.95917494,0.5283129010000001,0.111221204,0.056086079000000004,0.423952262,0.132096821,1.142857143,1.7042448780000001,0.515669276
10/25/1990,78,minute.maid,4672,8.449342525,0,2.62,0.11194799400000001,0.314432275,10.95917494,0.5283129010000001,0.111221204,0.056086079000000004,0.423952262,0.132096821,1.142857143,1.7042448780000001,0.515669276
11/1/1990,78,minute.maid,36544,10.50627229,1,1.99,0.11194799400000001,0.314432275,10.95917494,0.5283129010000001,0.111221204,0.056086079000000004,0.423952262,0.132096821,1.142857143,1.7042448780000001,0.515669276
11/8/1990,78,minute.maid,3648,8.201934351,0,2.62,0.11194799400000001,0.314432275,10.95917494,0.5283129010000001,0.111221204,0.056086079000000004,0.423952262,0.132096821,1.142857143,1.7042448780000001,0.515669276
11/15/1990,78,minute.maid,39616,10.58698836,1,1.99,0.11194799400000001,0.314432275,10.95917494,0.5283129010000001,0.111221204,0.056086079000000004,0.423952262,0.132096821,1.142857143,1.7042448780000001,0.515669276
11/22/1990,78,minute.maid,8832,9.086136769,0,1.99,0.11194799400000001,0.314432275,10.95917494,0.5283129010000001,0.111221204,0.056086079000000004,0.423952262,0.132096821,1.142857143,1.7042448780000001,0.515669276
10/4/1990,78,tropicana,5888,8.68067166,1,3.19,0.11194799400000001,0.314432275,10.95917494,0.5283129010000001,0.111221204,0.056086079000000004,0.423952262,0.132096821,1.142857143,1.7042448780000001,0.515669276
10/11/1990,78,tropicana,5248,8.565602331000001,0,3.19,0.11194799400000001,0.314432275,10.95917494,0.5283129010000001,0.111221204,0.056086079000000004,0.423952262,0.132096821,1.142857143,1.7042448780000001,0.515669276
10/18/1990,78,tropicana,3904,8.269756948,0,3.19,0.11194799400000001,0.314432275,10.95917494,0.5283129010000001,0.111221204,0.056086079000000004,0.423952262,0.132096821,1.142857143,1.7042448780000001,0.515669276
10/25/1990,78,tropicana,4992,8.51559191,0,3.19,0.11194799400000001,0.314432275,10.95917494,0.5283129010000001,0.111221204,0.056086079000000004,0.423952262,0.132096821,1.142857143,1.7042448780000001,0.515669276
11/1/1990,78,tropicana,5760,8.658692754,0,3.19,0.11194799400000001,0.314432275,10.95917494,0.5283129010000001,0.111221204,0.056086079000000004,0.423952262,0.132096821,1.142857143,1.7042448780000001,0.515669276
11/8/1990,78,tropicana,4288,8.363575702999999,0,3.19,0.11194799400000001,0.314432275,10.95917494,0.5283129010000001,0.111221204,0.056086079000000004,0.423952262,0.132096821,1.142857143,1.7042448780000001,0.515669276
11/15/1990,78,tropicana,8000,8.987196821,0,3.19,0.11194799400000001,0.314432275,10.95917494,0.5283129010000001,0.111221204,0.056086079000000004,0.423952262,0.132096821,1.142857143,1.7042448780000001,0.515669276
11/22/1990,78,tropicana,7360,8.903815212,0,2.99,0.11194799400000001,0.314432275,10.95917494,0.5283129010000001,0.111221204,0.056086079000000004,0.423952262,0.132096821,1.142857143,1.7042448780000001,0.515669276
10/4/1990,80,dominicks,14656,9.592605087,0,1.79,0.152691263,0.304465687,10.90950929,0.548122392,0.099890045,0.041910237999999995,0.403603604,0.32359439100000004,0.5,1.755245053,0.35653588399999997
10/11/1990,80,dominicks,2496,7.82244473,0,2.29,0.152691263,0.304465687,10.90950929,0.548122392,0.099890045,0.041910237999999995,0.403603604,0.32359439100000004,0.5,1.755245053,0.35653588399999997
10/18/1990,80,dominicks,97664,11.4892883,1,1.14,0.152691263,0.304465687,10.90950929,0.548122392,0.099890045,0.041910237999999995,0.403603604,0.32359439100000004,0.5,1.755245053,0.35653588399999997
10/25/1990,80,dominicks,2240,7.714231145,0,1.59,0.152691263,0.304465687,10.90950929,0.548122392,0.099890045,0.041910237999999995,0.403603604,0.32359439100000004,0.5,1.755245053,0.35653588399999997
11/1/1990,80,dominicks,18688,9.835636886,1,1.59,0.152691263,0.304465687,10.90950929,0.548122392,0.099890045,0.041910237999999995,0.403603604,0.32359439100000004,0.5,1.755245053,0.35653588399999997
11/8/1990,80,dominicks,27456,10.22034,0,1.29,0.152691263,0.304465687,10.90950929,0.548122392,0.099890045,0.041910237999999995,0.403603604,0.32359439100000004,0.5,1.755245053,0.35653588399999997
11/15/1990,80,dominicks,38528,10.55914053,0,0.99,0.152691263,0.304465687,10.90950929,0.548122392,0.099890045,0.041910237999999995,0.403603604,0.32359439100000004,0.5,1.755245053,0.35653588399999997
11/22/1990,80,dominicks,25536,10.147844500000001,1,1.59,0.152691263,0.304465687,10.90950929,0.548122392,0.099890045,0.041910237999999995,0.403603604,0.32359439100000004,0.5,1.755245053,0.35653588399999997
10/4/1990,80,minute.maid,13568,9.515469357999999,0,2.62,0.152691263,0.304465687,10.90950929,0.548122392,0.099890045,0.041910237999999995,0.403603604,0.32359439100000004,0.5,1.755245053,0.35653588399999997
10/11/1990,80,minute.maid,46720,10.75192762,1,1.99,0.152691263,0.304465687,10.90950929,0.548122392,0.099890045,0.041910237999999995,0.403603604,0.32359439100000004,0.5,1.755245053,0.35653588399999997
10/18/1990,80,minute.maid,7552,8.929567707999999,0,2.35,0.152691263,0.304465687,10.90950929,0.548122392,0.099890045,0.041910237999999995,0.403603604,0.32359439100000004,0.5,1.755245053,0.35653588399999997
10/25/1990,80,minute.maid,9280,9.135616826,0,2.62,0.152691263,0.304465687,10.90950929,0.548122392,0.099890045,0.041910237999999995,0.403603604,0.32359439100000004,0.5,1.755245053,0.35653588399999997
11/1/1990,80,minute.maid,42432,10.65565807,1,1.99,0.152691263,0.304465687,10.90950929,0.548122392,0.099890045,0.041910237999999995,0.403603604,0.32359439100000004,0.5,1.755245053,0.35653588399999997
11/8/1990,80,minute.maid,7360,8.903815212,0,2.62,0.152691263,0.304465687,10.90950929,0.548122392,0.099890045,0.041910237999999995,0.403603604,0.32359439100000004,0.5,1.755245053,0.35653588399999997
11/15/1990,80,minute.maid,39680,10.58860256,1,1.99,0.152691263,0.304465687,10.90950929,0.548122392,0.099890045,0.041910237999999995,0.403603604,0.32359439100000004,0.5,1.755245053,0.35653588399999997
11/22/1990,80,minute.maid,13056,9.477003077,0,1.99,0.152691263,0.304465687,10.90950929,0.548122392,0.099890045,0.041910237999999995,0.403603604,0.32359439100000004,0.5,1.755245053,0.35653588399999997
10/4/1990,80,tropicana,13568,9.515469357999999,1,3.19,0.152691263,0.304465687,10.90950929,0.548122392,0.099890045,0.041910237999999995,0.403603604,0.32359439100000004,0.5,1.755245053,0.35653588399999997
10/11/1990,80,tropicana,12096,9.400630097999999,0,3.19,0.152691263,0.304465687,10.90950929,0.548122392,0.099890045,0.041910237999999995,0.403603604,0.32359439100000004,0.5,1.755245053,0.35653588399999997
10/18/1990,80,tropicana,11136,9.317938383,0,3.19,0.152691263,0.304465687,10.90950929,0.548122392,0.099890045,0.041910237999999995,0.403603604,0.32359439100000004,0.5,1.755245053,0.35653588399999997
10/25/1990,80,tropicana,11392,9.340666634,0,3.19,0.152691263,0.304465687,10.90950929,0.548122392,0.099890045,0.041910237999999995,0.403603604,0.32359439100000004,0.5,1.755245053,0.35653588399999997
11/1/1990,80,tropicana,11456,9.346268889,0,3.19,0.152691263,0.304465687,10.90950929,0.548122392,0.099890045,0.041910237999999995,0.403603604,0.32359439100000004,0.5,1.755245053,0.35653588399999997
11/8/1990,80,tropicana,11520,9.351839934,0,3.19,0.152691263,0.304465687,10.90950929,0.548122392,0.099890045,0.041910237999999995,0.403603604,0.32359439100000004,0.5,1.755245053,0.35653588399999997
11/15/1990,80,tropicana,16960,9.738612909,0,3.19,0.152691263,0.304465687,10.90950929,0.548122392,0.099890045,0.041910237999999995,0.403603604,0.32359439100000004,0.5,1.755245053,0.35653588399999997
11/22/1990,80,tropicana,15488,9.64782081,0,2.99,0.152691263,0.304465687,10.90950929,0.548122392,0.099890045,0.041910237999999995,0.403603604,0.32359439100000004,0.5,1.755245053,0.35653588399999997
