python-sdk/tutorials/automl-with-azureml/forecasting-pipelines/oj-train.csv
WeekStarting,Store,Brand,Quantity,logQuantity,Advert,Price,Age60,COLLEGE,INCOME,Hincome150,Large HH,Minorities,WorkingWoman,SSTRDIST,SSTRVOL,CPDIST5,CPWVOL5
10/4/1990,81,dominicks,6784,8.822322178,0,1.79,0.181118938,0.234201612,10.71993585,0.47884615399999997,0.088337065,0.073961623,0.42954279,3.7689074760000003,0.791666667,1.132215571,0.379390304
10/11/1990,81,dominicks,1216,7.103322062999999,0,2.49,0.181118938,0.234201612,10.71993585,0.47884615399999997,0.088337065,0.073961623,0.42954279,3.7689074760000003,0.791666667,1.132215571,0.379390304
10/18/1990,81,dominicks,98688,11.49971864,1,1.24,0.181118938,0.234201612,10.71993585,0.47884615399999997,0.088337065,0.073961623,0.42954279,3.7689074760000003,0.791666667,1.132215571,0.379390304
10/25/1990,81,dominicks,1280,7.154615357000001,0,1.59,0.181118938,0.234201612,10.71993585,0.47884615399999997,0.088337065,0.073961623,0.42954279,3.7689074760000003,0.791666667,1.132215571,0.379390304
11/1/1990,81,dominicks,26176,10.17259824,1,1.59,0.181118938,0.234201612,10.71993585,0.47884615399999997,0.088337065,0.073961623,0.42954279,3.7689074760000003,0.791666667,1.132215571,0.379390304
11/8/1990,81,dominicks,15040,9.618468598,0,1.29,0.181118938,0.234201612,10.71993585,0.47884615399999997,0.088337065,0.073961623,0.42954279,3.7689074760000003,0.791666667,1.132215571,0.379390304
11/15/1990,81,dominicks,21888,9.99369382,0,0.99,0.181118938,0.234201612,10.71993585,0.47884615399999997,0.088337065,0.073961623,0.42954279,3.7689074760000003,0.791666667,1.132215571,0.379390304
11/22/1990,81,dominicks,23360,10.05878044,1,1.59,0.181118938,0.234201612,10.71993585,0.47884615399999997,0.088337065,0.073961623,0.42954279,3.7689074760000003,0.791666667,1.132215571,0.379390304
10/4/1990,81,minute.maid,10112,9.221478116,0,2.99,0.181118938,0.234201612,10.71993585,0.47884615399999997,0.088337065,0.073961623,0.42954279,3.7689074760000003,0.791666667,1.132215571,0.379390304
10/11/1990,81,minute.maid,46720,10.75192762,1,1.99,0.181118938,0.234201612,10.71993585,0.47884615399999997,0.088337065,0.073961623,0.42954279,3.7689074760000003,0.791666667,1.132215571,0.379390304
10/18/1990,81,minute.maid,5504,8.61323038,0,2.74,0.181118938,0.234201612,10.71993585,0.47884615399999997,0.088337065,0.073961623,0.42954279,3.7689074760000003,0.791666667,1.132215571,0.379390304
10/25/1990,81,minute.maid,4352,8.378390789,0,2.99,0.181118938,0.234201612,10.71993585,0.47884615399999997,0.088337065,0.073961623,0.42954279,3.7689074760000003,0.791666667,1.132215571,0.379390304
11/1/1990,81,minute.maid,65280,11.08644099,1,1.73,0.181118938,0.234201612,10.71993585,0.47884615399999997,0.088337065,0.073961623,0.42954279,3.7689074760000003,0.791666667,1.132215571,0.379390304
11/8/1990,81,minute.maid,3904,8.269756948,0,2.99,0.181118938,0.234201612,10.71993585,0.47884615399999997,0.088337065,0.073961623,0.42954279,3.7689074760000003,0.791666667,1.132215571,0.379390304
11/15/1990,81,minute.maid,57408,10.95793895,1,1.99,0.181118938,0.234201612,10.71993585,0.47884615399999997,0.088337065,0.073961623,0.42954279,3.7689074760000003,0.791666667,1.132215571,0.379390304
11/22/1990,81,minute.maid,14528,9.583833101,0,1.99,0.181118938,0.234201612,10.71993585,0.47884615399999997,0.088337065,0.073961623,0.42954279,3.7689074760000003,0.791666667,1.132215571,0.379390304
10/4/1990,81,tropicana,10816,9.288781797999999,1,3.29,0.181118938,0.234201612,10.71993585,0.47884615399999997,0.088337065,0.073961623,0.42954279,3.7689074760000003,0.791666667,1.132215571,0.379390304
10/11/1990,81,tropicana,6016,8.702177866,0,3.29,0.181118938,0.234201612,10.71993585,0.47884615399999997,0.088337065,0.073961623,0.42954279,3.7689074760000003,0.791666667,1.132215571,0.379390304
10/18/1990,81,tropicana,4736,8.462948177000001,0,3.51,0.181118938,0.234201612,10.71993585,0.47884615399999997,0.088337065,0.073961623,0.42954279,3.7689074760000003,0.791666667,1.132215571,0.379390304
10/25/1990,81,tropicana,4544,8.42156296,0,3.51,0.181118938,0.234201612,10.71993585,0.47884615399999997,0.088337065,0.073961623,0.42954279,3.7689074760000003,0.791666667,1.132215571,0.379390304
11/1/1990,81,tropicana,4928,8.502688505,0,3.51,0.181118938,0.234201612,10.71993585,0.47884615399999997,0.088337065,0.073961623,0.42954279,3.7689074760000003,0.791666667,1.132215571,0.379390304
11/8/1990,81,tropicana,4928,8.502688505,0,3.51,0.181118938,0.234201612,10.71993585,0.47884615399999997,0.088337065,0.073961623,0.42954279,3.7689074760000003,0.791666667,1.132215571,0.379390304
11/15/1990,81,tropicana,6272,8.743850562,0,3.66,0.181118938,0.234201612,10.71993585,0.47884615399999997,0.088337065,0.073961623,0.42954279,3.7689074760000003,0.791666667,1.132215571,0.379390304
11/22/1990,81,tropicana,16896,9.734832187,0,2.99,0.181118938,0.234201612,10.71993585,0.47884615399999997,0.088337065,0.073961623,0.42954279,3.7689074760000003,0.791666667,1.132215571,0.379390304
10/4/1990,83,dominicks,9216,9.128696383,0,1.79,0.200834686,0.145984905,10.45607873,0.05075690099999999,0.098153547,0.10762810099999999,0.33063230600000004,1.3468008459999998,1.6,3.9013581260000003,0.26186071899999996
10/11/1990,83,dominicks,2688,7.896552702,0,2.29,0.200834686,0.145984905,10.45607873,0.05075690099999999,0.098153547,0.10762810099999999,0.33063230600000004,1.3468008459999998,1.6,3.9013581260000003,0.26186071899999996
10/18/1990,83,dominicks,195648,12.18407241,1,1.14,0.200834686,0.145984905,10.45607873,0.05075690099999999,0.098153547,0.10762810099999999,0.33063230600000004,1.3468008459999998,1.6,3.9013581260000003,0.26186071899999996
10/25/1990,83,dominicks,2752,7.920083199,0,1.59,0.200834686,0.145984905,10.45607873,0.05075690099999999,0.098153547,0.10762810099999999,0.33063230600000004,1.3468008459999998,1.6,3.9013581260000003,0.26186071899999996
11/1/1990,83,dominicks,76032,11.23890958,1,1.59,0.200834686,0.145984905,10.45607873,0.05075690099999999,0.098153547,0.10762810099999999,0.33063230600000004,1.3468008459999998,1.6,3.9013581260000003,0.26186071899999996
11/8/1990,83,dominicks,18048,9.800790154,0,1.29,0.200834686,0.145984905,10.45607873,0.05075690099999999,0.098153547,0.10762810099999999,0.33063230600000004,1.3468008459999998,1.6,3.9013581260000003,0.26186071899999996
11/15/1990,83,dominicks,33984,10.43364511,0,0.99,0.200834686,0.145984905,10.45607873,0.05075690099999999,0.098153547,0.10762810099999999,0.33063230600000004,1.3468008459999998,1.6,3.9013581260000003,0.26186071899999996
11/22/1990,83,dominicks,54400,10.90411943,1,1.59,0.200834686,0.145984905,10.45607873,0.05075690099999999,0.098153547,0.10762810099999999,0.33063230600000004,1.3468008459999998,1.6,3.9013581260000003,0.26186071899999996
10/4/1990,83,minute.maid,7808,8.962904128,0,2.62,0.200834686,0.145984905,10.45607873,0.05075690099999999,0.098153547,0.10762810099999999,0.33063230600000004,1.3468008459999998,1.6,3.9013581260000003,0.26186071899999996
10/11/1990,83,minute.maid,44608,10.70566849,1,1.99,0.200834686,0.145984905,10.45607873,0.05075690099999999,0.098153547,0.10762810099999999,0.33063230600000004,1.3468008459999998,1.6,3.9013581260000003,0.26186071899999996
10/18/1990,83,minute.maid,5120,8.540909718,0,2.48,0.200834686,0.145984905,10.45607873,0.05075690099999999,0.098153547,0.10762810099999999,0.33063230600000004,1.3468008459999998,1.6,3.9013581260000003,0.26186071899999996
10/25/1990,83,minute.maid,4928,8.502688505,0,2.62,0.200834686,0.145984905,10.45607873,0.05075690099999999,0.098153547,0.10762810099999999,0.33063230600000004,1.3468008459999998,1.6,3.9013581260000003,0.26186071899999996
11/1/1990,83,minute.maid,24384,10.10168246,1,1.99,0.200834686,0.145984905,10.45607873,0.05075690099999999,0.098153547,0.10762810099999999,0.33063230600000004,1.3468008459999998,1.6,3.9013581260000003,0.26186071899999996
11/8/1990,83,minute.maid,3200,8.070906089,0,2.62,0.200834686,0.145984905,10.45607873,0.05075690099999999,0.098153547,0.10762810099999999,0.33063230600000004,1.3468008459999998,1.6,3.9013581260000003,0.26186071899999996
11/15/1990,83,minute.maid,60544,11.01112565,1,1.99,0.200834686,0.145984905,10.45607873,0.05075690099999999,0.098153547,0.10762810099999999,0.33063230600000004,1.3468008459999998,1.6,3.9013581260000003,0.26186071899999996
11/22/1990,83,minute.maid,6400,8.764053269,0,1.99,0.200834686,0.145984905,10.45607873,0.05075690099999999,0.098153547,0.10762810099999999,0.33063230600000004,1.3468008459999998,1.6,3.9013581260000003,0.26186071899999996
10/4/1990,83,tropicana,5376,8.589699882,1,3.19,0.200834686,0.145984905,10.45607873,0.05075690099999999,0.098153547,0.10762810099999999,0.33063230600000004,1.3468008459999998,1.6,3.9013581260000003,0.26186071899999996
10/11/1990,83,tropicana,4352,8.378390789,0,3.19,0.200834686,0.145984905,10.45607873,0.05075690099999999,0.098153547,0.10762810099999999,0.33063230600000004,1.3468008459999998,1.6,3.9013581260000003,0.26186071899999996
10/18/1990,83,tropicana,5312,8.577723691000001,0,3.19,0.200834686,0.145984905,10.45607873,0.05075690099999999,0.098153547,0.10762810099999999,0.33063230600000004,1.3468008459999998,1.6,3.9013581260000003,0.26186071899999996
10/25/1990,83,tropicana,6912,8.841014311,0,3.19,0.200834686,0.145984905,10.45607873,0.05075690099999999,0.098153547,0.10762810099999999,0.33063230600000004,1.3468008459999998,1.6,3.9013581260000003,0.26186071899999996
11/1/1990,83,tropicana,4416,8.392989587999999,0,3.19,0.200834686,0.145984905,10.45607873,0.05075690099999999,0.098153547,0.10762810099999999,0.33063230600000004,1.3468008459999998,1.6,3.9013581260000003,0.26186071899999996
11/8/1990,83,tropicana,5952,8.691482577,0,3.19,0.200834686,0.145984905,10.45607873,0.05075690099999999,0.098153547,0.10762810099999999,0.33063230600000004,1.3468008459999998,1.6,3.9013581260000003,0.26186071899999996
11/15/1990,83,tropicana,8192,9.010913347,0,3.19,0.200834686,0.145984905,10.45607873,0.05075690099999999,0.098153547,0.10762810099999999,0.33063230600000004,1.3468008459999998,1.6,3.9013581260000003,0.26186071899999996
11/22/1990,83,tropicana,12096,9.400630097999999,0,2.99,0.200834686,0.145984905,10.45607873,0.05075690099999999,0.098153547,0.10762810099999999,0.33063230600000004,1.3468008459999998,1.6,3.9013581260000003,0.26186071899999996
10/4/1990,84,dominicks,11200,9.323669057,0,1.79,0.122100005,0.188094318,10.76561773,0.49144108299999995,0.161592506,0.02963639,0.346358237,0.9661616690000001,1.684210526,1.5823589980000001,0.618634025
10/11/1990,84,dominicks,1088,6.992096427000001,0,2.49,0.122100005,0.188094318,10.76561773,0.49144108299999995,0.161592506,0.02963639,0.346358237,0.9661616690000001,1.684210526,1.5823589980000001,0.618634025
10/18/1990,84,dominicks,74624,11.22021745,1,1.24,0.122100005,0.188094318,10.76561773,0.49144108299999995,0.161592506,0.02963639,0.346358237,0.9661616690000001,1.684210526,1.5823589980000001,0.618634025
10/25/1990,84,dominicks,1664,7.416979621,0,1.59,0.122100005,0.188094318,10.76561773,0.49144108299999995,0.161592506,0.02963639,0.346358237,0.9661616690000001,1.684210526,1.5823589980000001,0.618634025
11/1/1990,84,dominicks,18368,9.818365299,1,1.59,0.122100005,0.188094318,10.76561773,0.49144108299999995,0.161592506,0.02963639,0.346358237,0.9661616690000001,1.684210526,1.5823589980000001,0.618634025
11/8/1990,84,dominicks,22912,10.03941607,0,1.29,0.122100005,0.188094318,10.76561773,0.49144108299999995,0.161592506,0.02963639,0.346358237,0.9661616690000001,1.684210526,1.5823589980000001,0.618634025
11/15/1990,84,dominicks,30720,10.33266919,0,0.99,0.122100005,0.188094318,10.76561773,0.49144108299999995,0.161592506,0.02963639,0.346358237,0.9661616690000001,1.684210526,1.5823589980000001,0.618634025
11/22/1990,84,dominicks,12032,9.395325046,1,1.59,0.122100005,0.188094318,10.76561773,0.49144108299999995,0.161592506,0.02963639,0.346358237,0.9661616690000001,1.684210526,1.5823589980000001,0.618634025
10/4/1990,84,minute.maid,9984,9.208739091,0,2.99,0.122100005,0.188094318,10.76561773,0.49144108299999995,0.161592506,0.02963639,0.346358237,0.9661616690000001,1.684210526,1.5823589980000001,0.618634025
10/11/1990,84,minute.maid,43264,10.67507616,1,1.99,0.122100005,0.188094318,10.76561773,0.49144108299999995,0.161592506,0.02963639,0.346358237,0.9661616690000001,1.684210526,1.5823589980000001,0.618634025
10/18/1990,84,minute.maid,4544,8.42156296,0,2.64,0.122100005,0.188094318,10.76561773,0.49144108299999995,0.161592506,0.02963639,0.346358237,0.9661616690000001,1.684210526,1.5823589980000001,0.618634025
10/25/1990,84,minute.maid,4224,8.348537825,0,2.99,0.122100005,0.188094318,10.76561773,0.49144108299999995,0.161592506,0.02963639,0.346358237,0.9661616690000001,1.684210526,1.5823589980000001,0.618634025
11/1/1990,84,minute.maid,33984,10.43364511,1,1.99,0.122100005,0.188094318,10.76561773,0.49144108299999995,0.161592506,0.02963639,0.346358237,0.9661616690000001,1.684210526,1.5823589980000001,0.618634025
11/8/1990,84,minute.maid,5248,8.565602331000001,0,2.99,0.122100005,0.188094318,10.76561773,0.49144108299999995,0.161592506,0.02963639,0.346358237,0.9661616690000001,1.684210526,1.5823589980000001,0.618634025
11/15/1990,84,minute.maid,46720,10.75192762,1,1.99,0.122100005,0.188094318,10.76561773,0.49144108299999995,0.161592506,0.02963639,0.346358237,0.9661616690000001,1.684210526,1.5823589980000001,0.618634025
11/22/1990,84,minute.maid,11328,9.335032816,0,1.99,0.122100005,0.188094318,10.76561773,0.49144108299999995,0.161592506,0.02963639,0.346358237,0.9661616690000001,1.684210526,1.5823589980000001,0.618634025
10/4/1990,84,tropicana,6656,8.803273982999999,1,3.29,0.122100005,0.188094318,10.76561773,0.49144108299999995,0.161592506,0.02963639,0.346358237,0.9661616690000001,1.684210526,1.5823589980000001,0.618634025
10/11/1990,84,tropicana,4992,8.51559191,0,3.29,0.122100005,0.188094318,10.76561773,0.49144108299999995,0.161592506,0.02963639,0.346358237,0.9661616690000001,1.684210526,1.5823589980000001,0.618634025
10/18/1990,84,tropicana,3264,8.090708716,0,3.51,0.122100005,0.188094318,10.76561773,0.49144108299999995,0.161592506,0.02963639,0.346358237,0.9661616690000001,1.684210526,1.5823589980000001,0.618634025
10/25/1990,84,tropicana,4800,8.476371197,0,3.51,0.122100005,0.188094318,10.76561773,0.49144108299999995,0.161592506,0.02963639,0.346358237,0.9661616690000001,1.684210526,1.5823589980000001,0.618634025
11/1/1990,84,tropicana,3968,8.286017467999999,0,3.51,0.122100005,0.188094318,10.76561773,0.49144108299999995,0.161592506,0.02963639,0.346358237,0.9661616690000001,1.684210526,1.5823589980000001,0.618634025
11/8/1990,84,tropicana,4416,8.392989587999999,0,3.51,0.122100005,0.188094318,10.76561773,0.49144108299999995,0.161592506,0.02963639,0.346358237,0.9661616690000001,1.684210526,1.5823589980000001,0.618634025
11/15/1990,84,tropicana,6784,8.822322178,0,3.66,0.122100005,0.188094318,10.76561773,0.49144108299999995,0.161592506,0.02963639,0.346358237,0.9661616690000001,1.684210526,1.5823589980000001,0.618634025
11/22/1990,84,tropicana,9344,9.142489705,0,2.99,0.122100005,0.188094318,10.76561773,0.49144108299999995,0.161592506,0.02963639,0.346358237,0.9661616690000001,1.684210526,1.5823589980000001,0.618634025
10/4/1990,86,dominicks,6144,8.723231275,0,1.79,0.13875637400000002,0.096763919,10.08897077,0.21005386,0.118656482,0.427866425,0.293206793,2.038235325,0.9523809520000001,1.165745204,0.460779411
10/11/1990,86,dominicks,640,6.461468176,0,2.49,0.13875637400000002,0.096763919,10.08897077,0.21005386,0.118656482,0.427866425,0.293206793,2.038235325,0.9523809520000001,1.165745204,0.460779411
10/18/1990,86,dominicks,75712,11.23469195,1,1.24,0.13875637400000002,0.096763919,10.08897077,0.21005386,0.118656482,0.427866425,0.293206793,2.038235325,0.9523809520000001,1.165745204,0.460779411
10/25/1990,86,dominicks,576,6.356107661,0,1.59,0.13875637400000002,0.096763919,10.08897077,0.21005386,0.118656482,0.427866425,0.293206793,2.038235325,0.9523809520000001,1.165745204,0.460779411
11/1/1990,86,dominicks,28672,10.26367632,1,1.59,0.13875637400000002,0.096763919,10.08897077,0.21005386,0.118656482,0.427866425,0.293206793,2.038235325,0.9523809520000001,1.165745204,0.460779411
11/8/1990,86,dominicks,16320,9.700146628999999,0,1.29,0.13875637400000002,0.096763919,10.08897077,0.21005386,0.118656482,0.427866425,0.293206793,2.038235325,0.9523809520000001,1.165745204,0.460779411
11/15/1990,86,dominicks,40000,10.59663473,0,0.99,0.13875637400000002,0.096763919,10.08897077,0.21005386,0.118656482,0.427866425,0.293206793,2.038235325,0.9523809520000001,1.165745204,0.460779411
11/22/1990,86,dominicks,16448,9.707959168,1,1.59,0.13875637400000002,0.096763919,10.08897077,0.21005386,0.118656482,0.427866425,0.293206793,2.038235325,0.9523809520000001,1.165745204,0.460779411
