python-sdk/tutorials/automl-with-azureml/forecasting-pipelines/oj-train.csv
WeekStarting,Store,Brand,Quantity,logQuantity,Advert,Price,Age60,COLLEGE,INCOME,Hincome150,Large HH,Minorities,WorkingWoman,SSTRDIST,SSTRVOL,CPDIST5,CPWVOL5
10/4/1990,86,minute.maid,10944,9.30054664,0,2.62,0.13875637400000002,0.096763919,10.08897077,0.21005386,0.118656482,0.427866425,0.293206793,2.038235325,0.9523809520000001,1.165745204,0.460779411
10/11/1990,86,minute.maid,37632,10.53561003,1,1.99,0.13875637400000002,0.096763919,10.08897077,0.21005386,0.118656482,0.427866425,0.293206793,2.038235325,0.9523809520000001,1.165745204,0.460779411
10/18/1990,86,minute.maid,4224,8.348537825,0,2.48,0.13875637400000002,0.096763919,10.08897077,0.21005386,0.118656482,0.427866425,0.293206793,2.038235325,0.9523809520000001,1.165745204,0.460779411
10/25/1990,86,minute.maid,3584,8.184234774,0,2.62,0.13875637400000002,0.096763919,10.08897077,0.21005386,0.118656482,0.427866425,0.293206793,2.038235325,0.9523809520000001,1.165745204,0.460779411
11/1/1990,86,minute.maid,36928,10.51672535,1,1.99,0.13875637400000002,0.096763919,10.08897077,0.21005386,0.118656482,0.427866425,0.293206793,2.038235325,0.9523809520000001,1.165745204,0.460779411
11/8/1990,86,minute.maid,3072,8.030084094,0,2.73,0.13875637400000002,0.096763919,10.08897077,0.21005386,0.118656482,0.427866425,0.293206793,2.038235325,0.9523809520000001,1.165745204,0.460779411
11/15/1990,86,minute.maid,48960,10.79875892,1,1.99,0.13875637400000002,0.096763919,10.08897077,0.21005386,0.118656482,0.427866425,0.293206793,2.038235325,0.9523809520000001,1.165745204,0.460779411
11/22/1990,86,minute.maid,11392,9.340666634,0,1.99,0.13875637400000002,0.096763919,10.08897077,0.21005386,0.118656482,0.427866425,0.293206793,2.038235325,0.9523809520000001,1.165745204,0.460779411
10/4/1990,86,tropicana,17920,9.793672686,1,2.99,0.13875637400000002,0.096763919,10.08897077,0.21005386,0.118656482,0.427866425,0.293206793,2.038235325,0.9523809520000001,1.165745204,0.460779411
10/11/1990,86,tropicana,8448,9.041685006,0,2.99,0.13875637400000002,0.096763919,10.08897077,0.21005386,0.118656482,0.427866425,0.293206793,2.038235325,0.9523809520000001,1.165745204,0.460779411
10/18/1990,86,tropicana,8256,9.018695487999999,0,2.99,0.13875637400000002,0.096763919,10.08897077,0.21005386,0.118656482,0.427866425,0.293206793,2.038235325,0.9523809520000001,1.165745204,0.460779411
10/25/1990,86,tropicana,5184,8.553332238,0,3.66,0.13875637400000002,0.096763919,10.08897077,0.21005386,0.118656482,0.427866425,0.293206793,2.038235325,0.9523809520000001,1.165745204,0.460779411
11/1/1990,86,tropicana,4288,8.363575702999999,0,3.66,0.13875637400000002,0.096763919,10.08897077,0.21005386,0.118656482,0.427866425,0.293206793,2.038235325,0.9523809520000001,1.165745204,0.460779411
11/8/1990,86,tropicana,4480,8.407378325,0,3.66,0.13875637400000002,0.096763919,10.08897077,0.21005386,0.118656482,0.427866425,0.293206793,2.038235325,0.9523809520000001,1.165745204,0.460779411
11/15/1990,86,tropicana,7616,8.938006577000001,0,3.66,0.13875637400000002,0.096763919,10.08897077,0.21005386,0.118656482,0.427866425,0.293206793,2.038235325,0.9523809520000001,1.165745204,0.460779411
11/22/1990,86,tropicana,17024,9.742379392,0,2.99,0.13875637400000002,0.096763919,10.08897077,0.21005386,0.118656482,0.427866425,0.293206793,2.038235325,0.9523809520000001,1.165745204,0.460779411
10/4/1990,88,dominicks,5888,8.68067166,0,1.79,0.160414212,0.15163275,10.54980515,0.18957346,0.13516767,0.142928009,0.40189996100000003,4.981954638,1.6,2.087538672,0.48979649799999997
10/11/1990,88,dominicks,704,6.556778356000001,0,2.49,0.160414212,0.15163275,10.54980515,0.18957346,0.13516767,0.142928009,0.40189996100000003,4.981954638,1.6,2.087538672,0.48979649799999997
10/18/1990,88,dominicks,51712,10.85344514,1,1.24,0.160414212,0.15163275,10.54980515,0.18957346,0.13516767,0.142928009,0.40189996100000003,4.981954638,1.6,2.087538672,0.48979649799999997
10/25/1990,88,dominicks,2496,7.82244473,0,1.59,0.160414212,0.15163275,10.54980515,0.18957346,0.13516767,0.142928009,0.40189996100000003,4.981954638,1.6,2.087538672,0.48979649799999997
11/1/1990,88,dominicks,9344,9.142489705,1,1.59,0.160414212,0.15163275,10.54980515,0.18957346,0.13516767,0.142928009,0.40189996100000003,4.981954638,1.6,2.087538672,0.48979649799999997
11/8/1990,88,dominicks,11712,9.368369236,0,1.29,0.160414212,0.15163275,10.54980515,0.18957346,0.13516767,0.142928009,0.40189996100000003,4.981954638,1.6,2.087538672,0.48979649799999997
11/15/1990,88,dominicks,30976,10.34096799,0,0.99,0.160414212,0.15163275,10.54980515,0.18957346,0.13516767,0.142928009,0.40189996100000003,4.981954638,1.6,2.087538672,0.48979649799999997
11/22/1990,88,dominicks,18816,9.842462851,1,1.59,0.160414212,0.15163275,10.54980515,0.18957346,0.13516767,0.142928009,0.40189996100000003,4.981954638,1.6,2.087538672,0.48979649799999997
10/4/1990,88,minute.maid,8576,9.056722882999999,0,2.99,0.160414212,0.15163275,10.54980515,0.18957346,0.13516767,0.142928009,0.40189996100000003,4.981954638,1.6,2.087538672,0.48979649799999997
10/11/1990,88,minute.maid,34240,10.44114983,1,1.99,0.160414212,0.15163275,10.54980515,0.18957346,0.13516767,0.142928009,0.40189996100000003,4.981954638,1.6,2.087538672,0.48979649799999997
10/18/1990,88,minute.maid,6464,8.774003599999999,0,2.62,0.160414212,0.15163275,10.54980515,0.18957346,0.13516767,0.142928009,0.40189996100000003,4.981954638,1.6,2.087538672,0.48979649799999997
10/25/1990,88,minute.maid,3008,8.009030685,0,2.99,0.160414212,0.15163275,10.54980515,0.18957346,0.13516767,0.142928009,0.40189996100000003,4.981954638,1.6,2.087538672,0.48979649799999997
11/1/1990,88,minute.maid,35008,10.46333189,1,1.99,0.160414212,0.15163275,10.54980515,0.18957346,0.13516767,0.142928009,0.40189996100000003,4.981954638,1.6,2.087538672,0.48979649799999997
11/8/1990,88,minute.maid,3584,8.184234774,0,2.99,0.160414212,0.15163275,10.54980515,0.18957346,0.13516767,0.142928009,0.40189996100000003,4.981954638,1.6,2.087538672,0.48979649799999997
11/15/1990,88,minute.maid,21824,9.990765561,1,1.99,0.160414212,0.15163275,10.54980515,0.18957346,0.13516767,0.142928009,0.40189996100000003,4.981954638,1.6,2.087538672,0.48979649799999997
11/22/1990,88,minute.maid,8384,9.034080407000001,0,1.99,0.160414212,0.15163275,10.54980515,0.18957346,0.13516767,0.142928009,0.40189996100000003,4.981954638,1.6,2.087538672,0.48979649799999997
10/4/1990,88,tropicana,13248,9.491601877,1,2.99,0.160414212,0.15163275,10.54980515,0.18957346,0.13516767,0.142928009,0.40189996100000003,4.981954638,1.6,2.087538672,0.48979649799999997
10/11/1990,88,tropicana,5184,8.553332238,0,2.99,0.160414212,0.15163275,10.54980515,0.18957346,0.13516767,0.142928009,0.40189996100000003,4.981954638,1.6,2.087538672,0.48979649799999997
10/18/1990,88,tropicana,5888,8.68067166,0,2.99,0.160414212,0.15163275,10.54980515,0.18957346,0.13516767,0.142928009,0.40189996100000003,4.981954638,1.6,2.087538672,0.48979649799999997
10/25/1990,88,tropicana,3008,8.009030685,0,3.66,0.160414212,0.15163275,10.54980515,0.18957346,0.13516767,0.142928009,0.40189996100000003,4.981954638,1.6,2.087538672,0.48979649799999997
11/1/1990,88,tropicana,3456,8.14786713,0,3.66,0.160414212,0.15163275,10.54980515,0.18957346,0.13516767,0.142928009,0.40189996100000003,4.981954638,1.6,2.087538672,0.48979649799999997
11/8/1990,88,tropicana,3392,8.129174997,0,3.66,0.160414212,0.15163275,10.54980515,0.18957346,0.13516767,0.142928009,0.40189996100000003,4.981954638,1.6,2.087538672,0.48979649799999997
11/15/1990,88,tropicana,4288,8.363575702999999,0,3.66,0.160414212,0.15163275,10.54980515,0.18957346,0.13516767,0.142928009,0.40189996100000003,4.981954638,1.6,2.087538672,0.48979649799999997
11/22/1990,88,tropicana,9536,9.162829389,0,2.99,0.160414212,0.15163275,10.54980515,0.18957346,0.13516767,0.142928009,0.40189996100000003,4.981954638,1.6,2.087538672,0.48979649799999997
10/4/1990,89,dominicks,18624,9.832206351,0,1.79,0.20581135899999997,0.053349435,10.30811898,0.00250941,0.15833544800000002,0.35305369600000003,0.297890415,7.139074251,1.526315789,1.7345942380000001,0.232061895
10/11/1990,89,dominicks,1472,7.294377299,0,2.49,0.20581135899999997,0.053349435,10.30811898,0.00250941,0.15833544800000002,0.35305369600000003,0.297890415,7.139074251,1.526315789,1.7345942380000001,0.232061895
10/18/1990,89,dominicks,124160,11.72932634,1,1.24,0.20581135899999997,0.053349435,10.30811898,0.00250941,0.15833544800000002,0.35305369600000003,0.297890415,7.139074251,1.526315789,1.7345942380000001,0.232061895
10/25/1990,89,dominicks,1600,7.377758908,0,1.59,0.20581135899999997,0.053349435,10.30811898,0.00250941,0.15833544800000002,0.35305369600000003,0.297890415,7.139074251,1.526315789,1.7345942380000001,0.232061895
11/1/1990,89,dominicks,36224,10.49747716,1,1.59,0.20581135899999997,0.053349435,10.30811898,0.00250941,0.15833544800000002,0.35305369600000003,0.297890415,7.139074251,1.526315789,1.7345942380000001,0.232061895
11/8/1990,89,dominicks,32960,10.40304998,0,1.29,0.20581135899999997,0.053349435,10.30811898,0.00250941,0.15833544800000002,0.35305369600000003,0.297890415,7.139074251,1.526315789,1.7345942380000001,0.232061895
11/15/1990,89,dominicks,93056,11.44095674,0,0.99,0.20581135899999997,0.053349435,10.30811898,0.00250941,0.15833544800000002,0.35305369600000003,0.297890415,7.139074251,1.526315789,1.7345942380000001,0.232061895
11/22/1990,89,dominicks,26944,10.20151592,1,1.59,0.20581135899999997,0.053349435,10.30811898,0.00250941,0.15833544800000002,0.35305369600000003,0.297890415,7.139074251,1.526315789,1.7345942380000001,0.232061895
10/4/1990,89,minute.maid,6272,8.743850562,0,2.99,0.20581135899999997,0.053349435,10.30811898,0.00250941,0.15833544800000002,0.35305369600000003,0.297890415,7.139074251,1.526315789,1.7345942380000001,0.232061895
10/11/1990,89,minute.maid,36800,10.51325312,1,1.99,0.20581135899999997,0.053349435,10.30811898,0.00250941,0.15833544800000002,0.35305369600000003,0.297890415,7.139074251,1.526315789,1.7345942380000001,0.232061895
10/18/1990,89,minute.maid,6656,8.803273982999999,0,2.75,0.20581135899999997,0.053349435,10.30811898,0.00250941,0.15833544800000002,0.35305369600000003,0.297890415,7.139074251,1.526315789,1.7345942380000001,0.232061895
10/25/1990,89,minute.maid,2496,7.82244473,0,2.99,0.20581135899999997,0.053349435,10.30811898,0.00250941,0.15833544800000002,0.35305369600000003,0.297890415,7.139074251,1.526315789,1.7345942380000001,0.232061895
11/1/1990,89,minute.maid,25088,10.13014492,1,1.99,0.20581135899999997,0.053349435,10.30811898,0.00250941,0.15833544800000002,0.35305369600000003,0.297890415,7.139074251,1.526315789,1.7345942380000001,0.232061895
11/8/1990,89,minute.maid,2304,7.742402022,0,2.99,0.20581135899999997,0.053349435,10.30811898,0.00250941,0.15833544800000002,0.35305369600000003,0.297890415,7.139074251,1.526315789,1.7345942380000001,0.232061895
11/15/1990,89,minute.maid,36224,10.49747716,1,1.99,0.20581135899999997,0.053349435,10.30811898,0.00250941,0.15833544800000002,0.35305369600000003,0.297890415,7.139074251,1.526315789,1.7345942380000001,0.232061895
11/22/1990,89,minute.maid,10688,9.276876896000001,0,1.99,0.20581135899999997,0.053349435,10.30811898,0.00250941,0.15833544800000002,0.35305369600000003,0.297890415,7.139074251,1.526315789,1.7345942380000001,0.232061895
10/4/1990,89,tropicana,11776,9.373818841,1,2.99,0.20581135899999997,0.053349435,10.30811898,0.00250941,0.15833544800000002,0.35305369600000003,0.297890415,7.139074251,1.526315789,1.7345942380000001,0.232061895
10/11/1990,89,tropicana,8384,9.034080407000001,0,2.99,0.20581135899999997,0.053349435,10.30811898,0.00250941,0.15833544800000002,0.35305369600000003,0.297890415,7.139074251,1.526315789,1.7345942380000001,0.232061895
10/18/1990,89,tropicana,6272,8.743850562,0,2.99,0.20581135899999997,0.053349435,10.30811898,0.00250941,0.15833544800000002,0.35305369600000003,0.297890415,7.139074251,1.526315789,1.7345942380000001,0.232061895
10/25/1990,89,tropicana,3392,8.129174997,0,3.66,0.20581135899999997,0.053349435,10.30811898,0.00250941,0.15833544800000002,0.35305369600000003,0.297890415,7.139074251,1.526315789,1.7345942380000001,0.232061895
11/1/1990,89,tropicana,2624,7.87245515,0,3.66,0.20581135899999997,0.053349435,10.30811898,0.00250941,0.15833544800000002,0.35305369600000003,0.297890415,7.139074251,1.526315789,1.7345942380000001,0.232061895
11/8/1990,89,tropicana,1920,7.560080465,0,3.66,0.20581135899999997,0.053349435,10.30811898,0.00250941,0.15833544800000002,0.35305369600000003,0.297890415,7.139074251,1.526315789,1.7345942380000001,0.232061895
11/15/1990,89,tropicana,4480,8.407378325,0,3.66,0.20581135899999997,0.053349435,10.30811898,0.00250941,0.15833544800000002,0.35305369600000003,0.297890415,7.139074251,1.526315789,1.7345942380000001,0.232061895
11/22/1990,89,tropicana,5568,8.624791202,0,2.99,0.20581135899999997,0.053349435,10.30811898,0.00250941,0.15833544800000002,0.35305369600000003,0.297890415,7.139074251,1.526315789,1.7345942380000001,0.232061895
10/4/1990,90,dominicks,9472,9.156095357,0,1.79,0.225219573,0.050193454000000005,10.5046565,0.005700871999999999,0.124328331,0.26836748899999996,0.244462674,12.84014961,2.461538462,4.107901798,0.370342571
10/11/1990,90,dominicks,960,6.866933285,0,2.49,0.225219573,0.050193454000000005,10.5046565,0.005700871999999999,0.124328331,0.26836748899999996,0.244462674,12.84014961,2.461538462,4.107901798,0.370342571
10/18/1990,90,dominicks,124352,11.73087153,1,1.24,0.225219573,0.050193454000000005,10.5046565,0.005700871999999999,0.124328331,0.26836748899999996,0.244462674,12.84014961,2.461538462,4.107901798,0.370342571
10/25/1990,90,dominicks,128,4.852030264,0,1.59,0.225219573,0.050193454000000005,10.5046565,0.005700871999999999,0.124328331,0.26836748899999996,0.244462674,12.84014961,2.461538462,4.107901798,0.370342571
11/1/1990,90,dominicks,38336,10.55414468,1,1.59,0.225219573,0.050193454000000005,10.5046565,0.005700871999999999,0.124328331,0.26836748899999996,0.244462674,12.84014961,2.461538462,4.107901798,0.370342571
11/8/1990,90,dominicks,56704,10.94560003,0,1.29,0.225219573,0.050193454000000005,10.5046565,0.005700871999999999,0.124328331,0.26836748899999996,0.244462674,12.84014961,2.461538462,4.107901798,0.370342571
11/15/1990,90,dominicks,86720,11.37043982,0,0.99,0.225219573,0.050193454000000005,10.5046565,0.005700871999999999,0.124328331,0.26836748899999996,0.244462674,12.84014961,2.461538462,4.107901798,0.370342571
11/22/1990,90,dominicks,13696,9.524859098,1,1.59,0.225219573,0.050193454000000005,10.5046565,0.005700871999999999,0.124328331,0.26836748899999996,0.244462674,12.84014961,2.461538462,4.107901798,0.370342571
10/4/1990,90,minute.maid,7104,8.868413285,0,2.99,0.225219573,0.050193454000000005,10.5046565,0.005700871999999999,0.124328331,0.26836748899999996,0.244462674,12.84014961,2.461538462,4.107901798,0.370342571
10/11/1990,90,minute.maid,39296,10.57887801,1,1.99,0.225219573,0.050193454000000005,10.5046565,0.005700871999999999,0.124328331,0.26836748899999996,0.244462674,12.84014961,2.461538462,4.107901798,0.370342571
10/18/1990,90,minute.maid,2752,7.920083199,0,2.79,0.225219573,0.050193454000000005,10.5046565,0.005700871999999999,0.124328331,0.26836748899999996,0.244462674,12.84014961,2.461538462,4.107901798,0.370342571
10/25/1990,90,minute.maid,2176,7.6852436079999995,0,2.99,0.225219573,0.050193454000000005,10.5046565,0.005700871999999999,0.124328331,0.26836748899999996,0.244462674,12.84014961,2.461538462,4.107901798,0.370342571
11/1/1990,90,minute.maid,29312,10.28575227,1,1.99,0.225219573,0.050193454000000005,10.5046565,0.005700871999999999,0.124328331,0.26836748899999996,0.244462674,12.84014961,2.461538462,4.107901798,0.370342571
11/8/1990,90,minute.maid,2432,7.796469243,0,2.99,0.225219573,0.050193454000000005,10.5046565,0.005700871999999999,0.124328331,0.26836748899999996,0.244462674,12.84014961,2.461538462,4.107901798,0.370342571
11/15/1990,90,minute.maid,36544,10.50627229,1,1.99,0.225219573,0.050193454000000005,10.5046565,0.005700871999999999,0.124328331,0.26836748899999996,0.244462674,12.84014961,2.461538462,4.107901798,0.370342571
11/22/1990,90,minute.maid,6784,8.822322178,0,1.99,0.225219573,0.050193454000000005,10.5046565,0.005700871999999999,0.124328331,0.26836748899999996,0.244462674,12.84014961,2.461538462,4.107901798,0.370342571
10/4/1990,90,tropicana,7552,8.929567707999999,1,2.99,0.225219573,0.050193454000000005,10.5046565,0.005700871999999999,0.124328331,0.26836748899999996,0.244462674,12.84014961,2.461538462,4.107901798,0.370342571
10/11/1990,90,tropicana,4416,8.392989587999999,0,2.99,0.225219573,0.050193454000000005,10.5046565,0.005700871999999999,0.124328331,0.26836748899999996,0.244462674,12.84014961,2.461538462,4.107901798,0.370342571
10/18/1990,90,tropicana,4352,8.378390789,0,2.99,0.225219573,0.050193454000000005,10.5046565,0.005700871999999999,0.124328331,0.26836748899999996,0.244462674,12.84014961,2.461538462,4.107901798,0.370342571
10/25/1990,90,tropicana,2816,7.943072717000001,0,3.66,0.225219573,0.050193454000000005,10.5046565,0.005700871999999999,0.124328331,0.26836748899999996,0.244462674,12.84014961,2.461538462,4.107901798,0.370342571
11/1/1990,90,tropicana,2112,7.655390645,0,3.66,0.225219573,0.050193454000000005,10.5046565,0.005700871999999999,0.124328331,0.26836748899999996,0.244462674,12.84014961,2.461538462,4.107901798,0.370342571
11/8/1990,90,tropicana,1728,7.454719948999999,0,3.66,0.225219573,0.050193454000000005,10.5046565,0.005700871999999999,0.124328331,0.26836748899999996,0.244462674,12.84014961,2.461538462,4.107901798,0.370342571
11/15/1990,90,tropicana,3136,8.050703382,0,3.66,0.225219573,0.050193454000000005,10.5046565,0.005700871999999999,0.124328331,0.26836748899999996,0.244462674,12.84014961,2.461538462,4.107901798,0.370342571
11/22/1990,90,tropicana,7808,8.962904128,0,2.99,0.225219573,0.050193454000000005,10.5046565,0.005700871999999999,0.124328331,0.26836748899999996,0.244462674,12.84014961,2.461538462,4.107901798,0.370342571
