python-sdk/tutorials/automl-with-azureml/forecasting-pipelines/oj-train.csv
WeekStarting,Store,Brand,Quantity,logQuantity,Advert,Price,Age60,COLLEGE,INCOME,Hincome150,Large HH,Minorities,WorkingWoman,SSTRDIST,SSTRVOL,CPDIST5,CPWVOL5
10/4/1990,91,dominicks,8960,9.100525506,0,1.79,0.255730611,0.14431011300000002,10.53844932,0.144424674,0.108284634,0.024680506,0.289097744,6.292594104,2.5714285709999998,2.089837391,0.6817901609999999
10/11/1990,91,dominicks,1216,7.103322062999999,0,2.49,0.255730611,0.14431011300000002,10.53844932,0.144424674,0.108284634,0.024680506,0.289097744,6.292594104,2.5714285709999998,2.089837391,0.6817901609999999
10/18/1990,91,dominicks,96960,11.4820538,1,1.24,0.255730611,0.14431011300000002,10.53844932,0.144424674,0.108284634,0.024680506,0.289097744,6.292594104,2.5714285709999998,2.089837391,0.6817901609999999
10/25/1990,91,dominicks,832,6.723832441,0,1.59,0.255730611,0.14431011300000002,10.53844932,0.144424674,0.108284634,0.024680506,0.289097744,6.292594104,2.5714285709999998,2.089837391,0.6817901609999999
11/1/1990,91,dominicks,21312,9.967025572999999,1,1.59,0.255730611,0.14431011300000002,10.53844932,0.144424674,0.108284634,0.024680506,0.289097744,6.292594104,2.5714285709999998,2.089837391,0.6817901609999999
11/8/1990,91,dominicks,16896,9.734832187,0,1.29,0.255730611,0.14431011300000002,10.53844932,0.144424674,0.108284634,0.024680506,0.289097744,6.292594104,2.5714285709999998,2.089837391,0.6817901609999999
11/15/1990,91,dominicks,33472,10.41846455,0,0.99,0.255730611,0.14431011300000002,10.53844932,0.144424674,0.108284634,0.024680506,0.289097744,6.292594104,2.5714285709999998,2.089837391,0.6817901609999999
11/22/1990,91,dominicks,20096,9.908276069,1,1.59,0.255730611,0.14431011300000002,10.53844932,0.144424674,0.108284634,0.024680506,0.289097744,6.292594104,2.5714285709999998,2.089837391,0.6817901609999999
10/4/1990,91,minute.maid,7552,8.929567707999999,0,2.99,0.255730611,0.14431011300000002,10.53844932,0.144424674,0.108284634,0.024680506,0.289097744,6.292594104,2.5714285709999998,2.089837391,0.6817901609999999
10/11/1990,91,minute.maid,34624,10.45230236,1,1.99,0.255730611,0.14431011300000002,10.53844932,0.144424674,0.108284634,0.024680506,0.289097744,6.292594104,2.5714285709999998,2.089837391,0.6817901609999999
10/18/1990,91,minute.maid,3648,8.201934351,0,2.68,0.255730611,0.14431011300000002,10.53844932,0.144424674,0.108284634,0.024680506,0.289097744,6.292594104,2.5714285709999998,2.089837391,0.6817901609999999
10/25/1990,91,minute.maid,2880,7.965545572999999,0,2.99,0.255730611,0.14431011300000002,10.53844932,0.144424674,0.108284634,0.024680506,0.289097744,6.292594104,2.5714285709999998,2.089837391,0.6817901609999999
11/1/1990,91,minute.maid,23168,10.0505273,1,1.99,0.255730611,0.14431011300000002,10.53844932,0.144424674,0.108284634,0.024680506,0.289097744,6.292594104,2.5714285709999998,2.089837391,0.6817901609999999
11/8/1990,91,minute.maid,2112,7.655390645,0,2.99,0.255730611,0.14431011300000002,10.53844932,0.144424674,0.108284634,0.024680506,0.289097744,6.292594104,2.5714285709999998,2.089837391,0.6817901609999999
11/15/1990,91,minute.maid,29824,10.30306872,1,1.99,0.255730611,0.14431011300000002,10.53844932,0.144424674,0.108284634,0.024680506,0.289097744,6.292594104,2.5714285709999998,2.089837391,0.6817901609999999
11/22/1990,91,minute.maid,8192,9.010913347,0,1.99,0.255730611,0.14431011300000002,10.53844932,0.144424674,0.108284634,0.024680506,0.289097744,6.292594104,2.5714285709999998,2.089837391,0.6817901609999999
10/4/1990,91,tropicana,4800,8.476371197,1,3.29,0.255730611,0.14431011300000002,10.53844932,0.144424674,0.108284634,0.024680506,0.289097744,6.292594104,2.5714285709999998,2.089837391,0.6817901609999999
10/11/1990,91,tropicana,3712,8.219326094,0,3.29,0.255730611,0.14431011300000002,10.53844932,0.144424674,0.108284634,0.024680506,0.289097744,6.292594104,2.5714285709999998,2.089837391,0.6817901609999999
10/18/1990,91,tropicana,1728,7.454719948999999,0,3.51,0.255730611,0.14431011300000002,10.53844932,0.144424674,0.108284634,0.024680506,0.289097744,6.292594104,2.5714285709999998,2.089837391,0.6817901609999999
10/25/1990,91,tropicana,2624,7.87245515,0,3.51,0.255730611,0.14431011300000002,10.53844932,0.144424674,0.108284634,0.024680506,0.289097744,6.292594104,2.5714285709999998,2.089837391,0.6817901609999999
11/1/1990,91,tropicana,2816,7.943072717000001,0,3.51,0.255730611,0.14431011300000002,10.53844932,0.144424674,0.108284634,0.024680506,0.289097744,6.292594104,2.5714285709999998,2.089837391,0.6817901609999999
11/8/1990,91,tropicana,2496,7.82244473,0,3.51,0.255730611,0.14431011300000002,10.53844932,0.144424674,0.108284634,0.024680506,0.289097744,6.292594104,2.5714285709999998,2.089837391,0.6817901609999999
11/15/1990,91,tropicana,4416,8.392989587999999,0,3.66,0.255730611,0.14431011300000002,10.53844932,0.144424674,0.108284634,0.024680506,0.289097744,6.292594104,2.5714285709999998,2.089837391,0.6817901609999999
11/22/1990,91,tropicana,5632,8.636219898,0,2.99,0.255730611,0.14431011300000002,10.53844932,0.144424674,0.108284634,0.024680506,0.289097744,6.292594104,2.5714285709999998,2.089837391,0.6817901609999999
10/4/1990,92,dominicks,28288,10.25019297,0,1.79,0.137827632,0.27012665,10.65780038,0.134417808,0.15049505,0.375388716,0.323033209,3.7645442289999997,2.25,1.591835871,0.34865401100000004
10/11/1990,92,dominicks,3136,8.050703382,0,2.49,0.137827632,0.27012665,10.65780038,0.134417808,0.15049505,0.375388716,0.323033209,3.7645442289999997,2.25,1.591835871,0.34865401100000004
10/18/1990,92,dominicks,123264,11.72208368,1,1.24,0.137827632,0.27012665,10.65780038,0.134417808,0.15049505,0.375388716,0.323033209,3.7645442289999997,2.25,1.591835871,0.34865401100000004
10/25/1990,92,dominicks,1024,6.931471806,0,1.59,0.137827632,0.27012665,10.65780038,0.134417808,0.15049505,0.375388716,0.323033209,3.7645442289999997,2.25,1.591835871,0.34865401100000004
11/1/1990,92,dominicks,44480,10.70279493,1,1.59,0.137827632,0.27012665,10.65780038,0.134417808,0.15049505,0.375388716,0.323033209,3.7645442289999997,2.25,1.591835871,0.34865401100000004
11/8/1990,92,dominicks,39744,10.59021417,0,1.29,0.137827632,0.27012665,10.65780038,0.134417808,0.15049505,0.375388716,0.323033209,3.7645442289999997,2.25,1.591835871,0.34865401100000004
11/15/1990,92,dominicks,23232,10.05328592,0,0.99,0.137827632,0.27012665,10.65780038,0.134417808,0.15049505,0.375388716,0.323033209,3.7645442289999997,2.25,1.591835871,0.34865401100000004
11/22/1990,92,dominicks,15168,9.626943225,1,1.59,0.137827632,0.27012665,10.65780038,0.134417808,0.15049505,0.375388716,0.323033209,3.7645442289999997,2.25,1.591835871,0.34865401100000004
10/4/1990,92,minute.maid,9664,9.17616292,0,2.99,0.137827632,0.27012665,10.65780038,0.134417808,0.15049505,0.375388716,0.323033209,3.7645442289999997,2.25,1.591835871,0.34865401100000004
10/11/1990,92,minute.maid,34048,10.43552657,1,1.99,0.137827632,0.27012665,10.65780038,0.134417808,0.15049505,0.375388716,0.323033209,3.7645442289999997,2.25,1.591835871,0.34865401100000004
10/18/1990,92,minute.maid,6144,8.723231275,0,2.58,0.137827632,0.27012665,10.65780038,0.134417808,0.15049505,0.375388716,0.323033209,3.7645442289999997,2.25,1.591835871,0.34865401100000004
10/25/1990,92,minute.maid,3520,8.166216269,0,2.99,0.137827632,0.27012665,10.65780038,0.134417808,0.15049505,0.375388716,0.323033209,3.7645442289999997,2.25,1.591835871,0.34865401100000004
11/1/1990,92,minute.maid,19136,9.859326657,1,1.99,0.137827632,0.27012665,10.65780038,0.134417808,0.15049505,0.375388716,0.323033209,3.7645442289999997,2.25,1.591835871,0.34865401100000004
11/8/1990,92,minute.maid,2176,7.6852436079999995,0,2.99,0.137827632,0.27012665,10.65780038,0.134417808,0.15049505,0.375388716,0.323033209,3.7645442289999997,2.25,1.591835871,0.34865401100000004
11/15/1990,92,minute.maid,42496,10.65716523,1,1.99,0.137827632,0.27012665,10.65780038,0.134417808,0.15049505,0.375388716,0.323033209,3.7645442289999997,2.25,1.591835871,0.34865401100000004
11/22/1990,92,minute.maid,13184,9.486759252,0,1.99,0.137827632,0.27012665,10.65780038,0.134417808,0.15049505,0.375388716,0.323033209,3.7645442289999997,2.25,1.591835871,0.34865401100000004
10/4/1990,92,tropicana,5312,8.577723691000001,1,3.29,0.137827632,0.27012665,10.65780038,0.134417808,0.15049505,0.375388716,0.323033209,3.7645442289999997,2.25,1.591835871,0.34865401100000004
10/11/1990,92,tropicana,3776,8.236420527,0,3.29,0.137827632,0.27012665,10.65780038,0.134417808,0.15049505,0.375388716,0.323033209,3.7645442289999997,2.25,1.591835871,0.34865401100000004
10/18/1990,92,tropicana,2048,7.624618986000001,0,3.51,0.137827632,0.27012665,10.65780038,0.134417808,0.15049505,0.375388716,0.323033209,3.7645442289999997,2.25,1.591835871,0.34865401100000004
10/25/1990,92,tropicana,4544,8.42156296,0,3.51,0.137827632,0.27012665,10.65780038,0.134417808,0.15049505,0.375388716,0.323033209,3.7645442289999997,2.25,1.591835871,0.34865401100000004
11/1/1990,92,tropicana,2880,7.965545572999999,0,3.51,0.137827632,0.27012665,10.65780038,0.134417808,0.15049505,0.375388716,0.323033209,3.7645442289999997,2.25,1.591835871,0.34865401100000004
11/8/1990,92,tropicana,2944,7.98752448,0,3.51,0.137827632,0.27012665,10.65780038,0.134417808,0.15049505,0.375388716,0.323033209,3.7645442289999997,2.25,1.591835871,0.34865401100000004
11/15/1990,92,tropicana,5632,8.636219898,0,3.66,0.137827632,0.27012665,10.65780038,0.134417808,0.15049505,0.375388716,0.323033209,3.7645442289999997,2.25,1.591835871,0.34865401100000004
11/22/1990,92,tropicana,6720,8.812843434,0,2.99,0.137827632,0.27012665,10.65780038,0.134417808,0.15049505,0.375388716,0.323033209,3.7645442289999997,2.25,1.591835871,0.34865401100000004
10/4/1990,93,dominicks,5248,8.565602331000001,0,1.79,0.142390194,0.36301638299999994,10.36719012,0.491839763,0.07200100200000001,0.347395301,0.420637376,13.190219400000002,0.666666667,1.331641281,0.222243272
10/11/1990,93,dominicks,1728,7.454719948999999,0,2.69,0.142390194,0.36301638299999994,10.36719012,0.491839763,0.07200100200000001,0.347395301,0.420637376,13.190219400000002,0.666666667,1.331641281,0.222243272
10/18/1990,93,dominicks,49920,10.818177,1,1.24,0.142390194,0.36301638299999994,10.36719012,0.491839763,0.07200100200000001,0.347395301,0.420637376,13.190219400000002,0.666666667,1.331641281,0.222243272
10/25/1990,93,dominicks,1536,7.336936914,0,1.59,0.142390194,0.36301638299999994,10.36719012,0.491839763,0.07200100200000001,0.347395301,0.420637376,13.190219400000002,0.666666667,1.331641281,0.222243272
11/1/1990,93,dominicks,16448,9.707959168,1,1.59,0.142390194,0.36301638299999994,10.36719012,0.491839763,0.07200100200000001,0.347395301,0.420637376,13.190219400000002,0.666666667,1.331641281,0.222243272
11/8/1990,93,dominicks,22528,10.02251426,0,1.29,0.142390194,0.36301638299999994,10.36719012,0.491839763,0.07200100200000001,0.347395301,0.420637376,13.190219400000002,0.666666667,1.331641281,0.222243272
11/15/1990,93,dominicks,22208,10.00820786,0,0.99,0.142390194,0.36301638299999994,10.36719012,0.491839763,0.07200100200000001,0.347395301,0.420637376,13.190219400000002,0.666666667,1.331641281,0.222243272
11/22/1990,93,dominicks,8896,9.093357017,1,1.59,0.142390194,0.36301638299999994,10.36719012,0.491839763,0.07200100200000001,0.347395301,0.420637376,13.190219400000002,0.666666667,1.331641281,0.222243272
10/4/1990,93,minute.maid,11392,9.340666634,0,3.17,0.142390194,0.36301638299999994,10.36719012,0.491839763,0.07200100200000001,0.347395301,0.420637376,13.190219400000002,0.666666667,1.331641281,0.222243272
10/11/1990,93,minute.maid,34176,10.43927892,1,1.99,0.142390194,0.36301638299999994,10.36719012,0.491839763,0.07200100200000001,0.347395301,0.420637376,13.190219400000002,0.666666667,1.331641281,0.222243272
10/18/1990,93,minute.maid,4096,8.317766167,0,3.03,0.142390194,0.36301638299999994,10.36719012,0.491839763,0.07200100200000001,0.347395301,0.420637376,13.190219400000002,0.666666667,1.331641281,0.222243272
10/25/1990,93,minute.maid,3776,8.236420527,0,3.17,0.142390194,0.36301638299999994,10.36719012,0.491839763,0.07200100200000001,0.347395301,0.420637376,13.190219400000002,0.666666667,1.331641281,0.222243272
11/1/1990,93,minute.maid,33408,10.41655067,1,1.99,0.142390194,0.36301638299999994,10.36719012,0.491839763,0.07200100200000001,0.347395301,0.420637376,13.190219400000002,0.666666667,1.331641281,0.222243272
11/8/1990,93,minute.maid,3648,8.201934351,0,3.17,0.142390194,0.36301638299999994,10.36719012,0.491839763,0.07200100200000001,0.347395301,0.420637376,13.190219400000002,0.666666667,1.331641281,0.222243272
11/15/1990,93,minute.maid,39488,10.58375211,1,1.99,0.142390194,0.36301638299999994,10.36719012,0.491839763,0.07200100200000001,0.347395301,0.420637376,13.190219400000002,0.666666667,1.331641281,0.222243272
11/22/1990,93,minute.maid,5568,8.624791202,0,1.99,0.142390194,0.36301638299999994,10.36719012,0.491839763,0.07200100200000001,0.347395301,0.420637376,13.190219400000002,0.666666667,1.331641281,0.222243272
10/4/1990,93,tropicana,13824,9.534161491,1,3.29,0.142390194,0.36301638299999994,10.36719012,0.491839763,0.07200100200000001,0.347395301,0.420637376,13.190219400000002,0.666666667,1.331641281,0.222243272
10/11/1990,93,tropicana,8320,9.026417534,0,3.29,0.142390194,0.36301638299999994,10.36719012,0.491839763,0.07200100200000001,0.347395301,0.420637376,13.190219400000002,0.666666667,1.331641281,0.222243272
10/18/1990,93,tropicana,6272,8.743850562,0,3.56,0.142390194,0.36301638299999994,10.36719012,0.491839763,0.07200100200000001,0.347395301,0.420637376,13.190219400000002,0.666666667,1.331641281,0.222243272
10/25/1990,93,tropicana,6464,8.774003599999999,0,3.56,0.142390194,0.36301638299999994,10.36719012,0.491839763,0.07200100200000001,0.347395301,0.420637376,13.190219400000002,0.666666667,1.331641281,0.222243272
11/1/1990,93,tropicana,7040,8.859363449,0,3.56,0.142390194,0.36301638299999994,10.36719012,0.491839763,0.07200100200000001,0.347395301,0.420637376,13.190219400000002,0.666666667,1.331641281,0.222243272
11/8/1990,93,tropicana,7808,8.962904128,0,3.56,0.142390194,0.36301638299999994,10.36719012,0.491839763,0.07200100200000001,0.347395301,0.420637376,13.190219400000002,0.666666667,1.331641281,0.222243272
11/15/1990,93,tropicana,9280,9.135616826,0,3.87,0.142390194,0.36301638299999994,10.36719012,0.491839763,0.07200100200000001,0.347395301,0.420637376,13.190219400000002,0.666666667,1.331641281,0.222243272
11/22/1990,93,tropicana,14464,9.579418083,0,2.99,0.142390194,0.36301638299999994,10.36719012,0.491839763,0.07200100200000001,0.347395301,0.420637376,13.190219400000002,0.666666667,1.331641281,0.222243272
10/4/1990,94,dominicks,16512,9.711842668,0,1.79,0.10300219699999999,0.229390404,10.7445158,0.367446809,0.128111377,0.059311691,0.402313223,3.960019335,1.4947368419999998,1.8049329580000002,0.42732801
10/11/1990,94,dominicks,3136,8.050703382,0,2.29,0.10300219699999999,0.229390404,10.7445158,0.367446809,0.128111377,0.059311691,0.402313223,3.960019335,1.4947368419999998,1.8049329580000002,0.42732801
10/18/1990,94,dominicks,79680,11.28577389,1,1.14,0.10300219699999999,0.229390404,10.7445158,0.367446809,0.128111377,0.059311691,0.402313223,3.960019335,1.4947368419999998,1.8049329580000002,0.42732801
10/25/1990,94,dominicks,3520,8.166216269,0,1.59,0.10300219699999999,0.229390404,10.7445158,0.367446809,0.128111377,0.059311691,0.402313223,3.960019335,1.4947368419999998,1.8049329580000002,0.42732801
11/1/1990,94,dominicks,20288,9.917784857000001,1,1.59,0.10300219699999999,0.229390404,10.7445158,0.367446809,0.128111377,0.059311691,0.402313223,3.960019335,1.4947368419999998,1.8049329580000002,0.42732801
11/8/1990,94,dominicks,19776,9.89222436,0,1.29,0.10300219699999999,0.229390404,10.7445158,0.367446809,0.128111377,0.059311691,0.402313223,3.960019335,1.4947368419999998,1.8049329580000002,0.42732801
11/15/1990,94,dominicks,36864,10.51499074,0,0.99,0.10300219699999999,0.229390404,10.7445158,0.367446809,0.128111377,0.059311691,0.402313223,3.960019335,1.4947368419999998,1.8049329580000002,0.42732801
11/22/1990,94,dominicks,16256,9.69621735,1,1.59,0.10300219699999999,0.229390404,10.7445158,0.367446809,0.128111377,0.059311691,0.402313223,3.960019335,1.4947368419999998,1.8049329580000002,0.42732801
10/4/1990,94,minute.maid,9664,9.17616292,0,2.62,0.10300219699999999,0.229390404,10.7445158,0.367446809,0.128111377,0.059311691,0.402313223,3.960019335,1.4947368419999998,1.8049329580000002,0.42732801
10/11/1990,94,minute.maid,23488,10.06424493,1,1.99,0.10300219699999999,0.229390404,10.7445158,0.367446809,0.128111377,0.059311691,0.402313223,3.960019335,1.4947368419999998,1.8049329580000002,0.42732801
10/18/1990,94,minute.maid,7360,8.903815212,0,2.44,0.10300219699999999,0.229390404,10.7445158,0.367446809,0.128111377,0.059311691,0.402313223,3.960019335,1.4947368419999998,1.8049329580000002,0.42732801
10/25/1990,94,minute.maid,5504,8.61323038,0,2.62,0.10300219699999999,0.229390404,10.7445158,0.367446809,0.128111377,0.059311691,0.402313223,3.960019335,1.4947368419999998,1.8049329580000002,0.42732801
11/1/1990,94,minute.maid,20352,9.920934466,1,1.99,0.10300219699999999,0.229390404,10.7445158,0.367446809,0.128111377,0.059311691,0.402313223,3.960019335,1.4947368419999998,1.8049329580000002,0.42732801
11/8/1990,94,minute.maid,4800,8.476371197,0,2.62,0.10300219699999999,0.229390404,10.7445158,0.367446809,0.128111377,0.059311691,0.402313223,3.960019335,1.4947368419999998,1.8049329580000002,0.42732801
11/15/1990,94,minute.maid,25984,10.16523624,1,1.99,0.10300219699999999,0.229390404,10.7445158,0.367446809,0.128111377,0.059311691,0.402313223,3.960019335,1.4947368419999998,1.8049329580000002,0.42732801
11/22/1990,94,minute.maid,14144,9.557045785,0,1.99,0.10300219699999999,0.229390404,10.7445158,0.367446809,0.128111377,0.059311691,0.402313223,3.960019335,1.4947368419999998,1.8049329580000002,0.42732801
