python-sdk/tutorials/automl-with-azureml/forecasting-pipelines/oj-train.csv
WeekStarting,Store,Brand,Quantity,logQuantity,Advert,Price,Age60,COLLEGE,INCOME,Hincome150,Large HH,Minorities,WorkingWoman,SSTRDIST,SSTRVOL,CPDIST5,CPWVOL5
10/4/1990,94,tropicana,7040,8.859363449,1,3.19,0.10300219699999999,0.229390404,10.7445158,0.367446809,0.128111377,0.059311691,0.402313223,3.960019335,1.4947368419999998,1.8049329580000002,0.42732801
10/11/1990,94,tropicana,6080,8.712759975,0,3.19,0.10300219699999999,0.229390404,10.7445158,0.367446809,0.128111377,0.059311691,0.402313223,3.960019335,1.4947368419999998,1.8049329580000002,0.42732801
10/18/1990,94,tropicana,4288,8.363575702999999,0,3.04,0.10300219699999999,0.229390404,10.7445158,0.367446809,0.128111377,0.059311691,0.402313223,3.960019335,1.4947368419999998,1.8049329580000002,0.42732801
10/25/1990,94,tropicana,5952,8.691482577,0,3.04,0.10300219699999999,0.229390404,10.7445158,0.367446809,0.128111377,0.059311691,0.402313223,3.960019335,1.4947368419999998,1.8049329580000002,0.42732801
11/1/1990,94,tropicana,8320,9.026417534,0,3.04,0.10300219699999999,0.229390404,10.7445158,0.367446809,0.128111377,0.059311691,0.402313223,3.960019335,1.4947368419999998,1.8049329580000002,0.42732801
11/8/1990,94,tropicana,6016,8.702177866,0,3.04,0.10300219699999999,0.229390404,10.7445158,0.367446809,0.128111377,0.059311691,0.402313223,3.960019335,1.4947368419999998,1.8049329580000002,0.42732801
11/15/1990,94,tropicana,7808,8.962904128,0,3.19,0.10300219699999999,0.229390404,10.7445158,0.367446809,0.128111377,0.059311691,0.402313223,3.960019335,1.4947368419999998,1.8049329580000002,0.42732801
11/22/1990,94,tropicana,9664,9.17616292,0,2.99,0.10300219699999999,0.229390404,10.7445158,0.367446809,0.128111377,0.059311691,0.402313223,3.960019335,1.4947368419999998,1.8049329580000002,0.42732801
10/4/1990,95,dominicks,13184,9.486759252,0,1.79,0.230717504,0.085642082,10.38347245,0.042876284,0.105074321,0.096900007,0.292846213,8.551712371,1.428571429,2.0072039530000003,0.48920621799999997
10/11/1990,95,dominicks,768,6.643789732999999,0,2.69,0.230717504,0.085642082,10.38347245,0.042876284,0.105074321,0.096900007,0.292846213,8.551712371,1.428571429,2.0072039530000003,0.48920621799999997
10/18/1990,95,dominicks,52672,10.87183928,1,1.24,0.230717504,0.085642082,10.38347245,0.042876284,0.105074321,0.096900007,0.292846213,8.551712371,1.428571429,2.0072039530000003,0.48920621799999997
10/25/1990,95,dominicks,896,6.797940412999999,0,1.59,0.230717504,0.085642082,10.38347245,0.042876284,0.105074321,0.096900007,0.292846213,8.551712371,1.428571429,2.0072039530000003,0.48920621799999997
11/1/1990,95,dominicks,31424,10.35532721,1,1.59,0.230717504,0.085642082,10.38347245,0.042876284,0.105074321,0.096900007,0.292846213,8.551712371,1.428571429,2.0072039530000003,0.48920621799999997
11/8/1990,95,dominicks,28928,10.27256526,0,1.29,0.230717504,0.085642082,10.38347245,0.042876284,0.105074321,0.096900007,0.292846213,8.551712371,1.428571429,2.0072039530000003,0.48920621799999997
11/15/1990,95,dominicks,9920,9.2023082,0,0.99,0.230717504,0.085642082,10.38347245,0.042876284,0.105074321,0.096900007,0.292846213,8.551712371,1.428571429,2.0072039530000003,0.48920621799999997
11/22/1990,95,dominicks,11264,9.329367077999999,1,1.59,0.230717504,0.085642082,10.38347245,0.042876284,0.105074321,0.096900007,0.292846213,8.551712371,1.428571429,2.0072039530000003,0.48920621799999997
10/4/1990,95,minute.maid,7616,8.938006577000001,0,3.17,0.230717504,0.085642082,10.38347245,0.042876284,0.105074321,0.096900007,0.292846213,8.551712371,1.428571429,2.0072039530000003,0.48920621799999997
10/11/1990,95,minute.maid,25600,10.15034763,1,1.99,0.230717504,0.085642082,10.38347245,0.042876284,0.105074321,0.096900007,0.292846213,8.551712371,1.428571429,2.0072039530000003,0.48920621799999997
10/18/1990,95,minute.maid,4224,8.348537825,0,2.8,0.230717504,0.085642082,10.38347245,0.042876284,0.105074321,0.096900007,0.292846213,8.551712371,1.428571429,2.0072039530000003,0.48920621799999997
10/25/1990,95,minute.maid,7616,8.938006577000001,0,3.17,0.230717504,0.085642082,10.38347245,0.042876284,0.105074321,0.096900007,0.292846213,8.551712371,1.428571429,2.0072039530000003,0.48920621799999997
11/1/1990,95,minute.maid,16576,9.715711145,1,1.99,0.230717504,0.085642082,10.38347245,0.042876284,0.105074321,0.096900007,0.292846213,8.551712371,1.428571429,2.0072039530000003,0.48920621799999997
11/8/1990,95,minute.maid,1408,7.249925537,0,3.17,0.230717504,0.085642082,10.38347245,0.042876284,0.105074321,0.096900007,0.292846213,8.551712371,1.428571429,2.0072039530000003,0.48920621799999997
11/15/1990,95,minute.maid,31424,10.35532721,1,1.99,0.230717504,0.085642082,10.38347245,0.042876284,0.105074321,0.096900007,0.292846213,8.551712371,1.428571429,2.0072039530000003,0.48920621799999997
11/22/1990,95,minute.maid,13568,9.515469357999999,0,1.99,0.230717504,0.085642082,10.38347245,0.042876284,0.105074321,0.096900007,0.292846213,8.551712371,1.428571429,2.0072039530000003,0.48920621799999997
10/4/1990,95,tropicana,6272,8.743850562,1,3.29,0.230717504,0.085642082,10.38347245,0.042876284,0.105074321,0.096900007,0.292846213,8.551712371,1.428571429,2.0072039530000003,0.48920621799999997
10/11/1990,95,tropicana,4992,8.51559191,0,3.29,0.230717504,0.085642082,10.38347245,0.042876284,0.105074321,0.096900007,0.292846213,8.551712371,1.428571429,2.0072039530000003,0.48920621799999997
10/18/1990,95,tropicana,3008,8.009030685,0,3.56,0.230717504,0.085642082,10.38347245,0.042876284,0.105074321,0.096900007,0.292846213,8.551712371,1.428571429,2.0072039530000003,0.48920621799999997
10/25/1990,95,tropicana,2624,7.87245515,0,3.56,0.230717504,0.085642082,10.38347245,0.042876284,0.105074321,0.096900007,0.292846213,8.551712371,1.428571429,2.0072039530000003,0.48920621799999997
11/1/1990,95,tropicana,2944,7.98752448,0,3.56,0.230717504,0.085642082,10.38347245,0.042876284,0.105074321,0.096900007,0.292846213,8.551712371,1.428571429,2.0072039530000003,0.48920621799999997
11/8/1990,95,tropicana,3648,8.201934351,0,3.56,0.230717504,0.085642082,10.38347245,0.042876284,0.105074321,0.096900007,0.292846213,8.551712371,1.428571429,2.0072039530000003,0.48920621799999997
11/15/1990,95,tropicana,5568,8.624791202,0,3.87,0.230717504,0.085642082,10.38347245,0.042876284,0.105074321,0.096900007,0.292846213,8.551712371,1.428571429,2.0072039530000003,0.48920621799999997
11/22/1990,95,tropicana,5440,8.60153434,0,2.99,0.230717504,0.085642082,10.38347245,0.042876284,0.105074321,0.096900007,0.292846213,8.551712371,1.428571429,2.0072039530000003,0.48920621799999997
10/4/1990,97,dominicks,4352,8.378390789,0,1.79,0.142433234,0.178182783,10.48374595,0.135732648,0.139324117,0.233612085,0.390218878,16.73439396,1.1875,2.5207282319999997,0.271672959
10/11/1990,97,dominicks,512,6.238324625,0,2.49,0.142433234,0.178182783,10.48374595,0.135732648,0.139324117,0.233612085,0.390218878,16.73439396,1.1875,2.5207282319999997,0.271672959
10/18/1990,97,dominicks,32128,10.3774832,1,1.24,0.142433234,0.178182783,10.48374595,0.135732648,0.139324117,0.233612085,0.390218878,16.73439396,1.1875,2.5207282319999997,0.271672959
10/25/1990,97,dominicks,768,6.643789732999999,0,1.59,0.142433234,0.178182783,10.48374595,0.135732648,0.139324117,0.233612085,0.390218878,16.73439396,1.1875,2.5207282319999997,0.271672959
11/1/1990,97,dominicks,6336,8.754002933999999,1,1.59,0.142433234,0.178182783,10.48374595,0.135732648,0.139324117,0.233612085,0.390218878,16.73439396,1.1875,2.5207282319999997,0.271672959
11/8/1990,97,dominicks,7616,8.938006577000001,0,1.29,0.142433234,0.178182783,10.48374595,0.135732648,0.139324117,0.233612085,0.390218878,16.73439396,1.1875,2.5207282319999997,0.271672959
11/15/1990,97,dominicks,8768,9.078864009,0,0.99,0.142433234,0.178182783,10.48374595,0.135732648,0.139324117,0.233612085,0.390218878,16.73439396,1.1875,2.5207282319999997,0.271672959
11/22/1990,97,dominicks,5312,8.577723691000001,1,1.59,0.142433234,0.178182783,10.48374595,0.135732648,0.139324117,0.233612085,0.390218878,16.73439396,1.1875,2.5207282319999997,0.271672959
10/4/1990,97,minute.maid,5376,8.589699882,0,2.99,0.142433234,0.178182783,10.48374595,0.135732648,0.139324117,0.233612085,0.390218878,16.73439396,1.1875,2.5207282319999997,0.271672959
10/11/1990,97,minute.maid,20992,9.951896692,1,1.99,0.142433234,0.178182783,10.48374595,0.135732648,0.139324117,0.233612085,0.390218878,16.73439396,1.1875,2.5207282319999997,0.271672959
10/18/1990,97,minute.maid,3648,8.201934351,0,2.73,0.142433234,0.178182783,10.48374595,0.135732648,0.139324117,0.233612085,0.390218878,16.73439396,1.1875,2.5207282319999997,0.271672959
10/25/1990,97,minute.maid,2944,7.98752448,0,2.99,0.142433234,0.178182783,10.48374595,0.135732648,0.139324117,0.233612085,0.390218878,16.73439396,1.1875,2.5207282319999997,0.271672959
11/1/1990,97,minute.maid,16128,9.688312171,1,1.99,0.142433234,0.178182783,10.48374595,0.135732648,0.139324117,0.233612085,0.390218878,16.73439396,1.1875,2.5207282319999997,0.271672959
11/8/1990,97,minute.maid,2368,7.769800996,0,2.99,0.142433234,0.178182783,10.48374595,0.135732648,0.139324117,0.233612085,0.390218878,16.73439396,1.1875,2.5207282319999997,0.271672959
11/15/1990,97,minute.maid,19008,9.852615222,1,1.99,0.142433234,0.178182783,10.48374595,0.135732648,0.139324117,0.233612085,0.390218878,16.73439396,1.1875,2.5207282319999997,0.271672959
11/22/1990,97,minute.maid,7424,8.912473275,0,1.99,0.142433234,0.178182783,10.48374595,0.135732648,0.139324117,0.233612085,0.390218878,16.73439396,1.1875,2.5207282319999997,0.271672959
10/4/1990,97,tropicana,5056,8.528330936,1,2.99,0.142433234,0.178182783,10.48374595,0.135732648,0.139324117,0.233612085,0.390218878,16.73439396,1.1875,2.5207282319999997,0.271672959
10/11/1990,97,tropicana,3072,8.030084094,0,2.99,0.142433234,0.178182783,10.48374595,0.135732648,0.139324117,0.233612085,0.390218878,16.73439396,1.1875,2.5207282319999997,0.271672959
10/18/1990,97,tropicana,3328,8.110126802,0,2.99,0.142433234,0.178182783,10.48374595,0.135732648,0.139324117,0.233612085,0.390218878,16.73439396,1.1875,2.5207282319999997,0.271672959
10/25/1990,97,tropicana,1472,7.294377299,0,3.66,0.142433234,0.178182783,10.48374595,0.135732648,0.139324117,0.233612085,0.390218878,16.73439396,1.1875,2.5207282319999997,0.271672959
11/1/1990,97,tropicana,896,6.797940412999999,0,3.66,0.142433234,0.178182783,10.48374595,0.135732648,0.139324117,0.233612085,0.390218878,16.73439396,1.1875,2.5207282319999997,0.271672959
11/8/1990,97,tropicana,1408,7.249925537,0,3.66,0.142433234,0.178182783,10.48374595,0.135732648,0.139324117,0.233612085,0.390218878,16.73439396,1.1875,2.5207282319999997,0.271672959
11/15/1990,97,tropicana,2624,7.87245515,0,3.66,0.142433234,0.178182783,10.48374595,0.135732648,0.139324117,0.233612085,0.390218878,16.73439396,1.1875,2.5207282319999997,0.271672959
11/22/1990,97,tropicana,3008,8.009030685,0,2.99,0.142433234,0.178182783,10.48374595,0.135732648,0.139324117,0.233612085,0.390218878,16.73439396,1.1875,2.5207282319999997,0.271672959
10/4/1990,98,dominicks,15232,9.631153757,0,1.79,0.24920053,0.051702820999999996,10.57359638,0.009843473,0.125409403,0.164963731,0.299584392,6.23035712,1.5,3.133176717,0.38156936799999996
10/11/1990,98,dominicks,3008,8.009030685,0,2.29,0.24920053,0.051702820999999996,10.57359638,0.009843473,0.125409403,0.164963731,0.299584392,6.23035712,1.5,3.133176717,0.38156936799999996
10/18/1990,98,dominicks,152640,11.93583749,1,1.14,0.24920053,0.051702820999999996,10.57359638,0.009843473,0.125409403,0.164963731,0.299584392,6.23035712,1.5,3.133176717,0.38156936799999996
10/25/1990,98,dominicks,2816,7.943072717000001,0,1.59,0.24920053,0.051702820999999996,10.57359638,0.009843473,0.125409403,0.164963731,0.299584392,6.23035712,1.5,3.133176717,0.38156936799999996
11/1/1990,98,dominicks,62336,11.04029439,1,1.59,0.24920053,0.051702820999999996,10.57359638,0.009843473,0.125409403,0.164963731,0.299584392,6.23035712,1.5,3.133176717,0.38156936799999996
11/8/1990,98,dominicks,48512,10.78956647,0,1.29,0.24920053,0.051702820999999996,10.57359638,0.009843473,0.125409403,0.164963731,0.299584392,6.23035712,1.5,3.133176717,0.38156936799999996
11/15/1990,98,dominicks,54720,10.90998455,0,0.99,0.24920053,0.051702820999999996,10.57359638,0.009843473,0.125409403,0.164963731,0.299584392,6.23035712,1.5,3.133176717,0.38156936799999996
11/22/1990,98,dominicks,39360,10.58050535,1,1.59,0.24920053,0.051702820999999996,10.57359638,0.009843473,0.125409403,0.164963731,0.299584392,6.23035712,1.5,3.133176717,0.38156936799999996
10/4/1990,98,minute.maid,11584,9.357380115,0,2.62,0.24920053,0.051702820999999996,10.57359638,0.009843473,0.125409403,0.164963731,0.299584392,6.23035712,1.5,3.133176717,0.38156936799999996
10/11/1990,98,minute.maid,52160,10.8620712,1,1.99,0.24920053,0.051702820999999996,10.57359638,0.009843473,0.125409403,0.164963731,0.299584392,6.23035712,1.5,3.133176717,0.38156936799999996
10/18/1990,98,minute.maid,6720,8.812843434,0,2.41,0.24920053,0.051702820999999996,10.57359638,0.009843473,0.125409403,0.164963731,0.299584392,6.23035712,1.5,3.133176717,0.38156936799999996
10/25/1990,98,minute.maid,5312,8.577723691000001,0,2.62,0.24920053,0.051702820999999996,10.57359638,0.009843473,0.125409403,0.164963731,0.299584392,6.23035712,1.5,3.133176717,0.38156936799999996
11/1/1990,98,minute.maid,32512,10.38936453,1,1.99,0.24920053,0.051702820999999996,10.57359638,0.009843473,0.125409403,0.164963731,0.299584392,6.23035712,1.5,3.133176717,0.38156936799999996
11/8/1990,98,minute.maid,6208,8.733594062,0,2.62,0.24920053,0.051702820999999996,10.57359638,0.009843473,0.125409403,0.164963731,0.299584392,6.23035712,1.5,3.133176717,0.38156936799999996
11/15/1990,98,minute.maid,30656,10.33058368,1,1.99,0.24920053,0.051702820999999996,10.57359638,0.009843473,0.125409403,0.164963731,0.299584392,6.23035712,1.5,3.133176717,0.38156936799999996
11/22/1990,98,minute.maid,7872,8.971067439,0,1.99,0.24920053,0.051702820999999996,10.57359638,0.009843473,0.125409403,0.164963731,0.299584392,6.23035712,1.5,3.133176717,0.38156936799999996
10/4/1990,98,tropicana,9920,9.2023082,1,3.19,0.24920053,0.051702820999999996,10.57359638,0.009843473,0.125409403,0.164963731,0.299584392,6.23035712,1.5,3.133176717,0.38156936799999996
10/11/1990,98,tropicana,4992,8.51559191,0,3.19,0.24920053,0.051702820999999996,10.57359638,0.009843473,0.125409403,0.164963731,0.299584392,6.23035712,1.5,3.133176717,0.38156936799999996
10/18/1990,98,tropicana,5312,8.577723691000001,0,3.04,0.24920053,0.051702820999999996,10.57359638,0.009843473,0.125409403,0.164963731,0.299584392,6.23035712,1.5,3.133176717,0.38156936799999996
10/25/1990,98,tropicana,4608,8.435549202,0,3.04,0.24920053,0.051702820999999996,10.57359638,0.009843473,0.125409403,0.164963731,0.299584392,6.23035712,1.5,3.133176717,0.38156936799999996
11/1/1990,98,tropicana,6144,8.723231275,0,3.04,0.24920053,0.051702820999999996,10.57359638,0.009843473,0.125409403,0.164963731,0.299584392,6.23035712,1.5,3.133176717,0.38156936799999996
11/8/1990,98,tropicana,6784,8.822322178,0,3.04,0.24920053,0.051702820999999996,10.57359638,0.009843473,0.125409403,0.164963731,0.299584392,6.23035712,1.5,3.133176717,0.38156936799999996
11/15/1990,98,tropicana,8000,8.987196821,0,3.19,0.24920053,0.051702820999999996,10.57359638,0.009843473,0.125409403,0.164963731,0.299584392,6.23035712,1.5,3.133176717,0.38156936799999996
11/22/1990,98,tropicana,10240,9.234056899,0,2.99,0.24920053,0.051702820999999996,10.57359638,0.009843473,0.125409403,0.164963731,0.299584392,6.23035712,1.5,3.133176717,0.38156936799999996
10/4/1990,100,dominicks,8640,9.064157862,0,1.79,0.136995144,0.049550286,10.036575099999999,0.011117974,0.21635434399999998,0.564086801,0.267233951,8.369534986,1.115384615,2.109824346,0.197683955
10/11/1990,100,dominicks,2112,7.655390645,0,2.69,0.136995144,0.049550286,10.036575099999999,0.011117974,0.21635434399999998,0.564086801,0.267233951,8.369534986,1.115384615,2.109824346,0.197683955
10/18/1990,100,dominicks,155072,11.9516448,1,1.24,0.136995144,0.049550286,10.036575099999999,0.011117974,0.21635434399999998,0.564086801,0.267233951,8.369534986,1.115384615,2.109824346,0.197683955
10/25/1990,100,dominicks,1408,7.249925537,0,1.59,0.136995144,0.049550286,10.036575099999999,0.011117974,0.21635434399999998,0.564086801,0.267233951,8.369534986,1.115384615,2.109824346,0.197683955
11/1/1990,100,dominicks,38528,10.55914053,1,1.59,0.136995144,0.049550286,10.036575099999999,0.011117974,0.21635434399999998,0.564086801,0.267233951,8.369534986,1.115384615,2.109824346,0.197683955
11/8/1990,100,dominicks,64448,11.07361398,0,1.29,0.136995144,0.049550286,10.036575099999999,0.011117974,0.21635434399999998,0.564086801,0.267233951,8.369534986,1.115384615,2.109824346,0.197683955
11/15/1990,100,dominicks,67968,11.12679229,0,0.99,0.136995144,0.049550286,10.036575099999999,0.011117974,0.21635434399999998,0.564086801,0.267233951,8.369534986,1.115384615,2.109824346,0.197683955
11/22/1990,100,dominicks,13824,9.534161491,1,1.59,0.136995144,0.049550286,10.036575099999999,0.011117974,0.21635434399999998,0.564086801,0.267233951,8.369534986,1.115384615,2.109824346,0.197683955
