python-sdk/tutorials/automl-with-azureml/forecasting-pipelines/oj-train.csv
WeekStarting,Store,Brand,Quantity,logQuantity,Advert,Price,Age60,COLLEGE,INCOME,Hincome150,Large HH,Minorities,WorkingWoman,SSTRDIST,SSTRVOL,CPDIST5,CPWVOL5
10/4/1990,100,minute.maid,12928,9.467150781,0,3.17,0.136995144,0.049550286,10.036575099999999,0.011117974,0.21635434399999998,0.564086801,0.267233951,8.369534986,1.115384615,2.109824346,0.197683955
10/11/1990,100,minute.maid,57728,10.9634976,1,1.99,0.136995144,0.049550286,10.036575099999999,0.011117974,0.21635434399999998,0.564086801,0.267233951,8.369534986,1.115384615,2.109824346,0.197683955
10/18/1990,100,minute.maid,4608,8.435549202,0,2.99,0.136995144,0.049550286,10.036575099999999,0.011117974,0.21635434399999998,0.564086801,0.267233951,8.369534986,1.115384615,2.109824346,0.197683955
10/25/1990,100,minute.maid,2944,7.98752448,0,3.17,0.136995144,0.049550286,10.036575099999999,0.011117974,0.21635434399999998,0.564086801,0.267233951,8.369534986,1.115384615,2.109824346,0.197683955
11/1/1990,100,minute.maid,39680,10.58860256,1,1.99,0.136995144,0.049550286,10.036575099999999,0.011117974,0.21635434399999998,0.564086801,0.267233951,8.369534986,1.115384615,2.109824346,0.197683955
11/8/1990,100,minute.maid,3456,8.14786713,0,3.17,0.136995144,0.049550286,10.036575099999999,0.011117974,0.21635434399999998,0.564086801,0.267233951,8.369534986,1.115384615,2.109824346,0.197683955
11/15/1990,100,minute.maid,40896,10.61878754,1,1.99,0.136995144,0.049550286,10.036575099999999,0.011117974,0.21635434399999998,0.564086801,0.267233951,8.369534986,1.115384615,2.109824346,0.197683955
11/22/1990,100,minute.maid,8768,9.078864009,0,1.99,0.136995144,0.049550286,10.036575099999999,0.011117974,0.21635434399999998,0.564086801,0.267233951,8.369534986,1.115384615,2.109824346,0.197683955
10/4/1990,100,tropicana,15360,9.639522007,1,2.99,0.136995144,0.049550286,10.036575099999999,0.011117974,0.21635434399999998,0.564086801,0.267233951,8.369534986,1.115384615,2.109824346,0.197683955
10/11/1990,100,tropicana,8320,9.026417534,0,2.99,0.136995144,0.049550286,10.036575099999999,0.011117974,0.21635434399999998,0.564086801,0.267233951,8.369534986,1.115384615,2.109824346,0.197683955
10/18/1990,100,tropicana,9664,9.17616292,0,2.99,0.136995144,0.049550286,10.036575099999999,0.011117974,0.21635434399999998,0.564086801,0.267233951,8.369534986,1.115384615,2.109824346,0.197683955
10/25/1990,100,tropicana,3456,8.14786713,0,3.87,0.136995144,0.049550286,10.036575099999999,0.011117974,0.21635434399999998,0.564086801,0.267233951,8.369534986,1.115384615,2.109824346,0.197683955
11/1/1990,100,tropicana,4672,8.449342525,0,3.87,0.136995144,0.049550286,10.036575099999999,0.011117974,0.21635434399999998,0.564086801,0.267233951,8.369534986,1.115384615,2.109824346,0.197683955
11/8/1990,100,tropicana,3840,8.253227646000001,0,3.87,0.136995144,0.049550286,10.036575099999999,0.011117974,0.21635434399999998,0.564086801,0.267233951,8.369534986,1.115384615,2.109824346,0.197683955
11/15/1990,100,tropicana,7296,8.895081532,0,3.87,0.136995144,0.049550286,10.036575099999999,0.011117974,0.21635434399999998,0.564086801,0.267233951,8.369534986,1.115384615,2.109824346,0.197683955
11/22/1990,100,tropicana,14976,9.614204199,0,2.99,0.136995144,0.049550286,10.036575099999999,0.011117974,0.21635434399999998,0.564086801,0.267233951,8.369534986,1.115384615,2.109824346,0.197683955
10/4/1990,101,dominicks,7424,8.912473275,0,1.79,0.225035218,0.17474185899999997,10.65993812,0.354573672,0.096042271,0.08742201699999999,0.39006514700000006,4.849622717,0.5,2.200317948,0.342081421
10/11/1990,101,dominicks,2240,7.714231145,0,2.49,0.225035218,0.17474185899999997,10.65993812,0.354573672,0.096042271,0.08742201699999999,0.39006514700000006,4.849622717,0.5,2.200317948,0.342081421
10/18/1990,101,dominicks,84864,11.34880525,1,1.24,0.225035218,0.17474185899999997,10.65993812,0.354573672,0.096042271,0.08742201699999999,0.39006514700000006,4.849622717,0.5,2.200317948,0.342081421
10/25/1990,101,dominicks,1920,7.560080465,0,1.59,0.225035218,0.17474185899999997,10.65993812,0.354573672,0.096042271,0.08742201699999999,0.39006514700000006,4.849622717,0.5,2.200317948,0.342081421
11/1/1990,101,dominicks,18240,9.811372264,1,1.59,0.225035218,0.17474185899999997,10.65993812,0.354573672,0.096042271,0.08742201699999999,0.39006514700000006,4.849622717,0.5,2.200317948,0.342081421
11/8/1990,101,dominicks,19776,9.89222436,0,1.29,0.225035218,0.17474185899999997,10.65993812,0.354573672,0.096042271,0.08742201699999999,0.39006514700000006,4.849622717,0.5,2.200317948,0.342081421
11/15/1990,101,dominicks,34624,10.45230236,0,0.99,0.225035218,0.17474185899999997,10.65993812,0.354573672,0.096042271,0.08742201699999999,0.39006514700000006,4.849622717,0.5,2.200317948,0.342081421
11/22/1990,101,dominicks,23232,10.05328592,1,1.59,0.225035218,0.17474185899999997,10.65993812,0.354573672,0.096042271,0.08742201699999999,0.39006514700000006,4.849622717,0.5,2.200317948,0.342081421
10/4/1990,101,minute.maid,11072,9.312174678,0,2.99,0.225035218,0.17474185899999997,10.65993812,0.354573672,0.096042271,0.08742201699999999,0.39006514700000006,4.849622717,0.5,2.200317948,0.342081421
10/11/1990,101,minute.maid,43200,10.67359577,1,1.99,0.225035218,0.17474185899999997,10.65993812,0.354573672,0.096042271,0.08742201699999999,0.39006514700000006,4.849622717,0.5,2.200317948,0.342081421
10/18/1990,101,minute.maid,6720,8.812843434,0,2.74,0.225035218,0.17474185899999997,10.65993812,0.354573672,0.096042271,0.08742201699999999,0.39006514700000006,4.849622717,0.5,2.200317948,0.342081421
10/25/1990,101,minute.maid,4672,8.449342525,0,2.99,0.225035218,0.17474185899999997,10.65993812,0.354573672,0.096042271,0.08742201699999999,0.39006514700000006,4.849622717,0.5,2.200317948,0.342081421
11/1/1990,101,minute.maid,38784,10.56576307,1,1.99,0.225035218,0.17474185899999997,10.65993812,0.354573672,0.096042271,0.08742201699999999,0.39006514700000006,4.849622717,0.5,2.200317948,0.342081421
11/8/1990,101,minute.maid,4288,8.363575702999999,0,2.99,0.225035218,0.17474185899999997,10.65993812,0.354573672,0.096042271,0.08742201699999999,0.39006514700000006,4.849622717,0.5,2.200317948,0.342081421
11/15/1990,101,minute.maid,47616,10.77092412,1,1.99,0.225035218,0.17474185899999997,10.65993812,0.354573672,0.096042271,0.08742201699999999,0.39006514700000006,4.849622717,0.5,2.200317948,0.342081421
11/22/1990,101,minute.maid,10048,9.215128888999999,0,1.99,0.225035218,0.17474185899999997,10.65993812,0.354573672,0.096042271,0.08742201699999999,0.39006514700000006,4.849622717,0.5,2.200317948,0.342081421
10/4/1990,101,tropicana,18496,9.825309772,1,2.99,0.225035218,0.17474185899999997,10.65993812,0.354573672,0.096042271,0.08742201699999999,0.39006514700000006,4.849622717,0.5,2.200317948,0.342081421
10/11/1990,101,tropicana,10432,9.252633284,0,2.99,0.225035218,0.17474185899999997,10.65993812,0.354573672,0.096042271,0.08742201699999999,0.39006514700000006,4.849622717,0.5,2.200317948,0.342081421
10/18/1990,101,tropicana,9408,9.14931567,0,2.99,0.225035218,0.17474185899999997,10.65993812,0.354573672,0.096042271,0.08742201699999999,0.39006514700000006,4.849622717,0.5,2.200317948,0.342081421
10/25/1990,101,tropicana,5440,8.60153434,0,3.66,0.225035218,0.17474185899999997,10.65993812,0.354573672,0.096042271,0.08742201699999999,0.39006514700000006,4.849622717,0.5,2.200317948,0.342081421
11/1/1990,101,tropicana,6208,8.733594062,0,3.66,0.225035218,0.17474185899999997,10.65993812,0.354573672,0.096042271,0.08742201699999999,0.39006514700000006,4.849622717,0.5,2.200317948,0.342081421
11/8/1990,101,tropicana,6656,8.803273982999999,0,3.66,0.225035218,0.17474185899999997,10.65993812,0.354573672,0.096042271,0.08742201699999999,0.39006514700000006,4.849622717,0.5,2.200317948,0.342081421
11/15/1990,101,tropicana,7488,8.921057017999999,0,3.66,0.225035218,0.17474185899999997,10.65993812,0.354573672,0.096042271,0.08742201699999999,0.39006514700000006,4.849622717,0.5,2.200317948,0.342081421
11/22/1990,101,tropicana,12800,9.45720045,0,2.99,0.225035218,0.17474185899999997,10.65993812,0.354573672,0.096042271,0.08742201699999999,0.39006514700000006,4.849622717,0.5,2.200317948,0.342081421
10/4/1990,102,dominicks,11392,9.340666634,0,1.79,0.216626232,0.12065753900000001,10.49385422,0.034301485,0.13893104,0.172158585,0.28994413399999996,5.844058186,0.689655172,2.353846891,0.158903149
10/11/1990,102,dominicks,8320,9.026417534,0,2.29,0.216626232,0.12065753900000001,10.49385422,0.034301485,0.13893104,0.172158585,0.28994413399999996,5.844058186,0.689655172,2.353846891,0.158903149
10/18/1990,102,dominicks,189120,12.15013701,1,1.14,0.216626232,0.12065753900000001,10.49385422,0.034301485,0.13893104,0.172158585,0.28994413399999996,5.844058186,0.689655172,2.353846891,0.158903149
10/25/1990,102,dominicks,2496,7.82244473,0,1.59,0.216626232,0.12065753900000001,10.49385422,0.034301485,0.13893104,0.172158585,0.28994413399999996,5.844058186,0.689655172,2.353846891,0.158903149
11/1/1990,102,dominicks,20736,9.939626599,1,1.59,0.216626232,0.12065753900000001,10.49385422,0.034301485,0.13893104,0.172158585,0.28994413399999996,5.844058186,0.689655172,2.353846891,0.158903149
11/8/1990,102,dominicks,36160,10.49570882,0,1.29,0.216626232,0.12065753900000001,10.49385422,0.034301485,0.13893104,0.172158585,0.28994413399999996,5.844058186,0.689655172,2.353846891,0.158903149
11/15/1990,102,dominicks,44416,10.70135504,0,0.99,0.216626232,0.12065753900000001,10.49385422,0.034301485,0.13893104,0.172158585,0.28994413399999996,5.844058186,0.689655172,2.353846891,0.158903149
11/22/1990,102,dominicks,28480,10.25695737,1,1.59,0.216626232,0.12065753900000001,10.49385422,0.034301485,0.13893104,0.172158585,0.28994413399999996,5.844058186,0.689655172,2.353846891,0.158903149
10/4/1990,102,minute.maid,10944,9.30054664,0,2.62,0.216626232,0.12065753900000001,10.49385422,0.034301485,0.13893104,0.172158585,0.28994413399999996,5.844058186,0.689655172,2.353846891,0.158903149
10/11/1990,102,minute.maid,48000,10.77895629,1,1.99,0.216626232,0.12065753900000001,10.49385422,0.034301485,0.13893104,0.172158585,0.28994413399999996,5.844058186,0.689655172,2.353846891,0.158903149
10/18/1990,102,minute.maid,6656,8.803273982999999,0,2.43,0.216626232,0.12065753900000001,10.49385422,0.034301485,0.13893104,0.172158585,0.28994413399999996,5.844058186,0.689655172,2.353846891,0.158903149
10/25/1990,102,minute.maid,5120,8.540909718,0,2.62,0.216626232,0.12065753900000001,10.49385422,0.034301485,0.13893104,0.172158585,0.28994413399999996,5.844058186,0.689655172,2.353846891,0.158903149
11/1/1990,102,minute.maid,63040,11.05152473,1,1.99,0.216626232,0.12065753900000001,10.49385422,0.034301485,0.13893104,0.172158585,0.28994413399999996,5.844058186,0.689655172,2.353846891,0.158903149
11/8/1990,102,minute.maid,5440,8.60153434,0,2.62,0.216626232,0.12065753900000001,10.49385422,0.034301485,0.13893104,0.172158585,0.28994413399999996,5.844058186,0.689655172,2.353846891,0.158903149
11/15/1990,102,minute.maid,91072,11.41940568,1,1.99,0.216626232,0.12065753900000001,10.49385422,0.034301485,0.13893104,0.172158585,0.28994413399999996,5.844058186,0.689655172,2.353846891,0.158903149
11/22/1990,102,minute.maid,17088,9.746131742000001,0,1.99,0.216626232,0.12065753900000001,10.49385422,0.034301485,0.13893104,0.172158585,0.28994413399999996,5.844058186,0.689655172,2.353846891,0.158903149
10/4/1990,102,tropicana,13312,9.496421162999999,1,3.19,0.216626232,0.12065753900000001,10.49385422,0.034301485,0.13893104,0.172158585,0.28994413399999996,5.844058186,0.689655172,2.353846891,0.158903149
10/11/1990,102,tropicana,8256,9.018695487999999,0,3.19,0.216626232,0.12065753900000001,10.49385422,0.034301485,0.13893104,0.172158585,0.28994413399999996,5.844058186,0.689655172,2.353846891,0.158903149
10/18/1990,102,tropicana,6336,8.754002933999999,0,3.04,0.216626232,0.12065753900000001,10.49385422,0.034301485,0.13893104,0.172158585,0.28994413399999996,5.844058186,0.689655172,2.353846891,0.158903149
10/25/1990,102,tropicana,6336,8.754002933999999,0,3.04,0.216626232,0.12065753900000001,10.49385422,0.034301485,0.13893104,0.172158585,0.28994413399999996,5.844058186,0.689655172,2.353846891,0.158903149
11/1/1990,102,tropicana,7168,8.877381955,0,3.04,0.216626232,0.12065753900000001,10.49385422,0.034301485,0.13893104,0.172158585,0.28994413399999996,5.844058186,0.689655172,2.353846891,0.158903149
11/8/1990,102,tropicana,6592,8.793612072,0,3.04,0.216626232,0.12065753900000001,10.49385422,0.034301485,0.13893104,0.172158585,0.28994413399999996,5.844058186,0.689655172,2.353846891,0.158903149
11/15/1990,102,tropicana,8384,9.034080407000001,0,3.19,0.216626232,0.12065753900000001,10.49385422,0.034301485,0.13893104,0.172158585,0.28994413399999996,5.844058186,0.689655172,2.353846891,0.158903149
11/22/1990,102,tropicana,15168,9.626943225,0,2.99,0.216626232,0.12065753900000001,10.49385422,0.034301485,0.13893104,0.172158585,0.28994413399999996,5.844058186,0.689655172,2.353846891,0.158903149
10/4/1990,103,dominicks,9088,9.114710141,0,1.79,0.058053966,0.194621102,10.58524512,0.090007348,0.204916868,0.18776089899999998,0.36129428,5.100649474,1.2,3.3001024410000004,0.421982695
10/11/1990,103,dominicks,960,6.866933285,0,2.29,0.058053966,0.194621102,10.58524512,0.090007348,0.204916868,0.18776089899999998,0.36129428,5.100649474,1.2,3.3001024410000004,0.421982695
10/18/1990,103,dominicks,111232,11.61937339,1,1.14,0.058053966,0.194621102,10.58524512,0.090007348,0.204916868,0.18776089899999998,0.36129428,5.100649474,1.2,3.3001024410000004,0.421982695
10/25/1990,103,dominicks,6592,8.793612072,0,1.59,0.058053966,0.194621102,10.58524512,0.090007348,0.204916868,0.18776089899999998,0.36129428,5.100649474,1.2,3.3001024410000004,0.421982695
11/1/1990,103,dominicks,24256,10.09641929,1,1.59,0.058053966,0.194621102,10.58524512,0.090007348,0.204916868,0.18776089899999998,0.36129428,5.100649474,1.2,3.3001024410000004,0.421982695
11/8/1990,103,dominicks,25472,10.14533509,0,1.29,0.058053966,0.194621102,10.58524512,0.090007348,0.204916868,0.18776089899999998,0.36129428,5.100649474,1.2,3.3001024410000004,0.421982695
11/15/1990,103,dominicks,13888,9.538780437,0,0.99,0.058053966,0.194621102,10.58524512,0.090007348,0.204916868,0.18776089899999998,0.36129428,5.100649474,1.2,3.3001024410000004,0.421982695
11/22/1990,103,dominicks,11136,9.317938383,1,1.59,0.058053966,0.194621102,10.58524512,0.090007348,0.204916868,0.18776089899999998,0.36129428,5.100649474,1.2,3.3001024410000004,0.421982695
10/4/1990,103,minute.maid,7680,8.946374826,0,2.62,0.058053966,0.194621102,10.58524512,0.090007348,0.204916868,0.18776089899999998,0.36129428,5.100649474,1.2,3.3001024410000004,0.421982695
10/11/1990,103,minute.maid,31936,10.37148918,1,1.99,0.058053966,0.194621102,10.58524512,0.090007348,0.204916868,0.18776089899999998,0.36129428,5.100649474,1.2,3.3001024410000004,0.421982695
10/18/1990,103,minute.maid,3584,8.184234774,0,2.46,0.058053966,0.194621102,10.58524512,0.090007348,0.204916868,0.18776089899999998,0.36129428,5.100649474,1.2,3.3001024410000004,0.421982695
10/25/1990,103,minute.maid,2112,7.655390645,0,2.62,0.058053966,0.194621102,10.58524512,0.090007348,0.204916868,0.18776089899999998,0.36129428,5.100649474,1.2,3.3001024410000004,0.421982695
11/1/1990,103,minute.maid,24064,10.08847223,1,1.99,0.058053966,0.194621102,10.58524512,0.090007348,0.204916868,0.18776089899999998,0.36129428,5.100649474,1.2,3.3001024410000004,0.421982695
11/8/1990,103,minute.maid,3392,8.129174997,0,2.62,0.058053966,0.194621102,10.58524512,0.090007348,0.204916868,0.18776089899999998,0.36129428,5.100649474,1.2,3.3001024410000004,0.421982695
11/15/1990,103,minute.maid,33216,10.41078697,1,1.99,0.058053966,0.194621102,10.58524512,0.090007348,0.204916868,0.18776089899999998,0.36129428,5.100649474,1.2,3.3001024410000004,0.421982695
11/22/1990,103,minute.maid,9920,9.2023082,0,1.99,0.058053966,0.194621102,10.58524512,0.090007348,0.204916868,0.18776089899999998,0.36129428,5.100649474,1.2,3.3001024410000004,0.421982695
10/4/1990,103,tropicana,3776,8.236420527,1,3.19,0.058053966,0.194621102,10.58524512,0.090007348,0.204916868,0.18776089899999998,0.36129428,5.100649474,1.2,3.3001024410000004,0.421982695
10/11/1990,103,tropicana,2240,7.714231145,0,3.19,0.058053966,0.194621102,10.58524512,0.090007348,0.204916868,0.18776089899999998,0.36129428,5.100649474,1.2,3.3001024410000004,0.421982695
10/18/1990,103,tropicana,1792,7.491087594,0,3.04,0.058053966,0.194621102,10.58524512,0.090007348,0.204916868,0.18776089899999998,0.36129428,5.100649474,1.2,3.3001024410000004,0.421982695
10/25/1990,103,tropicana,1984,7.592870287999999,0,3.04,0.058053966,0.194621102,10.58524512,0.090007348,0.204916868,0.18776089899999998,0.36129428,5.100649474,1.2,3.3001024410000004,0.421982695
11/1/1990,103,tropicana,2048,7.624618986000001,0,3.04,0.058053966,0.194621102,10.58524512,0.090007348,0.204916868,0.18776089899999998,0.36129428,5.100649474,1.2,3.3001024410000004,0.421982695
11/8/1990,103,tropicana,2368,7.769800996,0,3.04,0.058053966,0.194621102,10.58524512,0.090007348,0.204916868,0.18776089899999998,0.36129428,5.100649474,1.2,3.3001024410000004,0.421982695
11/15/1990,103,tropicana,3072,8.030084094,0,3.19,0.058053966,0.194621102,10.58524512,0.090007348,0.204916868,0.18776089899999998,0.36129428,5.100649474,1.2,3.3001024410000004,0.421982695
11/22/1990,103,tropicana,4160,8.333270353,0,2.99,0.058053966,0.194621102,10.58524512,0.090007348,0.204916868,0.18776089899999998,0.36129428,5.100649474,1.2,3.3001024410000004,0.421982695
