python-sdk/tutorials/automl-with-azureml/forecasting-pipelines/oj-train.csv
WeekStarting,Store,Brand,Quantity,logQuantity,Advert,Price,Age60,COLLEGE,INCOME,Hincome150,Large HH,Minorities,WorkingWoman,SSTRDIST,SSTRVOL,CPDIST5,CPWVOL5
10/4/1990,104,dominicks,8320,9.026417534,0,1.79,0.13528637300000002,0.24968446100000002,10.69885282,0.40749649200000004,0.117514274,0.039405624,0.405306896,11.94482409,1.052631579,1.342004856,0.189129482
10/11/1990,104,dominicks,960,6.866933285,0,2.49,0.13528637300000002,0.24968446100000002,10.69885282,0.40749649200000004,0.117514274,0.039405624,0.405306896,11.94482409,1.052631579,1.342004856,0.189129482
10/18/1990,104,dominicks,66688,11.10778031,1,1.24,0.13528637300000002,0.24968446100000002,10.69885282,0.40749649200000004,0.117514274,0.039405624,0.405306896,11.94482409,1.052631579,1.342004856,0.189129482
10/25/1990,104,dominicks,1728,7.454719948999999,0,1.59,0.13528637300000002,0.24968446100000002,10.69885282,0.40749649200000004,0.117514274,0.039405624,0.405306896,11.94482409,1.052631579,1.342004856,0.189129482
11/1/1990,104,dominicks,13184,9.486759252,1,1.59,0.13528637300000002,0.24968446100000002,10.69885282,0.40749649200000004,0.117514274,0.039405624,0.405306896,11.94482409,1.052631579,1.342004856,0.189129482
11/8/1990,104,dominicks,10688,9.276876896000001,0,1.29,0.13528637300000002,0.24968446100000002,10.69885282,0.40749649200000004,0.117514274,0.039405624,0.405306896,11.94482409,1.052631579,1.342004856,0.189129482
11/15/1990,104,dominicks,9024,9.107642974,0,0.99,0.13528637300000002,0.24968446100000002,10.69885282,0.40749649200000004,0.117514274,0.039405624,0.405306896,11.94482409,1.052631579,1.342004856,0.189129482
11/22/1990,104,dominicks,19328,9.869310101,1,1.59,0.13528637300000002,0.24968446100000002,10.69885282,0.40749649200000004,0.117514274,0.039405624,0.405306896,11.94482409,1.052631579,1.342004856,0.189129482
10/4/1990,104,minute.maid,9216,9.128696383,0,2.99,0.13528637300000002,0.24968446100000002,10.69885282,0.40749649200000004,0.117514274,0.039405624,0.405306896,11.94482409,1.052631579,1.342004856,0.189129482
10/11/1990,104,minute.maid,33408,10.41655067,1,1.99,0.13528637300000002,0.24968446100000002,10.69885282,0.40749649200000004,0.117514274,0.039405624,0.405306896,11.94482409,1.052631579,1.342004856,0.189129482
10/18/1990,104,minute.maid,4992,8.51559191,0,2.82,0.13528637300000002,0.24968446100000002,10.69885282,0.40749649200000004,0.117514274,0.039405624,0.405306896,11.94482409,1.052631579,1.342004856,0.189129482
10/25/1990,104,minute.maid,2432,7.796469243,0,2.99,0.13528637300000002,0.24968446100000002,10.69885282,0.40749649200000004,0.117514274,0.039405624,0.405306896,11.94482409,1.052631579,1.342004856,0.189129482
11/1/1990,104,minute.maid,24576,10.10952564,1,1.99,0.13528637300000002,0.24968446100000002,10.69885282,0.40749649200000004,0.117514274,0.039405624,0.405306896,11.94482409,1.052631579,1.342004856,0.189129482
11/8/1990,104,minute.maid,3328,8.110126802,0,2.99,0.13528637300000002,0.24968446100000002,10.69885282,0.40749649200000004,0.117514274,0.039405624,0.405306896,11.94482409,1.052631579,1.342004856,0.189129482
11/15/1990,104,minute.maid,32384,10.38541975,1,1.99,0.13528637300000002,0.24968446100000002,10.69885282,0.40749649200000004,0.117514274,0.039405624,0.405306896,11.94482409,1.052631579,1.342004856,0.189129482
11/22/1990,104,minute.maid,4736,8.462948177000001,0,1.99,0.13528637300000002,0.24968446100000002,10.69885282,0.40749649200000004,0.117514274,0.039405624,0.405306896,11.94482409,1.052631579,1.342004856,0.189129482
10/4/1990,104,tropicana,7808,8.962904128,1,3.29,0.13528637300000002,0.24968446100000002,10.69885282,0.40749649200000004,0.117514274,0.039405624,0.405306896,11.94482409,1.052631579,1.342004856,0.189129482
10/11/1990,104,tropicana,2816,7.943072717000001,0,3.29,0.13528637300000002,0.24968446100000002,10.69885282,0.40749649200000004,0.117514274,0.039405624,0.405306896,11.94482409,1.052631579,1.342004856,0.189129482
10/18/1990,104,tropicana,2496,7.82244473,0,3.51,0.13528637300000002,0.24968446100000002,10.69885282,0.40749649200000004,0.117514274,0.039405624,0.405306896,11.94482409,1.052631579,1.342004856,0.189129482
10/25/1990,104,tropicana,3392,8.129174997,0,3.51,0.13528637300000002,0.24968446100000002,10.69885282,0.40749649200000004,0.117514274,0.039405624,0.405306896,11.94482409,1.052631579,1.342004856,0.189129482
11/1/1990,104,tropicana,3904,8.269756948,0,3.51,0.13528637300000002,0.24968446100000002,10.69885282,0.40749649200000004,0.117514274,0.039405624,0.405306896,11.94482409,1.052631579,1.342004856,0.189129482
11/8/1990,104,tropicana,2304,7.742402022,0,3.51,0.13528637300000002,0.24968446100000002,10.69885282,0.40749649200000004,0.117514274,0.039405624,0.405306896,11.94482409,1.052631579,1.342004856,0.189129482
11/15/1990,104,tropicana,4480,8.407378325,0,3.66,0.13528637300000002,0.24968446100000002,10.69885282,0.40749649200000004,0.117514274,0.039405624,0.405306896,11.94482409,1.052631579,1.342004856,0.189129482
11/22/1990,104,tropicana,5376,8.589699882,0,2.99,0.13528637300000002,0.24968446100000002,10.69885282,0.40749649200000004,0.117514274,0.039405624,0.405306896,11.94482409,1.052631579,1.342004856,0.189129482
10/4/1990,105,dominicks,17280,9.757305042,0,1.79,0.17554212600000002,0.09423558900000001,10.41439317,0.074418605,0.15983952699999998,0.365410594,0.360890119,4.037829402,0.96,3.354376593,0.520134391
10/11/1990,105,dominicks,4736,8.462948177000001,0,2.29,0.17554212600000002,0.09423558900000001,10.41439317,0.074418605,0.15983952699999998,0.365410594,0.360890119,4.037829402,0.96,3.354376593,0.520134391
10/18/1990,105,dominicks,135232,11.814747099999998,1,1.14,0.17554212600000002,0.09423558900000001,10.41439317,0.074418605,0.15983952699999998,0.365410594,0.360890119,4.037829402,0.96,3.354376593,0.520134391
10/25/1990,105,dominicks,2176,7.6852436079999995,0,1.59,0.17554212600000002,0.09423558900000001,10.41439317,0.074418605,0.15983952699999998,0.365410594,0.360890119,4.037829402,0.96,3.354376593,0.520134391
11/1/1990,105,dominicks,57856,10.96571244,1,1.59,0.17554212600000002,0.09423558900000001,10.41439317,0.074418605,0.15983952699999998,0.365410594,0.360890119,4.037829402,0.96,3.354376593,0.520134391
11/8/1990,105,dominicks,28736,10.26590597,0,1.29,0.17554212600000002,0.09423558900000001,10.41439317,0.074418605,0.15983952699999998,0.365410594,0.360890119,4.037829402,0.96,3.354376593,0.520134391
11/15/1990,105,dominicks,81024,11.30250069,0,0.99,0.17554212600000002,0.09423558900000001,10.41439317,0.074418605,0.15983952699999998,0.365410594,0.360890119,4.037829402,0.96,3.354376593,0.520134391
11/22/1990,105,dominicks,33856,10.42987152,1,1.59,0.17554212600000002,0.09423558900000001,10.41439317,0.074418605,0.15983952699999998,0.365410594,0.360890119,4.037829402,0.96,3.354376593,0.520134391
10/4/1990,105,minute.maid,14080,9.55251063,0,2.62,0.17554212600000002,0.09423558900000001,10.41439317,0.074418605,0.15983952699999998,0.365410594,0.360890119,4.037829402,0.96,3.354376593,0.520134391
10/11/1990,105,minute.maid,45440,10.72414805,1,1.99,0.17554212600000002,0.09423558900000001,10.41439317,0.074418605,0.15983952699999998,0.365410594,0.360890119,4.037829402,0.96,3.354376593,0.520134391
10/18/1990,105,minute.maid,5184,8.553332238,0,2.52,0.17554212600000002,0.09423558900000001,10.41439317,0.074418605,0.15983952699999998,0.365410594,0.360890119,4.037829402,0.96,3.354376593,0.520134391
10/25/1990,105,minute.maid,5184,8.553332238,0,2.62,0.17554212600000002,0.09423558900000001,10.41439317,0.074418605,0.15983952699999998,0.365410594,0.360890119,4.037829402,0.96,3.354376593,0.520134391
11/1/1990,105,minute.maid,35584,10.47965138,1,1.99,0.17554212600000002,0.09423558900000001,10.41439317,0.074418605,0.15983952699999998,0.365410594,0.360890119,4.037829402,0.96,3.354376593,0.520134391
11/8/1990,105,minute.maid,3968,8.286017467999999,0,2.62,0.17554212600000002,0.09423558900000001,10.41439317,0.074418605,0.15983952699999998,0.365410594,0.360890119,4.037829402,0.96,3.354376593,0.520134391
11/15/1990,105,minute.maid,43072,10.67062841,1,1.99,0.17554212600000002,0.09423558900000001,10.41439317,0.074418605,0.15983952699999998,0.365410594,0.360890119,4.037829402,0.96,3.354376593,0.520134391
11/22/1990,105,minute.maid,12800,9.45720045,0,1.99,0.17554212600000002,0.09423558900000001,10.41439317,0.074418605,0.15983952699999998,0.365410594,0.360890119,4.037829402,0.96,3.354376593,0.520134391
10/4/1990,105,tropicana,11648,9.36288977,1,2.99,0.17554212600000002,0.09423558900000001,10.41439317,0.074418605,0.15983952699999998,0.365410594,0.360890119,4.037829402,0.96,3.354376593,0.520134391
10/11/1990,105,tropicana,9536,9.162829389,0,2.99,0.17554212600000002,0.09423558900000001,10.41439317,0.074418605,0.15983952699999998,0.365410594,0.360890119,4.037829402,0.96,3.354376593,0.520134391
10/18/1990,105,tropicana,5504,8.61323038,0,2.99,0.17554212600000002,0.09423558900000001,10.41439317,0.074418605,0.15983952699999998,0.365410594,0.360890119,4.037829402,0.96,3.354376593,0.520134391
10/25/1990,105,tropicana,4928,8.502688505,0,3.19,0.17554212600000002,0.09423558900000001,10.41439317,0.074418605,0.15983952699999998,0.365410594,0.360890119,4.037829402,0.96,3.354376593,0.520134391
11/1/1990,105,tropicana,3968,8.286017467999999,0,3.19,0.17554212600000002,0.09423558900000001,10.41439317,0.074418605,0.15983952699999998,0.365410594,0.360890119,4.037829402,0.96,3.354376593,0.520134391
11/8/1990,105,tropicana,3840,8.253227646000001,0,3.19,0.17554212600000002,0.09423558900000001,10.41439317,0.074418605,0.15983952699999998,0.365410594,0.360890119,4.037829402,0.96,3.354376593,0.520134391
11/15/1990,105,tropicana,4864,8.489616424,0,3.19,0.17554212600000002,0.09423558900000001,10.41439317,0.074418605,0.15983952699999998,0.365410594,0.360890119,4.037829402,0.96,3.354376593,0.520134391
11/22/1990,105,tropicana,5504,8.61323038,0,2.99,0.17554212600000002,0.09423558900000001,10.41439317,0.074418605,0.15983952699999998,0.365410594,0.360890119,4.037829402,0.96,3.354376593,0.520134391
10/4/1990,106,dominicks,5696,8.647519453,0,1.79,0.10988734900000001,0.157939308,10.50684678,0.099963249,0.146638759,0.19058587,0.367482993,6.250902694,0.904761905,0.9910947090000001,0.103491755
10/11/1990,106,dominicks,1536,7.336936914,0,2.49,0.10988734900000001,0.157939308,10.50684678,0.099963249,0.146638759,0.19058587,0.367482993,6.250902694,0.904761905,0.9910947090000001,0.103491755
10/18/1990,106,dominicks,49280,10.8052736,1,1.24,0.10988734900000001,0.157939308,10.50684678,0.099963249,0.146638759,0.19058587,0.367482993,6.250902694,0.904761905,0.9910947090000001,0.103491755
10/25/1990,106,dominicks,1472,7.294377299,0,1.59,0.10988734900000001,0.157939308,10.50684678,0.099963249,0.146638759,0.19058587,0.367482993,6.250902694,0.904761905,0.9910947090000001,0.103491755
11/1/1990,106,dominicks,17856,9.790094865,1,1.59,0.10988734900000001,0.157939308,10.50684678,0.099963249,0.146638759,0.19058587,0.367482993,6.250902694,0.904761905,0.9910947090000001,0.103491755
11/8/1990,106,dominicks,13824,9.534161491,0,1.29,0.10988734900000001,0.157939308,10.50684678,0.099963249,0.146638759,0.19058587,0.367482993,6.250902694,0.904761905,0.9910947090000001,0.103491755
11/15/1990,106,dominicks,9216,9.128696383,0,0.99,0.10988734900000001,0.157939308,10.50684678,0.099963249,0.146638759,0.19058587,0.367482993,6.250902694,0.904761905,0.9910947090000001,0.103491755
11/22/1990,106,dominicks,18560,9.828764006,1,1.59,0.10988734900000001,0.157939308,10.50684678,0.099963249,0.146638759,0.19058587,0.367482993,6.250902694,0.904761905,0.9910947090000001,0.103491755
10/4/1990,106,minute.maid,4800,8.476371197,0,2.99,0.10988734900000001,0.157939308,10.50684678,0.099963249,0.146638759,0.19058587,0.367482993,6.250902694,0.904761905,0.9910947090000001,0.103491755
10/11/1990,106,minute.maid,12480,9.431882642,1,1.99,0.10988734900000001,0.157939308,10.50684678,0.099963249,0.146638759,0.19058587,0.367482993,6.250902694,0.904761905,0.9910947090000001,0.103491755
10/18/1990,106,minute.maid,2048,7.624618986000001,0,2.73,0.10988734900000001,0.157939308,10.50684678,0.099963249,0.146638759,0.19058587,0.367482993,6.250902694,0.904761905,0.9910947090000001,0.103491755
10/25/1990,106,minute.maid,1344,7.2034055210000005,0,2.99,0.10988734900000001,0.157939308,10.50684678,0.099963249,0.146638759,0.19058587,0.367482993,6.250902694,0.904761905,0.9910947090000001,0.103491755
11/1/1990,106,minute.maid,10496,9.258749511,1,1.99,0.10988734900000001,0.157939308,10.50684678,0.099963249,0.146638759,0.19058587,0.367482993,6.250902694,0.904761905,0.9910947090000001,0.103491755
11/8/1990,106,minute.maid,2176,7.6852436079999995,0,2.99,0.10988734900000001,0.157939308,10.50684678,0.099963249,0.146638759,0.19058587,0.367482993,6.250902694,0.904761905,0.9910947090000001,0.103491755
11/15/1990,106,minute.maid,17344,9.761001904,1,1.99,0.10988734900000001,0.157939308,10.50684678,0.099963249,0.146638759,0.19058587,0.367482993,6.250902694,0.904761905,0.9910947090000001,0.103491755
11/22/1990,106,minute.maid,3712,8.219326094,0,1.99,0.10988734900000001,0.157939308,10.50684678,0.099963249,0.146638759,0.19058587,0.367482993,6.250902694,0.904761905,0.9910947090000001,0.103491755
10/4/1990,106,tropicana,4416,8.392989587999999,1,2.99,0.10988734900000001,0.157939308,10.50684678,0.099963249,0.146638759,0.19058587,0.367482993,6.250902694,0.904761905,0.9910947090000001,0.103491755
10/11/1990,106,tropicana,2944,7.98752448,0,2.99,0.10988734900000001,0.157939308,10.50684678,0.099963249,0.146638759,0.19058587,0.367482993,6.250902694,0.904761905,0.9910947090000001,0.103491755
10/18/1990,106,tropicana,2624,7.87245515,0,2.99,0.10988734900000001,0.157939308,10.50684678,0.099963249,0.146638759,0.19058587,0.367482993,6.250902694,0.904761905,0.9910947090000001,0.103491755
10/25/1990,106,tropicana,1280,7.154615357000001,0,3.66,0.10988734900000001,0.157939308,10.50684678,0.099963249,0.146638759,0.19058587,0.367482993,6.250902694,0.904761905,0.9910947090000001,0.103491755
11/1/1990,106,tropicana,2112,7.655390645,0,3.66,0.10988734900000001,0.157939308,10.50684678,0.099963249,0.146638759,0.19058587,0.367482993,6.250902694,0.904761905,0.9910947090000001,0.103491755
11/8/1990,106,tropicana,1728,7.454719948999999,0,3.66,0.10988734900000001,0.157939308,10.50684678,0.099963249,0.146638759,0.19058587,0.367482993,6.250902694,0.904761905,0.9910947090000001,0.103491755
11/15/1990,106,tropicana,2240,7.714231145,0,3.66,0.10988734900000001,0.157939308,10.50684678,0.099963249,0.146638759,0.19058587,0.367482993,6.250902694,0.904761905,0.9910947090000001,0.103491755
11/22/1990,106,tropicana,2688,7.896552702,0,2.99,0.10988734900000001,0.157939308,10.50684678,0.099963249,0.146638759,0.19058587,0.367482993,6.250902694,0.904761905,0.9910947090000001,0.103491755
10/4/1990,107,dominicks,11520,9.351839934,0,1.79,0.26186745300000003,0.273051907,10.82713119,0.533949633,0.09431695300000001,0.025624482,0.311220523,5.821370205,1.19047619,1.994644862,0.300364461
10/11/1990,107,dominicks,1792,7.491087594,0,2.49,0.26186745300000003,0.273051907,10.82713119,0.533949633,0.09431695300000001,0.025624482,0.311220523,5.821370205,1.19047619,1.994644862,0.300364461
10/18/1990,107,dominicks,86016,11.3622886,1,1.24,0.26186745300000003,0.273051907,10.82713119,0.533949633,0.09431695300000001,0.025624482,0.311220523,5.821370205,1.19047619,1.994644862,0.300364461
10/25/1990,107,dominicks,1152,7.049254841000001,0,1.59,0.26186745300000003,0.273051907,10.82713119,0.533949633,0.09431695300000001,0.025624482,0.311220523,5.821370205,1.19047619,1.994644862,0.300364461
11/1/1990,107,dominicks,26368,10.17990643,1,1.59,0.26186745300000003,0.273051907,10.82713119,0.533949633,0.09431695300000001,0.025624482,0.311220523,5.821370205,1.19047619,1.994644862,0.300364461
11/8/1990,107,dominicks,13440,9.505990614,0,1.29,0.26186745300000003,0.273051907,10.82713119,0.533949633,0.09431695300000001,0.025624482,0.311220523,5.821370205,1.19047619,1.994644862,0.300364461
11/15/1990,107,dominicks,32000,10.37349118,0,0.99,0.26186745300000003,0.273051907,10.82713119,0.533949633,0.09431695300000001,0.025624482,0.311220523,5.821370205,1.19047619,1.994644862,0.300364461
11/22/1990,107,dominicks,14336,9.570529135,1,1.59,0.26186745300000003,0.273051907,10.82713119,0.533949633,0.09431695300000001,0.025624482,0.311220523,5.821370205,1.19047619,1.994644862,0.300364461
10/4/1990,107,minute.maid,5696,8.647519453,0,2.99,0.26186745300000003,0.273051907,10.82713119,0.533949633,0.09431695300000001,0.025624482,0.311220523,5.821370205,1.19047619,1.994644862,0.300364461
10/11/1990,107,minute.maid,33728,10.42608363,1,1.99,0.26186745300000003,0.273051907,10.82713119,0.533949633,0.09431695300000001,0.025624482,0.311220523,5.821370205,1.19047619,1.994644862,0.300364461
10/18/1990,107,minute.maid,9088,9.114710141,0,2.67,0.26186745300000003,0.273051907,10.82713119,0.533949633,0.09431695300000001,0.025624482,0.311220523,5.821370205,1.19047619,1.994644862,0.300364461
10/25/1990,107,minute.maid,12096,9.400630097999999,0,2.99,0.26186745300000003,0.273051907,10.82713119,0.533949633,0.09431695300000001,0.025624482,0.311220523,5.821370205,1.19047619,1.994644862,0.300364461
11/1/1990,107,minute.maid,38720,10.56411154,1,1.99,0.26186745300000003,0.273051907,10.82713119,0.533949633,0.09431695300000001,0.025624482,0.311220523,5.821370205,1.19047619,1.994644862,0.300364461
11/8/1990,107,minute.maid,3712,8.219326094,0,2.99,0.26186745300000003,0.273051907,10.82713119,0.533949633,0.09431695300000001,0.025624482,0.311220523,5.821370205,1.19047619,1.994644862,0.300364461
11/15/1990,107,minute.maid,30656,10.33058368,1,1.99,0.26186745300000003,0.273051907,10.82713119,0.533949633,0.09431695300000001,0.025624482,0.311220523,5.821370205,1.19047619,1.994644862,0.300364461
11/22/1990,107,minute.maid,6400,8.764053269,0,1.99,0.26186745300000003,0.273051907,10.82713119,0.533949633,0.09431695300000001,0.025624482,0.311220523,5.821370205,1.19047619,1.994644862,0.300364461
