python-sdk/tutorials/automl-with-azureml/forecasting-pipelines/oj-train.csv
WeekStarting,Store,Brand,Quantity,logQuantity,Advert,Price,Age60,COLLEGE,INCOME,Hincome150,Large HH,Minorities,WorkingWoman,SSTRDIST,SSTRVOL,CPDIST5,CPWVOL5
10/4/1990,107,tropicana,14144,9.557045785,1,3.29,0.26186745300000003,0.273051907,10.82713119,0.533949633,0.09431695300000001,0.025624482,0.311220523,5.821370205,1.19047619,1.994644862,0.300364461
10/11/1990,107,tropicana,9088,9.114710141,0,3.29,0.26186745300000003,0.273051907,10.82713119,0.533949633,0.09431695300000001,0.025624482,0.311220523,5.821370205,1.19047619,1.994644862,0.300364461
10/18/1990,107,tropicana,7680,8.946374826,0,3.51,0.26186745300000003,0.273051907,10.82713119,0.533949633,0.09431695300000001,0.025624482,0.311220523,5.821370205,1.19047619,1.994644862,0.300364461
10/25/1990,107,tropicana,8384,9.034080407000001,0,3.51,0.26186745300000003,0.273051907,10.82713119,0.533949633,0.09431695300000001,0.025624482,0.311220523,5.821370205,1.19047619,1.994644862,0.300364461
11/1/1990,107,tropicana,8896,9.093357017,0,3.51,0.26186745300000003,0.273051907,10.82713119,0.533949633,0.09431695300000001,0.025624482,0.311220523,5.821370205,1.19047619,1.994644862,0.300364461
11/8/1990,107,tropicana,7744,8.954673629,0,3.51,0.26186745300000003,0.273051907,10.82713119,0.533949633,0.09431695300000001,0.025624482,0.311220523,5.821370205,1.19047619,1.994644862,0.300364461
11/15/1990,107,tropicana,9728,9.182763604,0,3.66,0.26186745300000003,0.273051907,10.82713119,0.533949633,0.09431695300000001,0.025624482,0.311220523,5.821370205,1.19047619,1.994644862,0.300364461
11/22/1990,107,tropicana,10880,9.29468152,0,2.99,0.26186745300000003,0.273051907,10.82713119,0.533949633,0.09431695300000001,0.025624482,0.311220523,5.821370205,1.19047619,1.994644862,0.300364461
10/4/1990,109,dominicks,6208,8.733594062,0,1.79,0.15105565599999998,0.47691669299999995,11.23319833,0.878804348,0.114171257,0.060687450999999996,0.34080669399999997,7.481499805,0.7142857140000001,2.4169434780000003,0.394100191
10/11/1990,109,dominicks,1664,7.416979621,0,2.69,0.15105565599999998,0.47691669299999995,11.23319833,0.878804348,0.114171257,0.060687450999999996,0.34080669399999997,7.481499805,0.7142857140000001,2.4169434780000003,0.394100191
10/18/1990,109,dominicks,51328,10.84599169,1,1.24,0.15105565599999998,0.47691669299999995,11.23319833,0.878804348,0.114171257,0.060687450999999996,0.34080669399999997,7.481499805,0.7142857140000001,2.4169434780000003,0.394100191
10/25/1990,109,dominicks,704,6.556778356000001,0,1.59,0.15105565599999998,0.47691669299999995,11.23319833,0.878804348,0.114171257,0.060687450999999996,0.34080669399999997,7.481499805,0.7142857140000001,2.4169434780000003,0.394100191
11/1/1990,109,dominicks,11200,9.323669057,1,1.59,0.15105565599999998,0.47691669299999995,11.23319833,0.878804348,0.114171257,0.060687450999999996,0.34080669399999997,7.481499805,0.7142857140000001,2.4169434780000003,0.394100191
11/8/1990,109,dominicks,8512,9.049232212,0,1.29,0.15105565599999998,0.47691669299999995,11.23319833,0.878804348,0.114171257,0.060687450999999996,0.34080669399999997,7.481499805,0.7142857140000001,2.4169434780000003,0.394100191
11/15/1990,109,dominicks,4672,8.449342525,0,0.99,0.15105565599999998,0.47691669299999995,11.23319833,0.878804348,0.114171257,0.060687450999999996,0.34080669399999997,7.481499805,0.7142857140000001,2.4169434780000003,0.394100191
11/22/1990,109,dominicks,8896,9.093357017,1,1.59,0.15105565599999998,0.47691669299999995,11.23319833,0.878804348,0.114171257,0.060687450999999996,0.34080669399999997,7.481499805,0.7142857140000001,2.4169434780000003,0.394100191
10/4/1990,109,minute.maid,12928,9.467150781,0,3.17,0.15105565599999998,0.47691669299999995,11.23319833,0.878804348,0.114171257,0.060687450999999996,0.34080669399999997,7.481499805,0.7142857140000001,2.4169434780000003,0.394100191
10/11/1990,109,minute.maid,52992,10.87789624,1,1.99,0.15105565599999998,0.47691669299999995,11.23319833,0.878804348,0.114171257,0.060687450999999996,0.34080669399999997,7.481499805,0.7142857140000001,2.4169434780000003,0.394100191
10/18/1990,109,minute.maid,9728,9.182763604,0,2.85,0.15105565599999998,0.47691669299999995,11.23319833,0.878804348,0.114171257,0.060687450999999996,0.34080669399999997,7.481499805,0.7142857140000001,2.4169434780000003,0.394100191
10/25/1990,109,minute.maid,8000,8.987196821,0,3.17,0.15105565599999998,0.47691669299999995,11.23319833,0.878804348,0.114171257,0.060687450999999996,0.34080669399999997,7.481499805,0.7142857140000001,2.4169434780000003,0.394100191
11/1/1990,109,minute.maid,68928,11.14081776,1,1.99,0.15105565599999998,0.47691669299999995,11.23319833,0.878804348,0.114171257,0.060687450999999996,0.34080669399999997,7.481499805,0.7142857140000001,2.4169434780000003,0.394100191
11/8/1990,109,minute.maid,6656,8.803273982999999,0,3.17,0.15105565599999998,0.47691669299999995,11.23319833,0.878804348,0.114171257,0.060687450999999996,0.34080669399999997,7.481499805,0.7142857140000001,2.4169434780000003,0.394100191
11/15/1990,109,minute.maid,86016,11.3622886,1,1.99,0.15105565599999998,0.47691669299999995,11.23319833,0.878804348,0.114171257,0.060687450999999996,0.34080669399999997,7.481499805,0.7142857140000001,2.4169434780000003,0.394100191
11/22/1990,109,minute.maid,15168,9.626943225,0,1.99,0.15105565599999998,0.47691669299999995,11.23319833,0.878804348,0.114171257,0.060687450999999996,0.34080669399999997,7.481499805,0.7142857140000001,2.4169434780000003,0.394100191
10/4/1990,109,tropicana,33792,10.42797937,1,3.29,0.15105565599999998,0.47691669299999995,11.23319833,0.878804348,0.114171257,0.060687450999999996,0.34080669399999997,7.481499805,0.7142857140000001,2.4169434780000003,0.394100191
10/11/1990,109,tropicana,14208,9.561560465,0,3.29,0.15105565599999998,0.47691669299999995,11.23319833,0.878804348,0.114171257,0.060687450999999996,0.34080669399999997,7.481499805,0.7142857140000001,2.4169434780000003,0.394100191
10/18/1990,109,tropicana,14848,9.605620455,0,3.56,0.15105565599999998,0.47691669299999995,11.23319833,0.878804348,0.114171257,0.060687450999999996,0.34080669399999997,7.481499805,0.7142857140000001,2.4169434780000003,0.394100191
10/25/1990,109,tropicana,17152,9.749870064,0,3.56,0.15105565599999998,0.47691669299999995,11.23319833,0.878804348,0.114171257,0.060687450999999996,0.34080669399999997,7.481499805,0.7142857140000001,2.4169434780000003,0.394100191
11/1/1990,109,tropicana,14272,9.566054855,0,3.56,0.15105565599999998,0.47691669299999995,11.23319833,0.878804348,0.114171257,0.060687450999999996,0.34080669399999997,7.481499805,0.7142857140000001,2.4169434780000003,0.394100191
11/8/1990,109,tropicana,13312,9.496421162999999,0,3.56,0.15105565599999998,0.47691669299999995,11.23319833,0.878804348,0.114171257,0.060687450999999996,0.34080669399999997,7.481499805,0.7142857140000001,2.4169434780000003,0.394100191
11/15/1990,109,tropicana,22976,10.04220547,0,3.87,0.15105565599999998,0.47691669299999995,11.23319833,0.878804348,0.114171257,0.060687450999999996,0.34080669399999997,7.481499805,0.7142857140000001,2.4169434780000003,0.394100191
11/22/1990,109,tropicana,42176,10.64960662,0,2.99,0.15105565599999998,0.47691669299999995,11.23319833,0.878804348,0.114171257,0.060687450999999996,0.34080669399999997,7.481499805,0.7142857140000001,2.4169434780000003,0.394100191
10/4/1990,110,dominicks,9152,9.121727714,0,1.79,0.114956688,0.167553191,10.52085999,0.232741256,0.16195063199999998,0.152944449,0.40431408700000004,8.458996675,0.954545455,2.335458124,0.321927182
10/11/1990,110,dominicks,1408,7.249925537,0,2.49,0.114956688,0.167553191,10.52085999,0.232741256,0.16195063199999998,0.152944449,0.40431408700000004,8.458996675,0.954545455,2.335458124,0.321927182
10/18/1990,110,dominicks,59200,10.98867682,1,1.24,0.114956688,0.167553191,10.52085999,0.232741256,0.16195063199999998,0.152944449,0.40431408700000004,8.458996675,0.954545455,2.335458124,0.321927182
10/25/1990,110,dominicks,896,6.797940412999999,0,1.59,0.114956688,0.167553191,10.52085999,0.232741256,0.16195063199999998,0.152944449,0.40431408700000004,8.458996675,0.954545455,2.335458124,0.321927182
11/1/1990,110,dominicks,19840,9.895455381,1,1.59,0.114956688,0.167553191,10.52085999,0.232741256,0.16195063199999998,0.152944449,0.40431408700000004,8.458996675,0.954545455,2.335458124,0.321927182
11/8/1990,110,dominicks,12672,9.447150114,0,1.29,0.114956688,0.167553191,10.52085999,0.232741256,0.16195063199999998,0.152944449,0.40431408700000004,8.458996675,0.954545455,2.335458124,0.321927182
11/15/1990,110,dominicks,42496,10.65716523,0,0.99,0.114956688,0.167553191,10.52085999,0.232741256,0.16195063199999998,0.152944449,0.40431408700000004,8.458996675,0.954545455,2.335458124,0.321927182
11/22/1990,110,dominicks,25216,10.13523399,1,1.59,0.114956688,0.167553191,10.52085999,0.232741256,0.16195063199999998,0.152944449,0.40431408700000004,8.458996675,0.954545455,2.335458124,0.321927182
10/4/1990,110,minute.maid,10112,9.221478116,0,2.99,0.114956688,0.167553191,10.52085999,0.232741256,0.16195063199999998,0.152944449,0.40431408700000004,8.458996675,0.954545455,2.335458124,0.321927182
10/11/1990,110,minute.maid,29568,10.29444797,1,1.99,0.114956688,0.167553191,10.52085999,0.232741256,0.16195063199999998,0.152944449,0.40431408700000004,8.458996675,0.954545455,2.335458124,0.321927182
10/18/1990,110,minute.maid,4928,8.502688505,0,2.71,0.114956688,0.167553191,10.52085999,0.232741256,0.16195063199999998,0.152944449,0.40431408700000004,8.458996675,0.954545455,2.335458124,0.321927182
10/25/1990,110,minute.maid,3520,8.166216269,0,2.99,0.114956688,0.167553191,10.52085999,0.232741256,0.16195063199999998,0.152944449,0.40431408700000004,8.458996675,0.954545455,2.335458124,0.321927182
11/1/1990,110,minute.maid,30080,10.31161578,1,1.89,0.114956688,0.167553191,10.52085999,0.232741256,0.16195063199999998,0.152944449,0.40431408700000004,8.458996675,0.954545455,2.335458124,0.321927182
11/8/1990,110,minute.maid,3520,8.166216269,0,2.99,0.114956688,0.167553191,10.52085999,0.232741256,0.16195063199999998,0.152944449,0.40431408700000004,8.458996675,0.954545455,2.335458124,0.321927182
11/15/1990,110,minute.maid,31488,10.3573618,1,1.99,0.114956688,0.167553191,10.52085999,0.232741256,0.16195063199999998,0.152944449,0.40431408700000004,8.458996675,0.954545455,2.335458124,0.321927182
11/22/1990,110,minute.maid,9024,9.107642974,0,1.99,0.114956688,0.167553191,10.52085999,0.232741256,0.16195063199999998,0.152944449,0.40431408700000004,8.458996675,0.954545455,2.335458124,0.321927182
10/4/1990,110,tropicana,10304,9.240287448,1,2.99,0.114956688,0.167553191,10.52085999,0.232741256,0.16195063199999998,0.152944449,0.40431408700000004,8.458996675,0.954545455,2.335458124,0.321927182
10/11/1990,110,tropicana,6208,8.733594062,0,2.99,0.114956688,0.167553191,10.52085999,0.232741256,0.16195063199999998,0.152944449,0.40431408700000004,8.458996675,0.954545455,2.335458124,0.321927182
10/18/1990,110,tropicana,5888,8.68067166,0,2.99,0.114956688,0.167553191,10.52085999,0.232741256,0.16195063199999998,0.152944449,0.40431408700000004,8.458996675,0.954545455,2.335458124,0.321927182
10/25/1990,110,tropicana,3520,8.166216269,0,3.66,0.114956688,0.167553191,10.52085999,0.232741256,0.16195063199999998,0.152944449,0.40431408700000004,8.458996675,0.954545455,2.335458124,0.321927182
11/1/1990,110,tropicana,3904,8.269756948,0,3.66,0.114956688,0.167553191,10.52085999,0.232741256,0.16195063199999998,0.152944449,0.40431408700000004,8.458996675,0.954545455,2.335458124,0.321927182
11/8/1990,110,tropicana,3712,8.219326094,0,3.66,0.114956688,0.167553191,10.52085999,0.232741256,0.16195063199999998,0.152944449,0.40431408700000004,8.458996675,0.954545455,2.335458124,0.321927182
11/15/1990,110,tropicana,6592,8.793612072,0,3.66,0.114956688,0.167553191,10.52085999,0.232741256,0.16195063199999998,0.152944449,0.40431408700000004,8.458996675,0.954545455,2.335458124,0.321927182
11/22/1990,110,tropicana,5760,8.658692754,0,2.99,0.114956688,0.167553191,10.52085999,0.232741256,0.16195063199999998,0.152944449,0.40431408700000004,8.458996675,0.954545455,2.335458124,0.321927182
10/4/1990,111,dominicks,16832,9.731037116,0,1.79,0.210512842,0.096928919,10.13828296,0.012746711,0.157135934,0.995690759,0.28851540600000003,12.19094513,1.894736842,1.465672465,0.289203431
10/11/1990,111,dominicks,1664,7.416979621,0,2.69,0.210512842,0.096928919,10.13828296,0.012746711,0.157135934,0.995690759,0.28851540600000003,12.19094513,1.894736842,1.465672465,0.289203431
10/18/1990,111,dominicks,193792,12.1745407,1,1.24,0.210512842,0.096928919,10.13828296,0.012746711,0.157135934,0.995690759,0.28851540600000003,12.19094513,1.894736842,1.465672465,0.289203431
10/25/1990,111,dominicks,2368,7.769800996,0,1.59,0.210512842,0.096928919,10.13828296,0.012746711,0.157135934,0.995690759,0.28851540600000003,12.19094513,1.894736842,1.465672465,0.289203431
11/1/1990,111,dominicks,57536,10.96016612,1,1.59,0.210512842,0.096928919,10.13828296,0.012746711,0.157135934,0.995690759,0.28851540600000003,12.19094513,1.894736842,1.465672465,0.289203431
11/8/1990,111,dominicks,93504,11.4457595,0,1.29,0.210512842,0.096928919,10.13828296,0.012746711,0.157135934,0.995690759,0.28851540600000003,12.19094513,1.894736842,1.465672465,0.289203431
11/15/1990,111,dominicks,16064,9.684336023,0,0.99,0.210512842,0.096928919,10.13828296,0.012746711,0.157135934,0.995690759,0.28851540600000003,12.19094513,1.894736842,1.465672465,0.289203431
11/22/1990,111,dominicks,39872,10.5934296,1,1.59,0.210512842,0.096928919,10.13828296,0.012746711,0.157135934,0.995690759,0.28851540600000003,12.19094513,1.894736842,1.465672465,0.289203431
10/4/1990,111,minute.maid,10432,9.252633284,0,3.17,0.210512842,0.096928919,10.13828296,0.012746711,0.157135934,0.995690759,0.28851540600000003,12.19094513,1.894736842,1.465672465,0.289203431
10/11/1990,111,minute.maid,73920,11.21073871,1,1.99,0.210512842,0.096928919,10.13828296,0.012746711,0.157135934,0.995690759,0.28851540600000003,12.19094513,1.894736842,1.465672465,0.289203431
10/18/1990,111,minute.maid,5312,8.577723691000001,0,2.72,0.210512842,0.096928919,10.13828296,0.012746711,0.157135934,0.995690759,0.28851540600000003,12.19094513,1.894736842,1.465672465,0.289203431
10/25/1990,111,minute.maid,2176,7.6852436079999995,0,3.17,0.210512842,0.096928919,10.13828296,0.012746711,0.157135934,0.995690759,0.28851540600000003,12.19094513,1.894736842,1.465672465,0.289203431
11/1/1990,111,minute.maid,50816,10.83596655,1,1.99,0.210512842,0.096928919,10.13828296,0.012746711,0.157135934,0.995690759,0.28851540600000003,12.19094513,1.894736842,1.465672465,0.289203431
11/8/1990,111,minute.maid,1600,7.377758908,0,3.17,0.210512842,0.096928919,10.13828296,0.012746711,0.157135934,0.995690759,0.28851540600000003,12.19094513,1.894736842,1.465672465,0.289203431
11/15/1990,111,minute.maid,81216,11.30486755,1,1.99,0.210512842,0.096928919,10.13828296,0.012746711,0.157135934,0.995690759,0.28851540600000003,12.19094513,1.894736842,1.465672465,0.289203431
11/22/1990,111,minute.maid,20544,9.930324207,0,1.99,0.210512842,0.096928919,10.13828296,0.012746711,0.157135934,0.995690759,0.28851540600000003,12.19094513,1.894736842,1.465672465,0.289203431
10/4/1990,111,tropicana,3904,8.269756948,1,3.29,0.210512842,0.096928919,10.13828296,0.012746711,0.157135934,0.995690759,0.28851540600000003,12.19094513,1.894736842,1.465672465,0.289203431
10/11/1990,111,tropicana,3392,8.129174997,0,3.29,0.210512842,0.096928919,10.13828296,0.012746711,0.157135934,0.995690759,0.28851540600000003,12.19094513,1.894736842,1.465672465,0.289203431
10/18/1990,111,tropicana,1856,7.526178913,0,3.56,0.210512842,0.096928919,10.13828296,0.012746711,0.157135934,0.995690759,0.28851540600000003,12.19094513,1.894736842,1.465672465,0.289203431
10/25/1990,111,tropicana,1856,7.526178913,0,3.56,0.210512842,0.096928919,10.13828296,0.012746711,0.157135934,0.995690759,0.28851540600000003,12.19094513,1.894736842,1.465672465,0.289203431
11/1/1990,111,tropicana,2496,7.82244473,0,3.56,0.210512842,0.096928919,10.13828296,0.012746711,0.157135934,0.995690759,0.28851540600000003,12.19094513,1.894736842,1.465672465,0.289203431
11/8/1990,111,tropicana,2816,7.943072717000001,0,3.56,0.210512842,0.096928919,10.13828296,0.012746711,0.157135934,0.995690759,0.28851540600000003,12.19094513,1.894736842,1.465672465,0.289203431
11/15/1990,111,tropicana,4480,8.407378325,0,3.87,0.210512842,0.096928919,10.13828296,0.012746711,0.157135934,0.995690759,0.28851540600000003,12.19094513,1.894736842,1.465672465,0.289203431
11/22/1990,111,tropicana,4864,8.489616424,0,2.99,0.210512842,0.096928919,10.13828296,0.012746711,0.157135934,0.995690759,0.28851540600000003,12.19094513,1.894736842,1.465672465,0.289203431
