python-sdk/tutorials/automl-with-azureml/forecasting-pipelines/oj-train.csv
WeekStarting,Store,Brand,Quantity,logQuantity,Advert,Price,Age60,COLLEGE,INCOME,Hincome150,Large HH,Minorities,WorkingWoman,SSTRDIST,SSTRVOL,CPDIST5,CPWVOL5
10/4/1990,113,dominicks,7552,8.929567707999999,0,1.79,0.299352545,0.151592429,10.64766049,0.37817302700000005,0.09155982900000001,0.026448309,0.29751487600000004,4.235048902,0.52173913,3.305794933,0.36691596299999996
10/11/1990,113,dominicks,2880,7.965545572999999,0,2.49,0.299352545,0.151592429,10.64766049,0.37817302700000005,0.09155982900000001,0.026448309,0.29751487600000004,4.235048902,0.52173913,3.305794933,0.36691596299999996
10/18/1990,113,dominicks,100224,11.51516296,1,1.24,0.299352545,0.151592429,10.64766049,0.37817302700000005,0.09155982900000001,0.026448309,0.29751487600000004,4.235048902,0.52173913,3.305794933,0.36691596299999996
10/25/1990,113,dominicks,2624,7.87245515,0,1.59,0.299352545,0.151592429,10.64766049,0.37817302700000005,0.09155982900000001,0.026448309,0.29751487600000004,4.235048902,0.52173913,3.305794933,0.36691596299999996
11/1/1990,113,dominicks,14976,9.614204199,1,1.59,0.299352545,0.151592429,10.64766049,0.37817302700000005,0.09155982900000001,0.026448309,0.29751487600000004,4.235048902,0.52173913,3.305794933,0.36691596299999996
11/8/1990,113,dominicks,11648,9.36288977,0,1.29,0.299352545,0.151592429,10.64766049,0.37817302700000005,0.09155982900000001,0.026448309,0.29751487600000004,4.235048902,0.52173913,3.305794933,0.36691596299999996
11/15/1990,113,dominicks,2176,7.6852436079999995,0,0.99,0.299352545,0.151592429,10.64766049,0.37817302700000005,0.09155982900000001,0.026448309,0.29751487600000004,4.235048902,0.52173913,3.305794933,0.36691596299999996
11/22/1990,113,dominicks,19904,9.898675996,1,1.59,0.299352545,0.151592429,10.64766049,0.37817302700000005,0.09155982900000001,0.026448309,0.29751487600000004,4.235048902,0.52173913,3.305794933,0.36691596299999996
10/4/1990,113,minute.maid,10688,9.276876896000001,0,2.99,0.299352545,0.151592429,10.64766049,0.37817302700000005,0.09155982900000001,0.026448309,0.29751487600000004,4.235048902,0.52173913,3.305794933,0.36691596299999996
10/11/1990,113,minute.maid,51776,10.854682,1,1.99,0.299352545,0.151592429,10.64766049,0.37817302700000005,0.09155982900000001,0.026448309,0.29751487600000004,4.235048902,0.52173913,3.305794933,0.36691596299999996
10/18/1990,113,minute.maid,4800,8.476371197,0,2.87,0.299352545,0.151592429,10.64766049,0.37817302700000005,0.09155982900000001,0.026448309,0.29751487600000004,4.235048902,0.52173913,3.305794933,0.36691596299999996
10/25/1990,113,minute.maid,3200,8.070906089,0,2.99,0.299352545,0.151592429,10.64766049,0.37817302700000005,0.09155982900000001,0.026448309,0.29751487600000004,4.235048902,0.52173913,3.305794933,0.36691596299999996
11/1/1990,113,minute.maid,38720,10.56411154,1,1.99,0.299352545,0.151592429,10.64766049,0.37817302700000005,0.09155982900000001,0.026448309,0.29751487600000004,4.235048902,0.52173913,3.305794933,0.36691596299999996
11/8/1990,113,minute.maid,4096,8.317766167,0,2.99,0.299352545,0.151592429,10.64766049,0.37817302700000005,0.09155982900000001,0.026448309,0.29751487600000004,4.235048902,0.52173913,3.305794933,0.36691596299999996
11/15/1990,113,minute.maid,66496,11.10489707,1,1.99,0.299352545,0.151592429,10.64766049,0.37817302700000005,0.09155982900000001,0.026448309,0.29751487600000004,4.235048902,0.52173913,3.305794933,0.36691596299999996
11/22/1990,113,minute.maid,12992,9.472089062,0,1.99,0.299352545,0.151592429,10.64766049,0.37817302700000005,0.09155982900000001,0.026448309,0.29751487600000004,4.235048902,0.52173913,3.305794933,0.36691596299999996
10/4/1990,113,tropicana,14400,9.574983486,1,3.29,0.299352545,0.151592429,10.64766049,0.37817302700000005,0.09155982900000001,0.026448309,0.29751487600000004,4.235048902,0.52173913,3.305794933,0.36691596299999996
10/11/1990,113,tropicana,7296,8.895081532,0,3.29,0.299352545,0.151592429,10.64766049,0.37817302700000005,0.09155982900000001,0.026448309,0.29751487600000004,4.235048902,0.52173913,3.305794933,0.36691596299999996
10/18/1990,113,tropicana,5760,8.658692754,0,3.51,0.299352545,0.151592429,10.64766049,0.37817302700000005,0.09155982900000001,0.026448309,0.29751487600000004,4.235048902,0.52173913,3.305794933,0.36691596299999996
10/25/1990,113,tropicana,8704,9.071537969,0,3.51,0.299352545,0.151592429,10.64766049,0.37817302700000005,0.09155982900000001,0.026448309,0.29751487600000004,4.235048902,0.52173913,3.305794933,0.36691596299999996
11/1/1990,113,tropicana,5056,8.528330936,0,3.51,0.299352545,0.151592429,10.64766049,0.37817302700000005,0.09155982900000001,0.026448309,0.29751487600000004,4.235048902,0.52173913,3.305794933,0.36691596299999996
11/8/1990,113,tropicana,7040,8.859363449,0,3.51,0.299352545,0.151592429,10.64766049,0.37817302700000005,0.09155982900000001,0.026448309,0.29751487600000004,4.235048902,0.52173913,3.305794933,0.36691596299999996
11/15/1990,113,tropicana,10112,9.221478116,0,3.66,0.299352545,0.151592429,10.64766049,0.37817302700000005,0.09155982900000001,0.026448309,0.29751487600000004,4.235048902,0.52173913,3.305794933,0.36691596299999996
11/22/1990,113,tropicana,20416,9.924074186,0,2.99,0.299352545,0.151592429,10.64766049,0.37817302700000005,0.09155982900000001,0.026448309,0.29751487600000004,4.235048902,0.52173913,3.305794933,0.36691596299999996
10/4/1990,114,dominicks,24832,10.11988842,0,1.79,0.182173295,0.094424515,10.34794899,0.009842116,0.111967075,0.441169508,0.307476963,4.935835625,1.454545455,3.2392270610000002,0.147758687
10/11/1990,114,dominicks,2304,7.742402022,0,2.29,0.182173295,0.094424515,10.34794899,0.009842116,0.111967075,0.441169508,0.307476963,4.935835625,1.454545455,3.2392270610000002,0.147758687
10/18/1990,114,dominicks,195968,12.18570666,1,1.14,0.182173295,0.094424515,10.34794899,0.009842116,0.111967075,0.441169508,0.307476963,4.935835625,1.454545455,3.2392270610000002,0.147758687
10/25/1990,114,dominicks,6848,8.831711918,0,1.59,0.182173295,0.094424515,10.34794899,0.009842116,0.111967075,0.441169508,0.307476963,4.935835625,1.454545455,3.2392270610000002,0.147758687
11/1/1990,114,dominicks,40704,10.61408165,1,1.59,0.182173295,0.094424515,10.34794899,0.009842116,0.111967075,0.441169508,0.307476963,4.935835625,1.454545455,3.2392270610000002,0.147758687
11/8/1990,114,dominicks,47168,10.76147098,0,1.29,0.182173295,0.094424515,10.34794899,0.009842116,0.111967075,0.441169508,0.307476963,4.935835625,1.454545455,3.2392270610000002,0.147758687
11/15/1990,114,dominicks,256,5.545177445,0,0.99,0.182173295,0.094424515,10.34794899,0.009842116,0.111967075,0.441169508,0.307476963,4.935835625,1.454545455,3.2392270610000002,0.147758687
11/22/1990,114,dominicks,24192,10.09377728,1,1.59,0.182173295,0.094424515,10.34794899,0.009842116,0.111967075,0.441169508,0.307476963,4.935835625,1.454545455,3.2392270610000002,0.147758687
10/4/1990,114,minute.maid,11840,9.379238908,0,2.62,0.182173295,0.094424515,10.34794899,0.009842116,0.111967075,0.441169508,0.307476963,4.935835625,1.454545455,3.2392270610000002,0.147758687
10/11/1990,114,minute.maid,57856,10.96571244,1,1.99,0.182173295,0.094424515,10.34794899,0.009842116,0.111967075,0.441169508,0.307476963,4.935835625,1.454545455,3.2392270610000002,0.147758687
10/18/1990,114,minute.maid,6464,8.774003599999999,0,2.48,0.182173295,0.094424515,10.34794899,0.009842116,0.111967075,0.441169508,0.307476963,4.935835625,1.454545455,3.2392270610000002,0.147758687
10/25/1990,114,minute.maid,4800,8.476371197,0,2.62,0.182173295,0.094424515,10.34794899,0.009842116,0.111967075,0.441169508,0.307476963,4.935835625,1.454545455,3.2392270610000002,0.147758687
11/1/1990,114,minute.maid,30272,10.31797847,1,1.99,0.182173295,0.094424515,10.34794899,0.009842116,0.111967075,0.441169508,0.307476963,4.935835625,1.454545455,3.2392270610000002,0.147758687
11/8/1990,114,minute.maid,3968,8.286017467999999,0,2.62,0.182173295,0.094424515,10.34794899,0.009842116,0.111967075,0.441169508,0.307476963,4.935835625,1.454545455,3.2392270610000002,0.147758687
11/15/1990,114,minute.maid,53184,10.88151288,1,1.99,0.182173295,0.094424515,10.34794899,0.009842116,0.111967075,0.441169508,0.307476963,4.935835625,1.454545455,3.2392270610000002,0.147758687
11/22/1990,114,minute.maid,13504,9.510741217,0,1.99,0.182173295,0.094424515,10.34794899,0.009842116,0.111967075,0.441169508,0.307476963,4.935835625,1.454545455,3.2392270610000002,0.147758687
10/4/1990,114,tropicana,10368,9.246479419,1,3.19,0.182173295,0.094424515,10.34794899,0.009842116,0.111967075,0.441169508,0.307476963,4.935835625,1.454545455,3.2392270610000002,0.147758687
10/11/1990,114,tropicana,6016,8.702177866,0,3.19,0.182173295,0.094424515,10.34794899,0.009842116,0.111967075,0.441169508,0.307476963,4.935835625,1.454545455,3.2392270610000002,0.147758687
10/18/1990,114,tropicana,5440,8.60153434,0,3.04,0.182173295,0.094424515,10.34794899,0.009842116,0.111967075,0.441169508,0.307476963,4.935835625,1.454545455,3.2392270610000002,0.147758687
10/25/1990,114,tropicana,7360,8.903815212,0,3.04,0.182173295,0.094424515,10.34794899,0.009842116,0.111967075,0.441169508,0.307476963,4.935835625,1.454545455,3.2392270610000002,0.147758687
11/1/1990,114,tropicana,5504,8.61323038,0,3.04,0.182173295,0.094424515,10.34794899,0.009842116,0.111967075,0.441169508,0.307476963,4.935835625,1.454545455,3.2392270610000002,0.147758687
11/8/1990,114,tropicana,5760,8.658692754,0,3.04,0.182173295,0.094424515,10.34794899,0.009842116,0.111967075,0.441169508,0.307476963,4.935835625,1.454545455,3.2392270610000002,0.147758687
11/15/1990,114,tropicana,8832,9.086136769,0,3.19,0.182173295,0.094424515,10.34794899,0.009842116,0.111967075,0.441169508,0.307476963,4.935835625,1.454545455,3.2392270610000002,0.147758687
11/22/1990,114,tropicana,9216,9.128696383,0,2.99,0.182173295,0.094424515,10.34794899,0.009842116,0.111967075,0.441169508,0.307476963,4.935835625,1.454545455,3.2392270610000002,0.147758687
10/4/1990,115,dominicks,5504,8.61323038,0,1.79,0.060280055,0.40631248200000003,10.94748525,0.64424253,0.151332196,0.043971995,0.405279954,4.837982618,0.9523809520000001,1.7176858609999999,0.35048325799999996
10/11/1990,115,dominicks,576,6.356107661,0,2.49,0.060280055,0.40631248200000003,10.94748525,0.64424253,0.151332196,0.043971995,0.405279954,4.837982618,0.9523809520000001,1.7176858609999999,0.35048325799999996
10/18/1990,115,dominicks,49664,10.8130356,1,1.24,0.060280055,0.40631248200000003,10.94748525,0.64424253,0.151332196,0.043971995,0.405279954,4.837982618,0.9523809520000001,1.7176858609999999,0.35048325799999996
10/25/1990,115,dominicks,1344,7.2034055210000005,0,1.59,0.060280055,0.40631248200000003,10.94748525,0.64424253,0.151332196,0.043971995,0.405279954,4.837982618,0.9523809520000001,1.7176858609999999,0.35048325799999996
11/1/1990,115,dominicks,10176,9.227787286,1,1.59,0.060280055,0.40631248200000003,10.94748525,0.64424253,0.151332196,0.043971995,0.405279954,4.837982618,0.9523809520000001,1.7176858609999999,0.35048325799999996
11/8/1990,115,dominicks,8640,9.064157862,0,1.29,0.060280055,0.40631248200000003,10.94748525,0.64424253,0.151332196,0.043971995,0.405279954,4.837982618,0.9523809520000001,1.7176858609999999,0.35048325799999996
11/15/1990,115,dominicks,28032,10.24110199,0,0.99,0.060280055,0.40631248200000003,10.94748525,0.64424253,0.151332196,0.043971995,0.405279954,4.837982618,0.9523809520000001,1.7176858609999999,0.35048325799999996
11/22/1990,115,dominicks,6656,8.803273982999999,1,1.59,0.060280055,0.40631248200000003,10.94748525,0.64424253,0.151332196,0.043971995,0.405279954,4.837982618,0.9523809520000001,1.7176858609999999,0.35048325799999996
10/4/1990,115,minute.maid,12160,9.405907156,0,2.99,0.060280055,0.40631248200000003,10.94748525,0.64424253,0.151332196,0.043971995,0.405279954,4.837982618,0.9523809520000001,1.7176858609999999,0.35048325799999996
10/11/1990,115,minute.maid,31552,10.35939226,1,1.99,0.060280055,0.40631248200000003,10.94748525,0.64424253,0.151332196,0.043971995,0.405279954,4.837982618,0.9523809520000001,1.7176858609999999,0.35048325799999996
10/18/1990,115,minute.maid,6336,8.754002933999999,0,2.55,0.060280055,0.40631248200000003,10.94748525,0.64424253,0.151332196,0.043971995,0.405279954,4.837982618,0.9523809520000001,1.7176858609999999,0.35048325799999996
10/25/1990,115,minute.maid,4864,8.489616424,0,2.99,0.060280055,0.40631248200000003,10.94748525,0.64424253,0.151332196,0.043971995,0.405279954,4.837982618,0.9523809520000001,1.7176858609999999,0.35048325799999996
11/1/1990,115,minute.maid,34624,10.45230236,1,1.99,0.060280055,0.40631248200000003,10.94748525,0.64424253,0.151332196,0.043971995,0.405279954,4.837982618,0.9523809520000001,1.7176858609999999,0.35048325799999996
11/8/1990,115,minute.maid,4096,8.317766167,0,2.99,0.060280055,0.40631248200000003,10.94748525,0.64424253,0.151332196,0.043971995,0.405279954,4.837982618,0.9523809520000001,1.7176858609999999,0.35048325799999996
11/15/1990,115,minute.maid,26624,10.18956834,1,1.99,0.060280055,0.40631248200000003,10.94748525,0.64424253,0.151332196,0.043971995,0.405279954,4.837982618,0.9523809520000001,1.7176858609999999,0.35048325799999996
11/22/1990,115,minute.maid,10560,9.264828557000001,0,1.99,0.060280055,0.40631248200000003,10.94748525,0.64424253,0.151332196,0.043971995,0.405279954,4.837982618,0.9523809520000001,1.7176858609999999,0.35048325799999996
10/4/1990,115,tropicana,13312,9.496421162999999,1,3.29,0.060280055,0.40631248200000003,10.94748525,0.64424253,0.151332196,0.043971995,0.405279954,4.837982618,0.9523809520000001,1.7176858609999999,0.35048325799999996
10/11/1990,115,tropicana,8128,9.00307017,0,3.29,0.060280055,0.40631248200000003,10.94748525,0.64424253,0.151332196,0.043971995,0.405279954,4.837982618,0.9523809520000001,1.7176858609999999,0.35048325799999996
10/18/1990,115,tropicana,8896,9.093357017,0,3.51,0.060280055,0.40631248200000003,10.94748525,0.64424253,0.151332196,0.043971995,0.405279954,4.837982618,0.9523809520000001,1.7176858609999999,0.35048325799999996
10/25/1990,115,tropicana,8256,9.018695487999999,0,3.51,0.060280055,0.40631248200000003,10.94748525,0.64424253,0.151332196,0.043971995,0.405279954,4.837982618,0.9523809520000001,1.7176858609999999,0.35048325799999996
11/1/1990,115,tropicana,5056,8.528330936,0,3.51,0.060280055,0.40631248200000003,10.94748525,0.64424253,0.151332196,0.043971995,0.405279954,4.837982618,0.9523809520000001,1.7176858609999999,0.35048325799999996
11/8/1990,115,tropicana,3136,8.050703382,0,3.51,0.060280055,0.40631248200000003,10.94748525,0.64424253,0.151332196,0.043971995,0.405279954,4.837982618,0.9523809520000001,1.7176858609999999,0.35048325799999996
11/15/1990,115,tropicana,7296,8.895081532,0,3.66,0.060280055,0.40631248200000003,10.94748525,0.64424253,0.151332196,0.043971995,0.405279954,4.837982618,0.9523809520000001,1.7176858609999999,0.35048325799999996
11/22/1990,115,tropicana,12992,9.472089062,0,2.99,0.060280055,0.40631248200000003,10.94748525,0.64424253,0.151332196,0.043971995,0.405279954,4.837982618,0.9523809520000001,1.7176858609999999,0.35048325799999996
10/4/1990,116,dominicks,6592,8.793612072,0,1.79,0.18817339,0.259224748,10.69711335,0.308160505,0.117657192,0.033137058,0.35563513,3.215079635,1.6666666669999999,1.55776418,0.812883335
10/11/1990,116,dominicks,1088,6.992096427000001,0,2.49,0.18817339,0.259224748,10.69711335,0.308160505,0.117657192,0.033137058,0.35563513,3.215079635,1.6666666669999999,1.55776418,0.812883335
10/18/1990,116,dominicks,75008,11.22535005,1,1.24,0.18817339,0.259224748,10.69711335,0.308160505,0.117657192,0.033137058,0.35563513,3.215079635,1.6666666669999999,1.55776418,0.812883335
10/25/1990,116,dominicks,20864,9.945780465,0,1.59,0.18817339,0.259224748,10.69711335,0.308160505,0.117657192,0.033137058,0.35563513,3.215079635,1.6666666669999999,1.55776418,0.812883335
11/1/1990,116,dominicks,26176,10.17259824,1,1.59,0.18817339,0.259224748,10.69711335,0.308160505,0.117657192,0.033137058,0.35563513,3.215079635,1.6666666669999999,1.55776418,0.812883335
11/8/1990,116,dominicks,20416,9.924074186,0,1.29,0.18817339,0.259224748,10.69711335,0.308160505,0.117657192,0.033137058,0.35563513,3.215079635,1.6666666669999999,1.55776418,0.812883335
11/15/1990,116,dominicks,6720,8.812843434,0,0.99,0.18817339,0.259224748,10.69711335,0.308160505,0.117657192,0.033137058,0.35563513,3.215079635,1.6666666669999999,1.55776418,0.812883335
11/22/1990,116,dominicks,11712,9.368369236,1,1.59,0.18817339,0.259224748,10.69711335,0.308160505,0.117657192,0.033137058,0.35563513,3.215079635,1.6666666669999999,1.55776418,0.812883335
10/4/1990,116,minute.maid,8256,9.018695487999999,0,2.99,0.18817339,0.259224748,10.69711335,0.308160505,0.117657192,0.033137058,0.35563513,3.215079635,1.6666666669999999,1.55776418,0.812883335
10/11/1990,116,minute.maid,24960,10.12502982,1,1.99,0.18817339,0.259224748,10.69711335,0.308160505,0.117657192,0.033137058,0.35563513,3.215079635,1.6666666669999999,1.55776418,0.812883335
10/18/1990,116,minute.maid,4928,8.502688505,0,2.61,0.18817339,0.259224748,10.69711335,0.308160505,0.117657192,0.033137058,0.35563513,3.215079635,1.6666666669999999,1.55776418,0.812883335
10/25/1990,116,minute.maid,2176,7.6852436079999995,0,2.99,0.18817339,0.259224748,10.69711335,0.308160505,0.117657192,0.033137058,0.35563513,3.215079635,1.6666666669999999,1.55776418,0.812883335
11/1/1990,116,minute.maid,15360,9.639522007,1,1.99,0.18817339,0.259224748,10.69711335,0.308160505,0.117657192,0.033137058,0.35563513,3.215079635,1.6666666669999999,1.55776418,0.812883335
11/8/1990,116,minute.maid,2496,7.82244473,0,2.99,0.18817339,0.259224748,10.69711335,0.308160505,0.117657192,0.033137058,0.35563513,3.215079635,1.6666666669999999,1.55776418,0.812883335
11/15/1990,116,minute.maid,30016,10.30948585,1,1.99,0.18817339,0.259224748,10.69711335,0.308160505,0.117657192,0.033137058,0.35563513,3.215079635,1.6666666669999999,1.55776418,0.812883335
11/22/1990,116,minute.maid,8512,9.049232212,0,1.99,0.18817339,0.259224748,10.69711335,0.308160505,0.117657192,0.033137058,0.35563513,3.215079635,1.6666666669999999,1.55776418,0.812883335
