python-sdk/tutorials/automl-with-azureml/forecasting-pipelines/oj-train.csv
WeekStarting,Store,Brand,Quantity,logQuantity,Advert,Price,Age60,COLLEGE,INCOME,Hincome150,Large HH,Minorities,WorkingWoman,SSTRDIST,SSTRVOL,CPDIST5,CPWVOL5
10/4/1990,116,tropicana,7552,8.929567707999999,1,3.29,0.18817339,0.259224748,10.69711335,0.308160505,0.117657192,0.033137058,0.35563513,3.215079635,1.6666666669999999,1.55776418,0.812883335
10/11/1990,116,tropicana,5120,8.540909718,0,3.29,0.18817339,0.259224748,10.69711335,0.308160505,0.117657192,0.033137058,0.35563513,3.215079635,1.6666666669999999,1.55776418,0.812883335
10/18/1990,116,tropicana,3328,8.110126802,0,3.51,0.18817339,0.259224748,10.69711335,0.308160505,0.117657192,0.033137058,0.35563513,3.215079635,1.6666666669999999,1.55776418,0.812883335
10/25/1990,116,tropicana,4096,8.317766167,0,3.51,0.18817339,0.259224748,10.69711335,0.308160505,0.117657192,0.033137058,0.35563513,3.215079635,1.6666666669999999,1.55776418,0.812883335
11/1/1990,116,tropicana,5632,8.636219898,0,3.51,0.18817339,0.259224748,10.69711335,0.308160505,0.117657192,0.033137058,0.35563513,3.215079635,1.6666666669999999,1.55776418,0.812883335
11/8/1990,116,tropicana,4672,8.449342525,0,3.51,0.18817339,0.259224748,10.69711335,0.308160505,0.117657192,0.033137058,0.35563513,3.215079635,1.6666666669999999,1.55776418,0.812883335
11/15/1990,116,tropicana,7808,8.962904128,0,3.66,0.18817339,0.259224748,10.69711335,0.308160505,0.117657192,0.033137058,0.35563513,3.215079635,1.6666666669999999,1.55776418,0.812883335
11/22/1990,116,tropicana,6464,8.774003599999999,0,2.99,0.18817339,0.259224748,10.69711335,0.308160505,0.117657192,0.033137058,0.35563513,3.215079635,1.6666666669999999,1.55776418,0.812883335
10/4/1990,117,dominicks,4480,8.407378325,0,1.79,0.11010272900000001,0.249083542,10.76096203,0.35283411299999995,0.106357795,0.049851894,0.43913625100000003,3.4342722739999996,1.4,1.8494250280000002,0.498380462
10/11/1990,117,dominicks,1920,7.560080465,0,2.49,0.11010272900000001,0.249083542,10.76096203,0.35283411299999995,0.106357795,0.049851894,0.43913625100000003,3.4342722739999996,1.4,1.8494250280000002,0.498380462
10/18/1990,117,dominicks,47744,10.77360868,1,1.24,0.11010272900000001,0.249083542,10.76096203,0.35283411299999995,0.106357795,0.049851894,0.43913625100000003,3.4342722739999996,1.4,1.8494250280000002,0.498380462
10/25/1990,117,dominicks,1344,7.2034055210000005,0,1.59,0.11010272900000001,0.249083542,10.76096203,0.35283411299999995,0.106357795,0.049851894,0.43913625100000003,3.4342722739999996,1.4,1.8494250280000002,0.498380462
11/1/1990,117,dominicks,5824,8.66974259,1,1.59,0.11010272900000001,0.249083542,10.76096203,0.35283411299999995,0.106357795,0.049851894,0.43913625100000003,3.4342722739999996,1.4,1.8494250280000002,0.498380462
11/8/1990,117,dominicks,23808,10.07777694,0,1.29,0.11010272900000001,0.249083542,10.76096203,0.35283411299999995,0.106357795,0.049851894,0.43913625100000003,3.4342722739999996,1.4,1.8494250280000002,0.498380462
11/15/1990,117,dominicks,21312,9.967025572999999,0,0.99,0.11010272900000001,0.249083542,10.76096203,0.35283411299999995,0.106357795,0.049851894,0.43913625100000003,3.4342722739999996,1.4,1.8494250280000002,0.498380462
11/22/1990,117,dominicks,12160,9.405907156,1,1.59,0.11010272900000001,0.249083542,10.76096203,0.35283411299999995,0.106357795,0.049851894,0.43913625100000003,3.4342722739999996,1.4,1.8494250280000002,0.498380462
10/4/1990,117,minute.maid,6080,8.712759975,0,2.99,0.11010272900000001,0.249083542,10.76096203,0.35283411299999995,0.106357795,0.049851894,0.43913625100000003,3.4342722739999996,1.4,1.8494250280000002,0.498380462
10/11/1990,117,minute.maid,18112,9.804329981,1,1.99,0.11010272900000001,0.249083542,10.76096203,0.35283411299999995,0.106357795,0.049851894,0.43913625100000003,3.4342722739999996,1.4,1.8494250280000002,0.498380462
10/18/1990,117,minute.maid,4032,8.30201781,0,2.74,0.11010272900000001,0.249083542,10.76096203,0.35283411299999995,0.106357795,0.049851894,0.43913625100000003,3.4342722739999996,1.4,1.8494250280000002,0.498380462
10/25/1990,117,minute.maid,2688,7.896552702,0,2.99,0.11010272900000001,0.249083542,10.76096203,0.35283411299999995,0.106357795,0.049851894,0.43913625100000003,3.4342722739999996,1.4,1.8494250280000002,0.498380462
11/1/1990,117,minute.maid,18112,9.804329981,1,1.99,0.11010272900000001,0.249083542,10.76096203,0.35283411299999995,0.106357795,0.049851894,0.43913625100000003,3.4342722739999996,1.4,1.8494250280000002,0.498380462
11/8/1990,117,minute.maid,2624,7.87245515,0,2.99,0.11010272900000001,0.249083542,10.76096203,0.35283411299999995,0.106357795,0.049851894,0.43913625100000003,3.4342722739999996,1.4,1.8494250280000002,0.498380462
11/15/1990,117,minute.maid,24512,10.10691807,1,1.99,0.11010272900000001,0.249083542,10.76096203,0.35283411299999995,0.106357795,0.049851894,0.43913625100000003,3.4342722739999996,1.4,1.8494250280000002,0.498380462
11/22/1990,117,minute.maid,5632,8.636219898,0,1.99,0.11010272900000001,0.249083542,10.76096203,0.35283411299999995,0.106357795,0.049851894,0.43913625100000003,3.4342722739999996,1.4,1.8494250280000002,0.498380462
10/4/1990,117,tropicana,3968,8.286017467999999,1,3.29,0.11010272900000001,0.249083542,10.76096203,0.35283411299999995,0.106357795,0.049851894,0.43913625100000003,3.4342722739999996,1.4,1.8494250280000002,0.498380462
10/11/1990,117,tropicana,5952,8.691482577,0,3.29,0.11010272900000001,0.249083542,10.76096203,0.35283411299999995,0.106357795,0.049851894,0.43913625100000003,3.4342722739999996,1.4,1.8494250280000002,0.498380462
10/18/1990,117,tropicana,2112,7.655390645,0,3.51,0.11010272900000001,0.249083542,10.76096203,0.35283411299999995,0.106357795,0.049851894,0.43913625100000003,3.4342722739999996,1.4,1.8494250280000002,0.498380462
10/25/1990,117,tropicana,4032,8.30201781,0,3.51,0.11010272900000001,0.249083542,10.76096203,0.35283411299999995,0.106357795,0.049851894,0.43913625100000003,3.4342722739999996,1.4,1.8494250280000002,0.498380462
11/1/1990,117,tropicana,3392,8.129174997,0,3.51,0.11010272900000001,0.249083542,10.76096203,0.35283411299999995,0.106357795,0.049851894,0.43913625100000003,3.4342722739999996,1.4,1.8494250280000002,0.498380462
11/8/1990,117,tropicana,1984,7.592870287999999,0,3.51,0.11010272900000001,0.249083542,10.76096203,0.35283411299999995,0.106357795,0.049851894,0.43913625100000003,3.4342722739999996,1.4,1.8494250280000002,0.498380462
11/15/1990,117,tropicana,3072,8.030084094,0,3.66,0.11010272900000001,0.249083542,10.76096203,0.35283411299999995,0.106357795,0.049851894,0.43913625100000003,3.4342722739999996,1.4,1.8494250280000002,0.498380462
11/22/1990,117,tropicana,4800,8.476371197,0,2.99,0.11010272900000001,0.249083542,10.76096203,0.35283411299999995,0.106357795,0.049851894,0.43913625100000003,3.4342722739999996,1.4,1.8494250280000002,0.498380462
10/4/1990,118,dominicks,12288,9.416378455,0,1.79,0.28944237899999997,0.22472588300000002,10.63236378,0.47575277299999996,0.090132827,0.040669145,0.35497746799999996,1.945508831,0.923076923,2.0464885880000003,0.513721734
10/11/1990,118,dominicks,896,6.797940412999999,0,2.49,0.28944237899999997,0.22472588300000002,10.63236378,0.47575277299999996,0.090132827,0.040669145,0.35497746799999996,1.945508831,0.923076923,2.0464885880000003,0.513721734
10/18/1990,118,dominicks,58368,10.97452307,1,1.24,0.28944237899999997,0.22472588300000002,10.63236378,0.47575277299999996,0.090132827,0.040669145,0.35497746799999996,1.945508831,0.923076923,2.0464885880000003,0.513721734
10/25/1990,118,dominicks,1472,7.294377299,0,1.59,0.28944237899999997,0.22472588300000002,10.63236378,0.47575277299999996,0.090132827,0.040669145,0.35497746799999996,1.945508831,0.923076923,2.0464885880000003,0.513721734
11/1/1990,118,dominicks,27456,10.22034,1,1.59,0.28944237899999997,0.22472588300000002,10.63236378,0.47575277299999996,0.090132827,0.040669145,0.35497746799999996,1.945508831,0.923076923,2.0464885880000003,0.513721734
11/8/1990,118,dominicks,24832,10.11988842,0,1.29,0.28944237899999997,0.22472588300000002,10.63236378,0.47575277299999996,0.090132827,0.040669145,0.35497746799999996,1.945508831,0.923076923,2.0464885880000003,0.513721734
11/15/1990,118,dominicks,17024,9.742379392,0,0.99,0.28944237899999997,0.22472588300000002,10.63236378,0.47575277299999996,0.090132827,0.040669145,0.35497746799999996,1.945508831,0.923076923,2.0464885880000003,0.513721734
11/22/1990,118,dominicks,10240,9.234056899,1,1.59,0.28944237899999997,0.22472588300000002,10.63236378,0.47575277299999996,0.090132827,0.040669145,0.35497746799999996,1.945508831,0.923076923,2.0464885880000003,0.513721734
10/4/1990,118,minute.maid,3456,8.14786713,0,2.99,0.28944237899999997,0.22472588300000002,10.63236378,0.47575277299999996,0.090132827,0.040669145,0.35497746799999996,1.945508831,0.923076923,2.0464885880000003,0.513721734
10/11/1990,118,minute.maid,39488,10.58375211,1,1.99,0.28944237899999997,0.22472588300000002,10.63236378,0.47575277299999996,0.090132827,0.040669145,0.35497746799999996,1.945508831,0.923076923,2.0464885880000003,0.513721734
10/18/1990,118,minute.maid,3840,8.253227646000001,0,2.9,0.28944237899999997,0.22472588300000002,10.63236378,0.47575277299999996,0.090132827,0.040669145,0.35497746799999996,1.945508831,0.923076923,2.0464885880000003,0.513721734
10/25/1990,118,minute.maid,3328,8.110126802,0,2.99,0.28944237899999997,0.22472588300000002,10.63236378,0.47575277299999996,0.090132827,0.040669145,0.35497746799999996,1.945508831,0.923076923,2.0464885880000003,0.513721734
11/1/1990,118,minute.maid,30720,10.33266919,1,1.99,0.28944237899999997,0.22472588300000002,10.63236378,0.47575277299999996,0.090132827,0.040669145,0.35497746799999996,1.945508831,0.923076923,2.0464885880000003,0.513721734
11/8/1990,118,minute.maid,3520,8.166216269,0,2.99,0.28944237899999997,0.22472588300000002,10.63236378,0.47575277299999996,0.090132827,0.040669145,0.35497746799999996,1.945508831,0.923076923,2.0464885880000003,0.513721734
11/15/1990,118,minute.maid,37632,10.53561003,1,1.99,0.28944237899999997,0.22472588300000002,10.63236378,0.47575277299999996,0.090132827,0.040669145,0.35497746799999996,1.945508831,0.923076923,2.0464885880000003,0.513721734
11/22/1990,118,minute.maid,14784,9.601300794,0,1.99,0.28944237899999997,0.22472588300000002,10.63236378,0.47575277299999996,0.090132827,0.040669145,0.35497746799999996,1.945508831,0.923076923,2.0464885880000003,0.513721734
10/4/1990,118,tropicana,10688,9.276876896000001,1,3.29,0.28944237899999997,0.22472588300000002,10.63236378,0.47575277299999996,0.090132827,0.040669145,0.35497746799999996,1.945508831,0.923076923,2.0464885880000003,0.513721734
10/11/1990,118,tropicana,6080,8.712759975,0,3.29,0.28944237899999997,0.22472588300000002,10.63236378,0.47575277299999996,0.090132827,0.040669145,0.35497746799999996,1.945508831,0.923076923,2.0464885880000003,0.513721734
10/18/1990,118,tropicana,4288,8.363575702999999,0,3.51,0.28944237899999997,0.22472588300000002,10.63236378,0.47575277299999996,0.090132827,0.040669145,0.35497746799999996,1.945508831,0.923076923,2.0464885880000003,0.513721734
10/25/1990,118,tropicana,4096,8.317766167,0,3.51,0.28944237899999997,0.22472588300000002,10.63236378,0.47575277299999996,0.090132827,0.040669145,0.35497746799999996,1.945508831,0.923076923,2.0464885880000003,0.513721734
11/1/1990,118,tropicana,4672,8.449342525,0,3.51,0.28944237899999997,0.22472588300000002,10.63236378,0.47575277299999996,0.090132827,0.040669145,0.35497746799999996,1.945508831,0.923076923,2.0464885880000003,0.513721734
11/8/1990,118,tropicana,4608,8.435549202,0,3.51,0.28944237899999997,0.22472588300000002,10.63236378,0.47575277299999996,0.090132827,0.040669145,0.35497746799999996,1.945508831,0.923076923,2.0464885880000003,0.513721734
11/15/1990,118,tropicana,5632,8.636219898,0,3.66,0.28944237899999997,0.22472588300000002,10.63236378,0.47575277299999996,0.090132827,0.040669145,0.35497746799999996,1.945508831,0.923076923,2.0464885880000003,0.513721734
11/22/1990,118,tropicana,12032,9.395325046,0,2.99,0.28944237899999997,0.22472588300000002,10.63236378,0.47575277299999996,0.090132827,0.040669145,0.35497746799999996,1.945508831,0.923076923,2.0464885880000003,0.513721734
10/4/1990,119,dominicks,10176,9.227787286,0,1.79,0.121574965,0.279952033,10.75271926,0.45940594100000004,0.089350352,0.049584956,0.462266179,2.213790697,1.153846154,2.71959438,0.722367357
10/11/1990,119,dominicks,1856,7.526178913,0,2.29,0.121574965,0.279952033,10.75271926,0.45940594100000004,0.089350352,0.049584956,0.462266179,2.213790697,1.153846154,2.71959438,0.722367357
10/18/1990,119,dominicks,52096,10.86084345,1,1.14,0.121574965,0.279952033,10.75271926,0.45940594100000004,0.089350352,0.049584956,0.462266179,2.213790697,1.153846154,2.71959438,0.722367357
10/25/1990,119,dominicks,1920,7.560080465,0,1.59,0.121574965,0.279952033,10.75271926,0.45940594100000004,0.089350352,0.049584956,0.462266179,2.213790697,1.153846154,2.71959438,0.722367357
11/1/1990,119,dominicks,10432,9.252633284,1,1.59,0.121574965,0.279952033,10.75271926,0.45940594100000004,0.089350352,0.049584956,0.462266179,2.213790697,1.153846154,2.71959438,0.722367357
11/8/1990,119,dominicks,15872,9.67231183,0,1.29,0.121574965,0.279952033,10.75271926,0.45940594100000004,0.089350352,0.049584956,0.462266179,2.213790697,1.153846154,2.71959438,0.722367357
11/15/1990,119,dominicks,24128,10.09112827,0,0.99,0.121574965,0.279952033,10.75271926,0.45940594100000004,0.089350352,0.049584956,0.462266179,2.213790697,1.153846154,2.71959438,0.722367357
11/22/1990,119,dominicks,11264,9.329367077999999,1,1.59,0.121574965,0.279952033,10.75271926,0.45940594100000004,0.089350352,0.049584956,0.462266179,2.213790697,1.153846154,2.71959438,0.722367357
10/4/1990,119,minute.maid,10112,9.221478116,0,2.62,0.121574965,0.279952033,10.75271926,0.45940594100000004,0.089350352,0.049584956,0.462266179,2.213790697,1.153846154,2.71959438,0.722367357
10/11/1990,119,minute.maid,31808,10.36747311,1,1.99,0.121574965,0.279952033,10.75271926,0.45940594100000004,0.089350352,0.049584956,0.462266179,2.213790697,1.153846154,2.71959438,0.722367357
10/18/1990,119,minute.maid,7936,8.979164649,0,2.31,0.121574965,0.279952033,10.75271926,0.45940594100000004,0.089350352,0.049584956,0.462266179,2.213790697,1.153846154,2.71959438,0.722367357
10/25/1990,119,minute.maid,7104,8.868413285,0,2.62,0.121574965,0.279952033,10.75271926,0.45940594100000004,0.089350352,0.049584956,0.462266179,2.213790697,1.153846154,2.71959438,0.722367357
11/1/1990,119,minute.maid,29504,10.29228113,1,1.99,0.121574965,0.279952033,10.75271926,0.45940594100000004,0.089350352,0.049584956,0.462266179,2.213790697,1.153846154,2.71959438,0.722367357
11/8/1990,119,minute.maid,4864,8.489616424,0,2.62,0.121574965,0.279952033,10.75271926,0.45940594100000004,0.089350352,0.049584956,0.462266179,2.213790697,1.153846154,2.71959438,0.722367357
11/15/1990,119,minute.maid,26560,10.1871616,1,1.99,0.121574965,0.279952033,10.75271926,0.45940594100000004,0.089350352,0.049584956,0.462266179,2.213790697,1.153846154,2.71959438,0.722367357
11/22/1990,119,minute.maid,16064,9.684336023,0,1.99,0.121574965,0.279952033,10.75271926,0.45940594100000004,0.089350352,0.049584956,0.462266179,2.213790697,1.153846154,2.71959438,0.722367357
10/4/1990,119,tropicana,7936,8.979164649,1,3.19,0.121574965,0.279952033,10.75271926,0.45940594100000004,0.089350352,0.049584956,0.462266179,2.213790697,1.153846154,2.71959438,0.722367357
10/11/1990,119,tropicana,6208,8.733594062,0,3.19,0.121574965,0.279952033,10.75271926,0.45940594100000004,0.089350352,0.049584956,0.462266179,2.213790697,1.153846154,2.71959438,0.722367357
10/18/1990,119,tropicana,6336,8.754002933999999,0,3.04,0.121574965,0.279952033,10.75271926,0.45940594100000004,0.089350352,0.049584956,0.462266179,2.213790697,1.153846154,2.71959438,0.722367357
10/25/1990,119,tropicana,7552,8.929567707999999,0,3.04,0.121574965,0.279952033,10.75271926,0.45940594100000004,0.089350352,0.049584956,0.462266179,2.213790697,1.153846154,2.71959438,0.722367357
11/1/1990,119,tropicana,8576,9.056722882999999,0,3.04,0.121574965,0.279952033,10.75271926,0.45940594100000004,0.089350352,0.049584956,0.462266179,2.213790697,1.153846154,2.71959438,0.722367357
11/8/1990,119,tropicana,5824,8.66974259,0,3.04,0.121574965,0.279952033,10.75271926,0.45940594100000004,0.089350352,0.049584956,0.462266179,2.213790697,1.153846154,2.71959438,0.722367357
11/15/1990,119,tropicana,9344,9.142489705,0,3.19,0.121574965,0.279952033,10.75271926,0.45940594100000004,0.089350352,0.049584956,0.462266179,2.213790697,1.153846154,2.71959438,0.722367357
11/22/1990,119,tropicana,10432,9.252633284,0,2.99,0.121574965,0.279952033,10.75271926,0.45940594100000004,0.089350352,0.049584956,0.462266179,2.213790697,1.153846154,2.71959438,0.722367357
