python-sdk/tutorials/automl-with-azureml/forecasting-pipelines/oj-train.csv
WeekStarting,Store,Brand,Quantity,logQuantity,Advert,Price,Age60,COLLEGE,INCOME,Hincome150,Large HH,Minorities,WorkingWoman,SSTRDIST,SSTRVOL,CPDIST5,CPWVOL5
10/4/1990,122,dominicks,14912,9.609921537,0,1.79,0.06195391099999999,0.255889066,10.77505285,0.280446271,0.12583182099999998,0.078372885,0.42586012700000003,2.597516352,0.6,2.752490308,0.238737607
10/11/1990,122,dominicks,4416,8.392989587999999,0,2.29,0.06195391099999999,0.255889066,10.77505285,0.280446271,0.12583182099999998,0.078372885,0.42586012700000003,2.597516352,0.6,2.752490308,0.238737607
10/18/1990,122,dominicks,102144,11.53413886,1,1.14,0.06195391099999999,0.255889066,10.77505285,0.280446271,0.12583182099999998,0.078372885,0.42586012700000003,2.597516352,0.6,2.752490308,0.238737607
10/25/1990,122,dominicks,2944,7.98752448,0,1.59,0.06195391099999999,0.255889066,10.77505285,0.280446271,0.12583182099999998,0.078372885,0.42586012700000003,2.597516352,0.6,2.752490308,0.238737607
11/1/1990,122,dominicks,18304,9.814874893999999,1,1.59,0.06195391099999999,0.255889066,10.77505285,0.280446271,0.12583182099999998,0.078372885,0.42586012700000003,2.597516352,0.6,2.752490308,0.238737607
11/8/1990,122,dominicks,19456,9.875910785,0,1.29,0.06195391099999999,0.255889066,10.77505285,0.280446271,0.12583182099999998,0.078372885,0.42586012700000003,2.597516352,0.6,2.752490308,0.238737607
11/15/1990,122,dominicks,65536,11.09035489,0,0.99,0.06195391099999999,0.255889066,10.77505285,0.280446271,0.12583182099999998,0.078372885,0.42586012700000003,2.597516352,0.6,2.752490308,0.238737607
11/22/1990,122,dominicks,18560,9.828764006,1,1.59,0.06195391099999999,0.255889066,10.77505285,0.280446271,0.12583182099999998,0.078372885,0.42586012700000003,2.597516352,0.6,2.752490308,0.238737607
10/4/1990,122,minute.maid,14592,9.588228712000001,0,2.62,0.06195391099999999,0.255889066,10.77505285,0.280446271,0.12583182099999998,0.078372885,0.42586012700000003,2.597516352,0.6,2.752490308,0.238737607
10/11/1990,122,minute.maid,43648,10.68391274,1,1.99,0.06195391099999999,0.255889066,10.77505285,0.280446271,0.12583182099999998,0.078372885,0.42586012700000003,2.597516352,0.6,2.752490308,0.238737607
10/18/1990,122,minute.maid,6400,8.764053269,0,2.54,0.06195391099999999,0.255889066,10.77505285,0.280446271,0.12583182099999998,0.078372885,0.42586012700000003,2.597516352,0.6,2.752490308,0.238737607
10/25/1990,122,minute.maid,9984,9.208739091,0,2.62,0.06195391099999999,0.255889066,10.77505285,0.280446271,0.12583182099999998,0.078372885,0.42586012700000003,2.597516352,0.6,2.752490308,0.238737607
11/1/1990,122,minute.maid,41344,10.62968259,1,1.99,0.06195391099999999,0.255889066,10.77505285,0.280446271,0.12583182099999998,0.078372885,0.42586012700000003,2.597516352,0.6,2.752490308,0.238737607
11/8/1990,122,minute.maid,7296,8.895081532,0,2.62,0.06195391099999999,0.255889066,10.77505285,0.280446271,0.12583182099999998,0.078372885,0.42586012700000003,2.597516352,0.6,2.752490308,0.238737607
11/15/1990,122,minute.maid,33152,10.40885833,1,1.99,0.06195391099999999,0.255889066,10.77505285,0.280446271,0.12583182099999998,0.078372885,0.42586012700000003,2.597516352,0.6,2.752490308,0.238737607
11/22/1990,122,minute.maid,14336,9.570529135,0,1.99,0.06195391099999999,0.255889066,10.77505285,0.280446271,0.12583182099999998,0.078372885,0.42586012700000003,2.597516352,0.6,2.752490308,0.238737607
10/4/1990,122,tropicana,14080,9.55251063,1,3.19,0.06195391099999999,0.255889066,10.77505285,0.280446271,0.12583182099999998,0.078372885,0.42586012700000003,2.597516352,0.6,2.752490308,0.238737607
10/11/1990,122,tropicana,10240,9.234056899,0,3.19,0.06195391099999999,0.255889066,10.77505285,0.280446271,0.12583182099999998,0.078372885,0.42586012700000003,2.597516352,0.6,2.752490308,0.238737607
10/18/1990,122,tropicana,6656,8.803273982999999,0,3.19,0.06195391099999999,0.255889066,10.77505285,0.280446271,0.12583182099999998,0.078372885,0.42586012700000003,2.597516352,0.6,2.752490308,0.238737607
10/25/1990,122,tropicana,9088,9.114710141,0,3.19,0.06195391099999999,0.255889066,10.77505285,0.280446271,0.12583182099999998,0.078372885,0.42586012700000003,2.597516352,0.6,2.752490308,0.238737607
11/1/1990,122,tropicana,6656,8.803273982999999,0,3.19,0.06195391099999999,0.255889066,10.77505285,0.280446271,0.12583182099999998,0.078372885,0.42586012700000003,2.597516352,0.6,2.752490308,0.238737607
11/8/1990,122,tropicana,13312,9.496421162999999,0,3.19,0.06195391099999999,0.255889066,10.77505285,0.280446271,0.12583182099999998,0.078372885,0.42586012700000003,2.597516352,0.6,2.752490308,0.238737607
11/15/1990,122,tropicana,19392,9.872615889,0,3.19,0.06195391099999999,0.255889066,10.77505285,0.280446271,0.12583182099999998,0.078372885,0.42586012700000003,2.597516352,0.6,2.752490308,0.238737607
11/22/1990,122,tropicana,16448,9.707959168,0,2.99,0.06195391099999999,0.255889066,10.77505285,0.280446271,0.12583182099999998,0.078372885,0.42586012700000003,2.597516352,0.6,2.752490308,0.238737607
10/4/1990,124,dominicks,3840,8.253227646000001,0,1.79,0.119625811,0.261875835,10.25895677,0.41631558799999996,0.12494986,0.572355861,0.34851856200000003,6.328746874,0.727272727,1.793795763,0.20216894600000002
10/11/1990,124,dominicks,2368,7.769800996,0,2.69,0.119625811,0.261875835,10.25895677,0.41631558799999996,0.12494986,0.572355861,0.34851856200000003,6.328746874,0.727272727,1.793795763,0.20216894600000002
10/18/1990,124,dominicks,121280,11.705857199999999,1,1.24,0.119625811,0.261875835,10.25895677,0.41631558799999996,0.12494986,0.572355861,0.34851856200000003,6.328746874,0.727272727,1.793795763,0.20216894600000002
10/25/1990,124,dominicks,3584,8.184234774,0,1.59,0.119625811,0.261875835,10.25895677,0.41631558799999996,0.12494986,0.572355861,0.34851856200000003,6.328746874,0.727272727,1.793795763,0.20216894600000002
11/1/1990,124,dominicks,45120,10.71708089,1,1.59,0.119625811,0.261875835,10.25895677,0.41631558799999996,0.12494986,0.572355861,0.34851856200000003,6.328746874,0.727272727,1.793795763,0.20216894600000002
11/8/1990,124,dominicks,10688,9.276876896000001,0,1.29,0.119625811,0.261875835,10.25895677,0.41631558799999996,0.12494986,0.572355861,0.34851856200000003,6.328746874,0.727272727,1.793795763,0.20216894600000002
11/15/1990,124,dominicks,16512,9.711842668,0,0.99,0.119625811,0.261875835,10.25895677,0.41631558799999996,0.12494986,0.572355861,0.34851856200000003,6.328746874,0.727272727,1.793795763,0.20216894600000002
11/22/1990,124,dominicks,19776,9.89222436,1,1.59,0.119625811,0.261875835,10.25895677,0.41631558799999996,0.12494986,0.572355861,0.34851856200000003,6.328746874,0.727272727,1.793795763,0.20216894600000002
10/4/1990,124,minute.maid,11328,9.335032816,0,3.17,0.119625811,0.261875835,10.25895677,0.41631558799999996,0.12494986,0.572355861,0.34851856200000003,6.328746874,0.727272727,1.793795763,0.20216894600000002
10/11/1990,124,minute.maid,62080,11.03617916,1,1.99,0.119625811,0.261875835,10.25895677,0.41631558799999996,0.12494986,0.572355861,0.34851856200000003,6.328746874,0.727272727,1.793795763,0.20216894600000002
10/18/1990,124,minute.maid,7744,8.954673629,0,2.73,0.119625811,0.261875835,10.25895677,0.41631558799999996,0.12494986,0.572355861,0.34851856200000003,6.328746874,0.727272727,1.793795763,0.20216894600000002
10/25/1990,124,minute.maid,3520,8.166216269,0,3.17,0.119625811,0.261875835,10.25895677,0.41631558799999996,0.12494986,0.572355861,0.34851856200000003,6.328746874,0.727272727,1.793795763,0.20216894600000002
11/1/1990,124,minute.maid,44864,10.71139097,1,1.99,0.119625811,0.261875835,10.25895677,0.41631558799999996,0.12494986,0.572355861,0.34851856200000003,6.328746874,0.727272727,1.793795763,0.20216894600000002
11/8/1990,124,minute.maid,4480,8.407378325,0,3.17,0.119625811,0.261875835,10.25895677,0.41631558799999996,0.12494986,0.572355861,0.34851856200000003,6.328746874,0.727272727,1.793795763,0.20216894600000002
11/15/1990,124,minute.maid,65280,11.08644099,1,1.99,0.119625811,0.261875835,10.25895677,0.41631558799999996,0.12494986,0.572355861,0.34851856200000003,6.328746874,0.727272727,1.793795763,0.20216894600000002
11/22/1990,124,minute.maid,14016,9.547954812999999,0,1.99,0.119625811,0.261875835,10.25895677,0.41631558799999996,0.12494986,0.572355861,0.34851856200000003,6.328746874,0.727272727,1.793795763,0.20216894600000002
10/4/1990,124,tropicana,17920,9.793672686,1,2.99,0.119625811,0.261875835,10.25895677,0.41631558799999996,0.12494986,0.572355861,0.34851856200000003,6.328746874,0.727272727,1.793795763,0.20216894600000002
10/11/1990,124,tropicana,9152,9.121727714,0,2.99,0.119625811,0.261875835,10.25895677,0.41631558799999996,0.12494986,0.572355861,0.34851856200000003,6.328746874,0.727272727,1.793795763,0.20216894600000002
10/18/1990,124,tropicana,11072,9.312174678,0,2.99,0.119625811,0.261875835,10.25895677,0.41631558799999996,0.12494986,0.572355861,0.34851856200000003,6.328746874,0.727272727,1.793795763,0.20216894600000002
10/25/1990,124,tropicana,7040,8.859363449,0,3.87,0.119625811,0.261875835,10.25895677,0.41631558799999996,0.12494986,0.572355861,0.34851856200000003,6.328746874,0.727272727,1.793795763,0.20216894600000002
11/1/1990,124,tropicana,4224,8.348537825,0,3.87,0.119625811,0.261875835,10.25895677,0.41631558799999996,0.12494986,0.572355861,0.34851856200000003,6.328746874,0.727272727,1.793795763,0.20216894600000002
11/8/1990,124,tropicana,6272,8.743850562,0,3.87,0.119625811,0.261875835,10.25895677,0.41631558799999996,0.12494986,0.572355861,0.34851856200000003,6.328746874,0.727272727,1.793795763,0.20216894600000002
11/15/1990,124,tropicana,7872,8.971067439,0,3.87,0.119625811,0.261875835,10.25895677,0.41631558799999996,0.12494986,0.572355861,0.34851856200000003,6.328746874,0.727272727,1.793795763,0.20216894600000002
11/22/1990,124,tropicana,18304,9.814874893999999,0,2.99,0.119625811,0.261875835,10.25895677,0.41631558799999996,0.12494986,0.572355861,0.34851856200000003,6.328746874,0.727272727,1.793795763,0.20216894600000002
10/4/1990,126,dominicks,5376,8.589699882,0,1.79,0.10700227300000001,0.413222417,10.980876199999999,0.5736263739999999,0.113699475,0.045018573,0.42195928299999996,5.065200839,1.69047619,1.858260236,0.717799295
10/11/1990,126,dominicks,1152,7.049254841000001,0,2.49,0.10700227300000001,0.413222417,10.980876199999999,0.5736263739999999,0.113699475,0.045018573,0.42195928299999996,5.065200839,1.69047619,1.858260236,0.717799295
10/18/1990,126,dominicks,66432,11.10393415,1,1.24,0.10700227300000001,0.413222417,10.980876199999999,0.5736263739999999,0.113699475,0.045018573,0.42195928299999996,5.065200839,1.69047619,1.858260236,0.717799295
10/25/1990,126,dominicks,768,6.643789732999999,0,1.59,0.10700227300000001,0.413222417,10.980876199999999,0.5736263739999999,0.113699475,0.045018573,0.42195928299999996,5.065200839,1.69047619,1.858260236,0.717799295
11/1/1990,126,dominicks,8000,8.987196821,1,1.59,0.10700227300000001,0.413222417,10.980876199999999,0.5736263739999999,0.113699475,0.045018573,0.42195928299999996,5.065200839,1.69047619,1.858260236,0.717799295
11/8/1990,126,dominicks,11136,9.317938383,0,1.29,0.10700227300000001,0.413222417,10.980876199999999,0.5736263739999999,0.113699475,0.045018573,0.42195928299999996,5.065200839,1.69047619,1.858260236,0.717799295
11/15/1990,126,dominicks,25344,10.140297300000002,0,0.99,0.10700227300000001,0.413222417,10.980876199999999,0.5736263739999999,0.113699475,0.045018573,0.42195928299999996,5.065200839,1.69047619,1.858260236,0.717799295
11/22/1990,126,dominicks,11136,9.317938383,1,1.59,0.10700227300000001,0.413222417,10.980876199999999,0.5736263739999999,0.113699475,0.045018573,0.42195928299999996,5.065200839,1.69047619,1.858260236,0.717799295
10/4/1990,126,minute.maid,7488,8.921057017999999,0,2.99,0.10700227300000001,0.413222417,10.980876199999999,0.5736263739999999,0.113699475,0.045018573,0.42195928299999996,5.065200839,1.69047619,1.858260236,0.717799295
10/11/1990,126,minute.maid,34368,10.44488118,1,1.99,0.10700227300000001,0.413222417,10.980876199999999,0.5736263739999999,0.113699475,0.045018573,0.42195928299999996,5.065200839,1.69047619,1.858260236,0.717799295
10/18/1990,126,minute.maid,4736,8.462948177000001,0,2.67,0.10700227300000001,0.413222417,10.980876199999999,0.5736263739999999,0.113699475,0.045018573,0.42195928299999996,5.065200839,1.69047619,1.858260236,0.717799295
10/25/1990,126,minute.maid,3136,8.050703382,0,2.99,0.10700227300000001,0.413222417,10.980876199999999,0.5736263739999999,0.113699475,0.045018573,0.42195928299999996,5.065200839,1.69047619,1.858260236,0.717799295
11/1/1990,126,minute.maid,36352,10.5010045,1,1.99,0.10700227300000001,0.413222417,10.980876199999999,0.5736263739999999,0.113699475,0.045018573,0.42195928299999996,5.065200839,1.69047619,1.858260236,0.717799295
11/8/1990,126,minute.maid,3520,8.166216269,0,2.99,0.10700227300000001,0.413222417,10.980876199999999,0.5736263739999999,0.113699475,0.045018573,0.42195928299999996,5.065200839,1.69047619,1.858260236,0.717799295
11/15/1990,126,minute.maid,35136,10.46698153,1,1.99,0.10700227300000001,0.413222417,10.980876199999999,0.5736263739999999,0.113699475,0.045018573,0.42195928299999996,5.065200839,1.69047619,1.858260236,0.717799295
11/22/1990,126,minute.maid,8064,8.99516499,0,1.99,0.10700227300000001,0.413222417,10.980876199999999,0.5736263739999999,0.113699475,0.045018573,0.42195928299999996,5.065200839,1.69047619,1.858260236,0.717799295
10/4/1990,126,tropicana,8704,9.071537969,1,3.29,0.10700227300000001,0.413222417,10.980876199999999,0.5736263739999999,0.113699475,0.045018573,0.42195928299999996,5.065200839,1.69047619,1.858260236,0.717799295
10/11/1990,126,tropicana,5952,8.691482577,0,3.29,0.10700227300000001,0.413222417,10.980876199999999,0.5736263739999999,0.113699475,0.045018573,0.42195928299999996,5.065200839,1.69047619,1.858260236,0.717799295
10/18/1990,126,tropicana,4800,8.476371197,0,3.51,0.10700227300000001,0.413222417,10.980876199999999,0.5736263739999999,0.113699475,0.045018573,0.42195928299999996,5.065200839,1.69047619,1.858260236,0.717799295
10/25/1990,126,tropicana,3520,8.166216269,0,3.51,0.10700227300000001,0.413222417,10.980876199999999,0.5736263739999999,0.113699475,0.045018573,0.42195928299999996,5.065200839,1.69047619,1.858260236,0.717799295
11/1/1990,126,tropicana,3136,8.050703382,0,3.51,0.10700227300000001,0.413222417,10.980876199999999,0.5736263739999999,0.113699475,0.045018573,0.42195928299999996,5.065200839,1.69047619,1.858260236,0.717799295
11/8/1990,126,tropicana,3712,8.219326094,0,3.51,0.10700227300000001,0.413222417,10.980876199999999,0.5736263739999999,0.113699475,0.045018573,0.42195928299999996,5.065200839,1.69047619,1.858260236,0.717799295
11/15/1990,126,tropicana,7488,8.921057017999999,0,3.66,0.10700227300000001,0.413222417,10.980876199999999,0.5736263739999999,0.113699475,0.045018573,0.42195928299999996,5.065200839,1.69047619,1.858260236,0.717799295
11/22/1990,126,tropicana,13888,9.538780437,0,2.99,0.10700227300000001,0.413222417,10.980876199999999,0.5736263739999999,0.113699475,0.045018573,0.42195928299999996,5.065200839,1.69047619,1.858260236,0.717799295
10/4/1990,128,dominicks,7936,8.979164649,0,1.79,0.157485189,0.21189689399999997,10.15342882,0.26618705,0.100043497,0.355911221,0.39825119200000003,10.6674474,2.0,1.409463486,0.259004207
10/11/1990,128,dominicks,2560,7.847762538,0,2.69,0.157485189,0.21189689399999997,10.15342882,0.26618705,0.100043497,0.355911221,0.39825119200000003,10.6674474,2.0,1.409463486,0.259004207
10/18/1990,128,dominicks,140480,11.85282041,1,1.24,0.157485189,0.21189689399999997,10.15342882,0.26618705,0.100043497,0.355911221,0.39825119200000003,10.6674474,2.0,1.409463486,0.259004207
10/25/1990,128,dominicks,1664,7.416979621,0,1.59,0.157485189,0.21189689399999997,10.15342882,0.26618705,0.100043497,0.355911221,0.39825119200000003,10.6674474,2.0,1.409463486,0.259004207
11/1/1990,128,dominicks,33984,10.43364511,1,1.59,0.157485189,0.21189689399999997,10.15342882,0.26618705,0.100043497,0.355911221,0.39825119200000003,10.6674474,2.0,1.409463486,0.259004207
11/8/1990,128,dominicks,22592,10.02535114,0,1.29,0.157485189,0.21189689399999997,10.15342882,0.26618705,0.100043497,0.355911221,0.39825119200000003,10.6674474,2.0,1.409463486,0.259004207
11/15/1990,128,dominicks,69184,11.1445249,0,0.99,0.157485189,0.21189689399999997,10.15342882,0.26618705,0.100043497,0.355911221,0.39825119200000003,10.6674474,2.0,1.409463486,0.259004207
11/22/1990,128,dominicks,29824,10.30306872,1,1.59,0.157485189,0.21189689399999997,10.15342882,0.26618705,0.100043497,0.355911221,0.39825119200000003,10.6674474,2.0,1.409463486,0.259004207
