python-sdk/tutorials/automl-with-azureml/forecasting-pipelines/oj-train.csv
WeekStarting,Store,Brand,Quantity,logQuantity,Advert,Price,Age60,COLLEGE,INCOME,Hincome150,Large HH,Minorities,WorkingWoman,SSTRDIST,SSTRVOL,CPDIST5,CPWVOL5
10/4/1990,128,minute.maid,27648,10.22730867,0,3.17,0.157485189,0.21189689399999997,10.15342882,0.26618705,0.100043497,0.355911221,0.39825119200000003,10.6674474,2.0,1.409463486,0.259004207
10/11/1990,128,minute.maid,76032,11.23890958,1,1.99,0.157485189,0.21189689399999997,10.15342882,0.26618705,0.100043497,0.355911221,0.39825119200000003,10.6674474,2.0,1.409463486,0.259004207
10/18/1990,128,minute.maid,14848,9.605620455,0,2.44,0.157485189,0.21189689399999997,10.15342882,0.26618705,0.100043497,0.355911221,0.39825119200000003,10.6674474,2.0,1.409463486,0.259004207
10/25/1990,128,minute.maid,6336,8.754002933999999,0,3.17,0.157485189,0.21189689399999997,10.15342882,0.26618705,0.100043497,0.355911221,0.39825119200000003,10.6674474,2.0,1.409463486,0.259004207
11/1/1990,128,minute.maid,68480,11.13429701,1,1.99,0.157485189,0.21189689399999997,10.15342882,0.26618705,0.100043497,0.355911221,0.39825119200000003,10.6674474,2.0,1.409463486,0.259004207
11/8/1990,128,minute.maid,4928,8.502688505,0,3.17,0.157485189,0.21189689399999997,10.15342882,0.26618705,0.100043497,0.355911221,0.39825119200000003,10.6674474,2.0,1.409463486,0.259004207
11/15/1990,128,minute.maid,88128,11.38654558,1,1.99,0.157485189,0.21189689399999997,10.15342882,0.26618705,0.100043497,0.355911221,0.39825119200000003,10.6674474,2.0,1.409463486,0.259004207
11/22/1990,128,minute.maid,20352,9.920934466,0,1.99,0.157485189,0.21189689399999997,10.15342882,0.26618705,0.100043497,0.355911221,0.39825119200000003,10.6674474,2.0,1.409463486,0.259004207
10/4/1990,128,tropicana,33408,10.41655067,1,2.99,0.157485189,0.21189689399999997,10.15342882,0.26618705,0.100043497,0.355911221,0.39825119200000003,10.6674474,2.0,1.409463486,0.259004207
10/11/1990,128,tropicana,15424,9.643680017000001,0,2.99,0.157485189,0.21189689399999997,10.15342882,0.26618705,0.100043497,0.355911221,0.39825119200000003,10.6674474,2.0,1.409463486,0.259004207
10/18/1990,128,tropicana,16832,9.731037116,0,2.99,0.157485189,0.21189689399999997,10.15342882,0.26618705,0.100043497,0.355911221,0.39825119200000003,10.6674474,2.0,1.409463486,0.259004207
10/25/1990,128,tropicana,9536,9.162829389,0,3.87,0.157485189,0.21189689399999997,10.15342882,0.26618705,0.100043497,0.355911221,0.39825119200000003,10.6674474,2.0,1.409463486,0.259004207
11/1/1990,128,tropicana,8320,9.026417534,0,3.87,0.157485189,0.21189689399999997,10.15342882,0.26618705,0.100043497,0.355911221,0.39825119200000003,10.6674474,2.0,1.409463486,0.259004207
11/8/1990,128,tropicana,9152,9.121727714,0,3.87,0.157485189,0.21189689399999997,10.15342882,0.26618705,0.100043497,0.355911221,0.39825119200000003,10.6674474,2.0,1.409463486,0.259004207
11/15/1990,128,tropicana,15296,9.635346635,0,3.87,0.157485189,0.21189689399999997,10.15342882,0.26618705,0.100043497,0.355911221,0.39825119200000003,10.6674474,2.0,1.409463486,0.259004207
11/22/1990,128,tropicana,30464,10.32430094,0,2.99,0.157485189,0.21189689399999997,10.15342882,0.26618705,0.100043497,0.355911221,0.39825119200000003,10.6674474,2.0,1.409463486,0.259004207
10/4/1990,129,dominicks,8128,9.00307017,0,1.79,0.103412869,0.307842548,10.99986401,0.6914398279999999,0.122080527,0.034128692,0.36787644799999997,7.082314817,1.041666667,2.65687913,0.342210744
10/11/1990,129,dominicks,576,6.356107661,0,2.49,0.103412869,0.307842548,10.99986401,0.6914398279999999,0.122080527,0.034128692,0.36787644799999997,7.082314817,1.041666667,2.65687913,0.342210744
10/18/1990,129,dominicks,51072,10.84099168,1,1.24,0.103412869,0.307842548,10.99986401,0.6914398279999999,0.122080527,0.034128692,0.36787644799999997,7.082314817,1.041666667,2.65687913,0.342210744
10/25/1990,129,dominicks,768,6.643789732999999,0,1.59,0.103412869,0.307842548,10.99986401,0.6914398279999999,0.122080527,0.034128692,0.36787644799999997,7.082314817,1.041666667,2.65687913,0.342210744
11/1/1990,129,dominicks,15424,9.643680017000001,1,1.59,0.103412869,0.307842548,10.99986401,0.6914398279999999,0.122080527,0.034128692,0.36787644799999997,7.082314817,1.041666667,2.65687913,0.342210744
11/8/1990,129,dominicks,12288,9.416378455,0,1.29,0.103412869,0.307842548,10.99986401,0.6914398279999999,0.122080527,0.034128692,0.36787644799999997,7.082314817,1.041666667,2.65687913,0.342210744
11/15/1990,129,dominicks,26816,10.196753999999999,0,0.99,0.103412869,0.307842548,10.99986401,0.6914398279999999,0.122080527,0.034128692,0.36787644799999997,7.082314817,1.041666667,2.65687913,0.342210744
11/22/1990,129,dominicks,10176,9.227787286,1,1.59,0.103412869,0.307842548,10.99986401,0.6914398279999999,0.122080527,0.034128692,0.36787644799999997,7.082314817,1.041666667,2.65687913,0.342210744
10/4/1990,129,minute.maid,8704,9.071537969,0,2.99,0.103412869,0.307842548,10.99986401,0.6914398279999999,0.122080527,0.034128692,0.36787644799999997,7.082314817,1.041666667,2.65687913,0.342210744
10/11/1990,129,minute.maid,28672,10.26367632,1,1.99,0.103412869,0.307842548,10.99986401,0.6914398279999999,0.122080527,0.034128692,0.36787644799999997,7.082314817,1.041666667,2.65687913,0.342210744
10/18/1990,129,minute.maid,8384,9.034080407000001,0,2.59,0.103412869,0.307842548,10.99986401,0.6914398279999999,0.122080527,0.034128692,0.36787644799999997,7.082314817,1.041666667,2.65687913,0.342210744
10/25/1990,129,minute.maid,4544,8.42156296,0,2.99,0.103412869,0.307842548,10.99986401,0.6914398279999999,0.122080527,0.034128692,0.36787644799999997,7.082314817,1.041666667,2.65687913,0.342210744
11/1/1990,129,minute.maid,23424,10.06151642,1,1.99,0.103412869,0.307842548,10.99986401,0.6914398279999999,0.122080527,0.034128692,0.36787644799999997,7.082314817,1.041666667,2.65687913,0.342210744
11/8/1990,129,minute.maid,4096,8.317766167,0,2.99,0.103412869,0.307842548,10.99986401,0.6914398279999999,0.122080527,0.034128692,0.36787644799999997,7.082314817,1.041666667,2.65687913,0.342210744
11/15/1990,129,minute.maid,32704,10.39525267,1,1.99,0.103412869,0.307842548,10.99986401,0.6914398279999999,0.122080527,0.034128692,0.36787644799999997,7.082314817,1.041666667,2.65687913,0.342210744
11/22/1990,129,minute.maid,17856,9.790094865,0,1.99,0.103412869,0.307842548,10.99986401,0.6914398279999999,0.122080527,0.034128692,0.36787644799999997,7.082314817,1.041666667,2.65687913,0.342210744
10/4/1990,129,tropicana,7168,8.877381955,1,3.29,0.103412869,0.307842548,10.99986401,0.6914398279999999,0.122080527,0.034128692,0.36787644799999997,7.082314817,1.041666667,2.65687913,0.342210744
10/11/1990,129,tropicana,5824,8.66974259,0,3.29,0.103412869,0.307842548,10.99986401,0.6914398279999999,0.122080527,0.034128692,0.36787644799999997,7.082314817,1.041666667,2.65687913,0.342210744
10/18/1990,129,tropicana,5056,8.528330936,0,3.45,0.103412869,0.307842548,10.99986401,0.6914398279999999,0.122080527,0.034128692,0.36787644799999997,7.082314817,1.041666667,2.65687913,0.342210744
10/25/1990,129,tropicana,5696,8.647519453,0,3.45,0.103412869,0.307842548,10.99986401,0.6914398279999999,0.122080527,0.034128692,0.36787644799999997,7.082314817,1.041666667,2.65687913,0.342210744
11/1/1990,129,tropicana,5312,8.577723691000001,0,3.45,0.103412869,0.307842548,10.99986401,0.6914398279999999,0.122080527,0.034128692,0.36787644799999997,7.082314817,1.041666667,2.65687913,0.342210744
11/8/1990,129,tropicana,4352,8.378390789,0,3.45,0.103412869,0.307842548,10.99986401,0.6914398279999999,0.122080527,0.034128692,0.36787644799999997,7.082314817,1.041666667,2.65687913,0.342210744
11/15/1990,129,tropicana,9728,9.182763604,0,3.45,0.103412869,0.307842548,10.99986401,0.6914398279999999,0.122080527,0.034128692,0.36787644799999997,7.082314817,1.041666667,2.65687913,0.342210744
11/22/1990,129,tropicana,10240,9.234056899,0,2.99,0.103412869,0.307842548,10.99986401,0.6914398279999999,0.122080527,0.034128692,0.36787644799999997,7.082314817,1.041666667,2.65687913,0.342210744
10/4/1990,130,dominicks,11776,9.373818841,0,1.79,0.145117314,0.143406846,9.966650127000001,0.080565371,0.111081513,0.9848963190000001,0.33702974399999996,17.85595081,1.636363636,0.9518155759999999,0.094561751
10/11/1990,130,dominicks,2560,7.847762538,0,2.69,0.145117314,0.143406846,9.966650127000001,0.080565371,0.111081513,0.9848963190000001,0.33702974399999996,17.85595081,1.636363636,0.9518155759999999,0.094561751
10/18/1990,130,dominicks,186368,12.13547849,1,1.24,0.145117314,0.143406846,9.966650127000001,0.080565371,0.111081513,0.9848963190000001,0.33702974399999996,17.85595081,1.636363636,0.9518155759999999,0.094561751
10/25/1990,130,dominicks,41216,10.62658181,0,1.59,0.145117314,0.143406846,9.966650127000001,0.080565371,0.111081513,0.9848963190000001,0.33702974399999996,17.85595081,1.636363636,0.9518155759999999,0.094561751
11/1/1990,130,dominicks,45440,10.72414805,1,1.59,0.145117314,0.143406846,9.966650127000001,0.080565371,0.111081513,0.9848963190000001,0.33702974399999996,17.85595081,1.636363636,0.9518155759999999,0.094561751
11/8/1990,130,dominicks,70656,11.16557831,0,1.29,0.145117314,0.143406846,9.966650127000001,0.080565371,0.111081513,0.9848963190000001,0.33702974399999996,17.85595081,1.636363636,0.9518155759999999,0.094561751
11/15/1990,130,dominicks,82048,11.31505972,0,0.99,0.145117314,0.143406846,9.966650127000001,0.080565371,0.111081513,0.9848963190000001,0.33702974399999996,17.85595081,1.636363636,0.9518155759999999,0.094561751
11/22/1990,130,dominicks,56448,10.94107514,1,1.59,0.145117314,0.143406846,9.966650127000001,0.080565371,0.111081513,0.9848963190000001,0.33702974399999996,17.85595081,1.636363636,0.9518155759999999,0.094561751
10/4/1990,130,minute.maid,9536,9.162829389,0,3.17,0.145117314,0.143406846,9.966650127000001,0.080565371,0.111081513,0.9848963190000001,0.33702974399999996,17.85595081,1.636363636,0.9518155759999999,0.094561751
10/11/1990,130,minute.maid,57856,10.96571244,1,1.99,0.145117314,0.143406846,9.966650127000001,0.080565371,0.111081513,0.9848963190000001,0.33702974399999996,17.85595081,1.636363636,0.9518155759999999,0.094561751
10/18/1990,130,minute.maid,4736,8.462948177000001,0,2.8,0.145117314,0.143406846,9.966650127000001,0.080565371,0.111081513,0.9848963190000001,0.33702974399999996,17.85595081,1.636363636,0.9518155759999999,0.094561751
10/25/1990,130,minute.maid,2496,7.82244473,0,3.17,0.145117314,0.143406846,9.966650127000001,0.080565371,0.111081513,0.9848963190000001,0.33702974399999996,17.85595081,1.636363636,0.9518155759999999,0.094561751
11/1/1990,130,minute.maid,50240,10.824566800000001,1,1.99,0.145117314,0.143406846,9.966650127000001,0.080565371,0.111081513,0.9848963190000001,0.33702974399999996,17.85595081,1.636363636,0.9518155759999999,0.094561751
11/8/1990,130,minute.maid,2368,7.769800996,0,3.17,0.145117314,0.143406846,9.966650127000001,0.080565371,0.111081513,0.9848963190000001,0.33702974399999996,17.85595081,1.636363636,0.9518155759999999,0.094561751
11/15/1990,130,minute.maid,69824,11.15373307,1,1.99,0.145117314,0.143406846,9.966650127000001,0.080565371,0.111081513,0.9848963190000001,0.33702974399999996,17.85595081,1.636363636,0.9518155759999999,0.094561751
11/22/1990,130,minute.maid,9984,9.208739091,0,1.99,0.145117314,0.143406846,9.966650127000001,0.080565371,0.111081513,0.9848963190000001,0.33702974399999996,17.85595081,1.636363636,0.9518155759999999,0.094561751
10/4/1990,130,tropicana,6912,8.841014311,1,3.29,0.145117314,0.143406846,9.966650127000001,0.080565371,0.111081513,0.9848963190000001,0.33702974399999996,17.85595081,1.636363636,0.9518155759999999,0.094561751
10/11/1990,130,tropicana,4224,8.348537825,0,3.29,0.145117314,0.143406846,9.966650127000001,0.080565371,0.111081513,0.9848963190000001,0.33702974399999996,17.85595081,1.636363636,0.9518155759999999,0.094561751
10/18/1990,130,tropicana,3712,8.219326094,0,3.56,0.145117314,0.143406846,9.966650127000001,0.080565371,0.111081513,0.9848963190000001,0.33702974399999996,17.85595081,1.636363636,0.9518155759999999,0.094561751
10/25/1990,130,tropicana,4736,8.462948177000001,0,3.56,0.145117314,0.143406846,9.966650127000001,0.080565371,0.111081513,0.9848963190000001,0.33702974399999996,17.85595081,1.636363636,0.9518155759999999,0.094561751
11/1/1990,130,tropicana,2560,7.847762538,0,3.56,0.145117314,0.143406846,9.966650127000001,0.080565371,0.111081513,0.9848963190000001,0.33702974399999996,17.85595081,1.636363636,0.9518155759999999,0.094561751
11/8/1990,130,tropicana,2240,7.714231145,0,3.56,0.145117314,0.143406846,9.966650127000001,0.080565371,0.111081513,0.9848963190000001,0.33702974399999996,17.85595081,1.636363636,0.9518155759999999,0.094561751
11/15/1990,130,tropicana,4544,8.42156296,0,3.87,0.145117314,0.143406846,9.966650127000001,0.080565371,0.111081513,0.9848963190000001,0.33702974399999996,17.85595081,1.636363636,0.9518155759999999,0.094561751
11/22/1990,130,tropicana,8128,9.00307017,0,2.99,0.145117314,0.143406846,9.966650127000001,0.080565371,0.111081513,0.9848963190000001,0.33702974399999996,17.85595081,1.636363636,0.9518155759999999,0.094561751
10/4/1990,131,dominicks,12416,9.426741242,0,1.79,0.17065481,0.2713958,10.79353697,0.455995496,0.090100341,0.074656427,0.414841412,3.1597281919999998,0.625,1.49003586,0.38322678600000004
10/11/1990,131,dominicks,2944,7.98752448,0,2.49,0.17065481,0.2713958,10.79353697,0.455995496,0.090100341,0.074656427,0.414841412,3.1597281919999998,0.625,1.49003586,0.38322678600000004
10/18/1990,131,dominicks,78400,11.26957921,1,1.24,0.17065481,0.2713958,10.79353697,0.455995496,0.090100341,0.074656427,0.414841412,3.1597281919999998,0.625,1.49003586,0.38322678600000004
10/25/1990,131,dominicks,2752,7.920083199,0,1.59,0.17065481,0.2713958,10.79353697,0.455995496,0.090100341,0.074656427,0.414841412,3.1597281919999998,0.625,1.49003586,0.38322678600000004
11/1/1990,131,dominicks,19136,9.859326657,1,1.59,0.17065481,0.2713958,10.79353697,0.455995496,0.090100341,0.074656427,0.414841412,3.1597281919999998,0.625,1.49003586,0.38322678600000004
11/8/1990,131,dominicks,14144,9.557045785,0,1.29,0.17065481,0.2713958,10.79353697,0.455995496,0.090100341,0.074656427,0.414841412,3.1597281919999998,0.625,1.49003586,0.38322678600000004
11/15/1990,131,dominicks,62080,11.03617916,0,0.99,0.17065481,0.2713958,10.79353697,0.455995496,0.090100341,0.074656427,0.414841412,3.1597281919999998,0.625,1.49003586,0.38322678600000004
11/22/1990,131,dominicks,14400,9.574983486,1,1.59,0.17065481,0.2713958,10.79353697,0.455995496,0.090100341,0.074656427,0.414841412,3.1597281919999998,0.625,1.49003586,0.38322678600000004
10/4/1990,131,minute.maid,13440,9.505990614,0,2.99,0.17065481,0.2713958,10.79353697,0.455995496,0.090100341,0.074656427,0.414841412,3.1597281919999998,0.625,1.49003586,0.38322678600000004
10/11/1990,131,minute.maid,38976,10.57070135,1,1.99,0.17065481,0.2713958,10.79353697,0.455995496,0.090100341,0.074656427,0.414841412,3.1597281919999998,0.625,1.49003586,0.38322678600000004
10/18/1990,131,minute.maid,9600,9.169518378,0,2.47,0.17065481,0.2713958,10.79353697,0.455995496,0.090100341,0.074656427,0.414841412,3.1597281919999998,0.625,1.49003586,0.38322678600000004
10/25/1990,131,minute.maid,7360,8.903815212,0,2.99,0.17065481,0.2713958,10.79353697,0.455995496,0.090100341,0.074656427,0.414841412,3.1597281919999998,0.625,1.49003586,0.38322678600000004
11/1/1990,131,minute.maid,64256,11.07063038,1,1.71,0.17065481,0.2713958,10.79353697,0.455995496,0.090100341,0.074656427,0.414841412,3.1597281919999998,0.625,1.49003586,0.38322678600000004
11/8/1990,131,minute.maid,5120,8.540909718,0,2.99,0.17065481,0.2713958,10.79353697,0.455995496,0.090100341,0.074656427,0.414841412,3.1597281919999998,0.625,1.49003586,0.38322678600000004
11/15/1990,131,minute.maid,27328,10.215667100000001,1,1.99,0.17065481,0.2713958,10.79353697,0.455995496,0.090100341,0.074656427,0.414841412,3.1597281919999998,0.625,1.49003586,0.38322678600000004
11/22/1990,131,minute.maid,11136,9.317938383,0,1.99,0.17065481,0.2713958,10.79353697,0.455995496,0.090100341,0.074656427,0.414841412,3.1597281919999998,0.625,1.49003586,0.38322678600000004
10/4/1990,131,tropicana,9152,9.121727714,1,3.29,0.17065481,0.2713958,10.79353697,0.455995496,0.090100341,0.074656427,0.414841412,3.1597281919999998,0.625,1.49003586,0.38322678600000004
10/11/1990,131,tropicana,6272,8.743850562,0,3.29,0.17065481,0.2713958,10.79353697,0.455995496,0.090100341,0.074656427,0.414841412,3.1597281919999998,0.625,1.49003586,0.38322678600000004
10/18/1990,131,tropicana,4544,8.42156296,0,3.51,0.17065481,0.2713958,10.79353697,0.455995496,0.090100341,0.074656427,0.414841412,3.1597281919999998,0.625,1.49003586,0.38322678600000004
10/25/1990,131,tropicana,5632,8.636219898,0,3.51,0.17065481,0.2713958,10.79353697,0.455995496,0.090100341,0.074656427,0.414841412,3.1597281919999998,0.625,1.49003586,0.38322678600000004
11/1/1990,131,tropicana,5952,8.691482577,0,3.51,0.17065481,0.2713958,10.79353697,0.455995496,0.090100341,0.074656427,0.414841412,3.1597281919999998,0.625,1.49003586,0.38322678600000004
11/8/1990,131,tropicana,6400,8.764053269,0,3.51,0.17065481,0.2713958,10.79353697,0.455995496,0.090100341,0.074656427,0.414841412,3.1597281919999998,0.625,1.49003586,0.38322678600000004
11/15/1990,131,tropicana,7808,8.962904128,0,3.66,0.17065481,0.2713958,10.79353697,0.455995496,0.090100341,0.074656427,0.414841412,3.1597281919999998,0.625,1.49003586,0.38322678600000004
11/22/1990,131,tropicana,10944,9.30054664,0,2.99,0.17065481,0.2713958,10.79353697,0.455995496,0.090100341,0.074656427,0.414841412,3.1597281919999998,0.625,1.49003586,0.38322678600000004
