python-sdk/tutorials/automl-with-azureml/forecasting-pipelines/oj-train.csv
WeekStarting,Store,Brand,Quantity,logQuantity,Advert,Price,Age60,COLLEGE,INCOME,Hincome150,Large HH,Minorities,WorkingWoman,SSTRDIST,SSTRVOL,CPDIST5,CPWVOL5
10/4/1990,132,dominicks,13568,9.515469357999999,0,1.79,0.139617348,0.264528441,10.61915425,0.14887096800000002,0.129984231,0.273974204,0.352754754,2.312046161,1.5625,2.795615017,0.47833959600000003
10/11/1990,132,dominicks,3776,8.236420527,0,2.29,0.139617348,0.264528441,10.61915425,0.14887096800000002,0.129984231,0.273974204,0.352754754,2.312046161,1.5625,2.795615017,0.47833959600000003
10/18/1990,132,dominicks,150400,11.92105369,1,1.14,0.139617348,0.264528441,10.61915425,0.14887096800000002,0.129984231,0.273974204,0.352754754,2.312046161,1.5625,2.795615017,0.47833959600000003
10/25/1990,132,dominicks,1984,7.592870287999999,0,1.59,0.139617348,0.264528441,10.61915425,0.14887096800000002,0.129984231,0.273974204,0.352754754,2.312046161,1.5625,2.795615017,0.47833959600000003
11/1/1990,132,dominicks,61120,11.02059442,1,1.59,0.139617348,0.264528441,10.61915425,0.14887096800000002,0.129984231,0.273974204,0.352754754,2.312046161,1.5625,2.795615017,0.47833959600000003
11/8/1990,132,dominicks,60160,11.00476296,0,1.29,0.139617348,0.264528441,10.61915425,0.14887096800000002,0.129984231,0.273974204,0.352754754,2.312046161,1.5625,2.795615017,0.47833959600000003
11/15/1990,132,dominicks,35456,10.47604777,0,0.99,0.139617348,0.264528441,10.61915425,0.14887096800000002,0.129984231,0.273974204,0.352754754,2.312046161,1.5625,2.795615017,0.47833959600000003
11/22/1990,132,dominicks,35456,10.47604777,1,1.59,0.139617348,0.264528441,10.61915425,0.14887096800000002,0.129984231,0.273974204,0.352754754,2.312046161,1.5625,2.795615017,0.47833959600000003
10/4/1990,132,minute.maid,11840,9.379238908,0,2.62,0.139617348,0.264528441,10.61915425,0.14887096800000002,0.129984231,0.273974204,0.352754754,2.312046161,1.5625,2.795615017,0.47833959600000003
10/11/1990,132,minute.maid,50880,10.837225199999999,1,1.99,0.139617348,0.264528441,10.61915425,0.14887096800000002,0.129984231,0.273974204,0.352754754,2.312046161,1.5625,2.795615017,0.47833959600000003
10/18/1990,132,minute.maid,6272,8.743850562,0,2.4,0.139617348,0.264528441,10.61915425,0.14887096800000002,0.129984231,0.273974204,0.352754754,2.312046161,1.5625,2.795615017,0.47833959600000003
10/25/1990,132,minute.maid,4352,8.378390789,0,2.62,0.139617348,0.264528441,10.61915425,0.14887096800000002,0.129984231,0.273974204,0.352754754,2.312046161,1.5625,2.795615017,0.47833959600000003
11/1/1990,132,minute.maid,31808,10.36747311,1,1.99,0.139617348,0.264528441,10.61915425,0.14887096800000002,0.129984231,0.273974204,0.352754754,2.312046161,1.5625,2.795615017,0.47833959600000003
11/8/1990,132,minute.maid,5120,8.540909718,0,2.62,0.139617348,0.264528441,10.61915425,0.14887096800000002,0.129984231,0.273974204,0.352754754,2.312046161,1.5625,2.795615017,0.47833959600000003
11/15/1990,132,minute.maid,70784,11.16738827,1,1.99,0.139617348,0.264528441,10.61915425,0.14887096800000002,0.129984231,0.273974204,0.352754754,2.312046161,1.5625,2.795615017,0.47833959600000003
11/22/1990,132,minute.maid,13568,9.515469357999999,0,1.99,0.139617348,0.264528441,10.61915425,0.14887096800000002,0.129984231,0.273974204,0.352754754,2.312046161,1.5625,2.795615017,0.47833959600000003
10/4/1990,132,tropicana,8896,9.093357017,1,3.19,0.139617348,0.264528441,10.61915425,0.14887096800000002,0.129984231,0.273974204,0.352754754,2.312046161,1.5625,2.795615017,0.47833959600000003
10/11/1990,132,tropicana,6912,8.841014311,0,3.19,0.139617348,0.264528441,10.61915425,0.14887096800000002,0.129984231,0.273974204,0.352754754,2.312046161,1.5625,2.795615017,0.47833959600000003
10/18/1990,132,tropicana,8960,9.100525506,0,3.04,0.139617348,0.264528441,10.61915425,0.14887096800000002,0.129984231,0.273974204,0.352754754,2.312046161,1.5625,2.795615017,0.47833959600000003
10/25/1990,132,tropicana,7616,8.938006577000001,0,3.04,0.139617348,0.264528441,10.61915425,0.14887096800000002,0.129984231,0.273974204,0.352754754,2.312046161,1.5625,2.795615017,0.47833959600000003
11/1/1990,132,tropicana,5568,8.624791202,0,3.04,0.139617348,0.264528441,10.61915425,0.14887096800000002,0.129984231,0.273974204,0.352754754,2.312046161,1.5625,2.795615017,0.47833959600000003
11/8/1990,132,tropicana,4928,8.502688505,0,3.04,0.139617348,0.264528441,10.61915425,0.14887096800000002,0.129984231,0.273974204,0.352754754,2.312046161,1.5625,2.795615017,0.47833959600000003
11/15/1990,132,tropicana,7488,8.921057017999999,0,3.19,0.139617348,0.264528441,10.61915425,0.14887096800000002,0.129984231,0.273974204,0.352754754,2.312046161,1.5625,2.795615017,0.47833959600000003
11/22/1990,132,tropicana,10816,9.288781797999999,0,2.99,0.139617348,0.264528441,10.61915425,0.14887096800000002,0.129984231,0.273974204,0.352754754,2.312046161,1.5625,2.795615017,0.47833959600000003
